#
# There is insufficient memory for the Java Runtime Environment to continue.
# Native memory allocation (malloc) failed to allocate 262160 bytes. Error detail: Chunk::new
# Possible reasons:
#   The system is out of physical RAM or swap space
#   This process is running with CompressedOops enabled, and the Java Heap may be blocking the growth of the native heap
# Possible solutions:
#   Reduce memory load on the system
#   Increase physical memory or swap space
#   Check if swap backing store is full
#   Decrease Java heap size (-Xmx/-Xms)
#   Decrease number of Java threads
#   Decrease Java thread stack sizes (-Xss)
#   Set larger code cache with -XX:ReservedCodeCacheSize=
#   JVM is running with Unscaled Compressed Oops mode in which the Java heap is
#     placed in the first 4GB address space. The Java Heap base address is the
#     maximum limit for the native heap growth. Please use -XX:HeapBaseMinAddress
#     to set the Java Heap base and to place the Java Heap above 4GB virtual address.
# This output file may be truncated or incomplete.
#
#  Out of Memory Error (arena.cpp:168), pid=13724, tid=21100
#
# JRE version: OpenJDK Runtime Environment Temurin-21.0.11+10 (21.0.11+10) (build 21.0.11+10-LTS)
# Java VM: OpenJDK 64-Bit Server VM Temurin-21.0.11+10 (21.0.11+10-LTS, mixed mode, sharing, tiered, compressed oops, compressed class ptrs, g1 gc, windows-amd64)
# No core dump will be written. Minidumps are not enabled by default on client versions of Windows
#

---------------  S U M M A R Y ------------

Command Line: --add-modules=ALL-SYSTEM --add-opens=java.base/java.util=ALL-UNNAMED --add-opens=java.base/java.lang=ALL-UNNAMED --add-opens=java.base/sun.nio.fs=ALL-UNNAMED -Declipse.application=org.eclipse.jdt.ls.core.id1 -Dosgi.bundles.defaultStartLevel=4 -Declipse.product=org.eclipse.jdt.ls.core.product -Djava.import.generatesMetadataFilesAtProjectRoot=false -DDetectVMInstallationsJob.disabled=true -Dfile.encoding=utf8 -Xlog:disable -Xms128m -Xmx512m -XX:MaxMetaspaceSize=256m -javaagent:c:\Users\K.Dharunika\.vscode\extensions\redhat.java-1.55.0-win32-x64\lombok\lombok-1.18.39-4050.jar -XX:+HeapDumpOnOutOfMemoryError -XX:HeapDumpPath=c:\Users\K.Dharunika\AppData\Roaming\Code\User\workspaceStorage\5506443e8e7393d70c30ee31ca624cd7\redhat.java -Daether.dependencyCollector.impl=bf c:\Users\K.Dharunika\.vscode\extensions\redhat.java-1.55.0-win32-x64\server\plugins\org.eclipse.equinox.launcher_1.7.200.v20260619-2039.jar -configuration c:\Users\K.Dharunika\AppData\Roaming\Code\User\globalStorage\redhat.java\1.55.0\config_win -data c:\Users\K.Dharunika\AppData\Roaming\Code\User\workspaceStorage\5506443e8e7393d70c30ee31ca624cd7\redhat.java\jdt_ws --pipe=\\.\pipe\lsp-879474caff39a1626635bd12e1cad739-sock

Host: 12th Gen Intel(R) Core(TM) i5-12450H, 12 cores, 15G,  Windows 11 , 64 bit Build 26100 (10.0.26100.8521)
Time: Wed Jul  8 10:33:59 2026 India Standard Time elapsed time: 368.450553 seconds (0d 0h 6m 8s)

---------------  T H R E A D  ---------------

Current thread (0x000002b40d3cc190):  JavaThread "C2 CompilerThread1" daemon [_thread_in_native, id=21100, stack(0x000000cf00900000,0x000000cf00a00000) (1024K)]


Current CompileTask:
C2:368450 13098 %     4       org.lombokweb.asm.ClassReader::readCode @ 2037 (5117 bytes)

Stack: [0x000000cf00900000,0x000000cf00a00000]
Native frames: (J=compiled Java code, j=interpreted, Vv=VM code, C=native code)
V  [jvm.dll+0x6d7e19]
V  [jvm.dll+0x8b5096]
V  [jvm.dll+0x8b764e]
V  [jvm.dll+0x8b7d33]
V  [jvm.dll+0x284596]
V  [jvm.dll+0xc685d]
V  [jvm.dll+0xc6da1]
V  [jvm.dll+0x6fd382]
V  [jvm.dll+0x24b4d9]
V  [jvm.dll+0x1cb4ae]
V  [jvm.dll+0x25baad]
V  [jvm.dll+0x25a03a]
V  [jvm.dll+0x3f868e]
V  [jvm.dll+0x85fb0d]
V  [jvm.dll+0x6d664d]
C  [ucrtbase.dll+0x2cd30]
C  [KERNEL32.DLL+0x2e957]
C  [ntdll.dll+0x87c1c]


---------------  P R O C E S S  ---------------

Threads class SMR info:
_java_thread_list=0x000002b40027a320, length=57, elements={
0x000002b456c62110, 0x000002b46ca2e750, 0x000002b46ca311c0, 0x000002b46ca31c20,
0x000002b46ca32680, 0x000002b46ca350f0, 0x000002b46ca70090, 0x000002b46ca710a0,
0x000002b46ca71750, 0x000002b46cc11b80, 0x000002b46cc942c0, 0x000002b400104a20,
0x000002b47f675110, 0x000002b400096c60, 0x000002b47f74fc30, 0x000002b40045f310,
0x000002b4006fd650, 0x000002b400ea1630, 0x000002b400e98da0, 0x000002b400e99430,
0x000002b400e99ac0, 0x000002b400e9ae70, 0x000002b400e98710, 0x000002b400e9a150,
0x000002b400e9a7e0, 0x000002b402b699e0, 0x000002b402b6a070, 0x000002b402b67910,
0x000002b402b6a700, 0x000002b402b6ad90, 0x000002b402b67fa0, 0x000002b402b68630,
0x000002b402b68cc0, 0x000002b402b69350, 0x000002b402d27270, 0x000002b402d25830,
0x000002b402d27900, 0x000002b402d27f90, 0x000002b402d28cb0, 0x000002b402d2ad80,
0x000002b402d2a060, 0x000002b403e88d50, 0x000002b403e879a0, 0x000002b403e86c80,
0x000002b403e893e0, 0x000002b403e85f60, 0x000002b401a71a10, 0x000002b402482910,
0x000002b402486420, 0x000002b402483630, 0x000002b402482fa0, 0x000002b402486ab0,
0x000002b402487140, 0x000002b402483cc0, 0x000002b402484350, 0x000002b4024877d0,
0x000002b40d3cc190
}

Java Threads: ( => current thread )
  0x000002b456c62110 JavaThread "main"                              [_thread_blocked, id=12452, stack(0x000000cf7c800000,0x000000cf7c900000) (1024K)]
  0x000002b46ca2e750 JavaThread "Reference Handler"          daemon [_thread_blocked, id=27340, stack(0x000000cf7d000000,0x000000cf7d100000) (1024K)]
  0x000002b46ca311c0 JavaThread "Finalizer"                  daemon [_thread_blocked, id=6012, stack(0x000000cf7d100000,0x000000cf7d200000) (1024K)]
  0x000002b46ca31c20 JavaThread "Signal Dispatcher"          daemon [_thread_blocked, id=13548, stack(0x000000cf7d200000,0x000000cf7d300000) (1024K)]
  0x000002b46ca32680 JavaThread "Attach Listener"            daemon [_thread_blocked, id=27588, stack(0x000000cf7d300000,0x000000cf7d400000) (1024K)]
  0x000002b46ca350f0 JavaThread "Service Thread"             daemon [_thread_blocked, id=10344, stack(0x000000cf7d400000,0x000000cf7d500000) (1024K)]
  0x000002b46ca70090 JavaThread "Monitor Deflation Thread"   daemon [_thread_blocked, id=12836, stack(0x000000cf7d500000,0x000000cf7d600000) (1024K)]
  0x000002b46ca710a0 JavaThread "C2 CompilerThread0"         daemon [_thread_in_native, id=17500, stack(0x000000cf7d600000,0x000000cf7d700000) (1024K)]
  0x000002b46ca71750 JavaThread "C1 CompilerThread0"         daemon [_thread_blocked, id=21792, stack(0x000000cf7d700000,0x000000cf7d800000) (1024K)]
  0x000002b46cc11b80 JavaThread "Common-Cleaner"             daemon [_thread_blocked, id=24876, stack(0x000000cf7d800000,0x000000cf7d900000) (1024K)]
  0x000002b46cc942c0 JavaThread "Notification Thread"        daemon [_thread_blocked, id=21000, stack(0x000000cf7da00000,0x000000cf7db00000) (1024K)]
  0x000002b400104a20 JavaThread "Active Thread: Equinox Container: 198d2938-5dc0-47c2-9a68-44df80fd4d58"        [_thread_blocked, id=16752, stack(0x000000cf7e200000,0x000000cf7e300000) (1024K)]
  0x000002b47f675110 JavaThread "Refresh Thread: Equinox Container: 198d2938-5dc0-47c2-9a68-44df80fd4d58" daemon [_thread_blocked, id=12272, stack(0x000000cf7e300000,0x000000cf7e400000) (1024K)]
  0x000002b400096c60 JavaThread "Framework Event Dispatcher: Equinox Container: 198d2938-5dc0-47c2-9a68-44df80fd4d58" daemon [_thread_blocked, id=13364, stack(0x000000cf7e400000,0x000000cf7e500000) (1024K)]
  0x000002b47f74fc30 JavaThread "Start Level: Equinox Container: 198d2938-5dc0-47c2-9a68-44df80fd4d58" daemon [_thread_blocked, id=9384, stack(0x000000cf7e500000,0x000000cf7e600000) (1024K)]
  0x000002b40045f310 JavaThread "Bundle File Closer"         daemon [_thread_blocked, id=26984, stack(0x000000cf7e700000,0x000000cf7e800000) (1024K)]
  0x000002b4006fd650 JavaThread "SCR Component Actor"        daemon [_thread_blocked, id=18856, stack(0x000000cf7d900000,0x000000cf7da00000) (1024K)]
  0x000002b400ea1630 JavaThread "Worker-JM"                         [_thread_blocked, id=3000, stack(0x000000cf7e900000,0x000000cf7ea00000) (1024K)]
  0x000002b400e98da0 JavaThread "JNA Cleaner"                daemon [_thread_blocked, id=3508, stack(0x000000cf7ec00000,0x000000cf7ed00000) (1024K)]
  0x000002b400e99430 JavaThread "Worker-0"                          [_thread_blocked, id=11040, stack(0x000000cf7ed00000,0x000000cf7ee00000) (1024K)]
  0x000002b400e99ac0 JavaThread "Java indexing"              daemon [_thread_blocked, id=4588, stack(0x000000cf7f100000,0x000000cf7f200000) (1024K)]
  0x000002b400e9ae70 JavaThread "Worker-3"                          [_thread_blocked, id=25240, stack(0x000000cf7f500000,0x000000cf7f600000) (1024K)]
  0x000002b400e98710 JavaThread "Thread-1"                   daemon [_thread_in_native, id=21508, stack(0x000000cf7f600000,0x000000cf7f700000) (1024K)]
  0x000002b400e9a150 JavaThread "Thread-2"                   daemon [_thread_in_native, id=11720, stack(0x000000cf7f700000,0x000000cf7f800000) (1024K)]
  0x000002b400e9a7e0 JavaThread "Thread-3"                   daemon [_thread_in_native, id=24684, stack(0x000000cf7f800000,0x000000cf7f900000) (1024K)]
  0x000002b402b699e0 JavaThread "Thread-4"                   daemon [_thread_in_native, id=18052, stack(0x000000cf7f900000,0x000000cf7fa00000) (1024K)]
  0x000002b402b6a070 JavaThread "Thread-5"                   daemon [_thread_in_native, id=13264, stack(0x000000cf7fa00000,0x000000cf7fb00000) (1024K)]
  0x000002b402b67910 JavaThread "Thread-6"                   daemon [_thread_in_native, id=16804, stack(0x000000cf7fb00000,0x000000cf7fc00000) (1024K)]
  0x000002b402b6a700 JavaThread "Thread-7"                   daemon [_thread_in_native, id=13252, stack(0x000000cf7fc00000,0x000000cf7fd00000) (1024K)]
  0x000002b402b6ad90 JavaThread "Thread-8"                   daemon [_thread_in_native, id=18012, stack(0x000000cf7fd00000,0x000000cf7fe00000) (1024K)]
  0x000002b402b67fa0 JavaThread "Thread-9"                   daemon [_thread_in_native, id=5984, stack(0x000000cf7fe00000,0x000000cf7ff00000) (1024K)]
  0x000002b402b68630 JavaThread "Thread-10"                  daemon [_thread_in_native, id=20164, stack(0x000000cf7ff00000,0x000000cf80000000) (1024K)]
  0x000002b402b68cc0 JavaThread "Thread-11"                  daemon [_thread_in_native, id=27264, stack(0x000000cf00000000,0x000000cf00100000) (1024K)]
  0x000002b402b69350 JavaThread "Thread-12"                  daemon [_thread_in_native, id=24772, stack(0x000000cf00100000,0x000000cf00200000) (1024K)]
  0x000002b402d27270 JavaThread "Thread-13"                  daemon [_thread_in_native, id=22844, stack(0x000000cf00200000,0x000000cf00300000) (1024K)]
  0x000002b402d25830 JavaThread "pool-2-thread-1"                   [_thread_blocked, id=22500, stack(0x000000cf00300000,0x000000cf00400000) (1024K)]
  0x000002b402d27900 JavaThread "WorkspaceEventsHandler"            [_thread_blocked, id=4348, stack(0x000000cf00400000,0x000000cf00500000) (1024K)]
  0x000002b402d27f90 JavaThread "pool-1-thread-1"                   [_thread_blocked, id=18736, stack(0x000000cf00500000,0x000000cf00600000) (1024K)]
  0x000002b402d28cb0 JavaThread "PatternSearchJob-worker-1"  daemon [_thread_blocked, id=13336, stack(0x000000cf00700000,0x000000cf00800000) (1024K)]
  0x000002b402d2ad80 JavaThread "ForkJoinPool.commonPool-worker-4" daemon [_thread_blocked, id=21288, stack(0x000000cf00c00000,0x000000cf00d00000) (1024K)]
  0x000002b402d2a060 JavaThread "ForkJoinPool.commonPool-worker-7" daemon [_thread_in_vm, id=2976, stack(0x000000cf00f00000,0x000000cf01000000) (1024K)]
  0x000002b403e88d50 JavaThread "LocalFile Deleter"          daemon [_thread_blocked, id=11292, stack(0x000000cf01200000,0x000000cf01300000) (1024K)]
  0x000002b403e879a0 JavaThread "LocalFile Deleter"          daemon [_thread_blocked, id=200, stack(0x000000cf01400000,0x000000cf01500000) (1024K)]
  0x000002b403e86c80 JavaThread "LocalFile Deleter"          daemon [_thread_blocked, id=21472, stack(0x000000cf01600000,0x000000cf01700000) (1024K)]
  0x000002b403e893e0 JavaThread "LocalFile Deleter"          daemon [_thread_blocked, id=9388, stack(0x000000cf01700000,0x000000cf01800000) (1024K)]
  0x000002b403e85f60 JavaThread "LocalFile Deleter"          daemon [_thread_blocked, id=10888, stack(0x000000cf01800000,0x000000cf01900000) (1024K)]
  0x000002b401a71a10 JavaThread "Cleaner-0"                  daemon [_thread_blocked, id=18768, stack(0x000000cf02600000,0x000000cf02700000) (1024K)]
  0x000002b402482910 JavaThread "PatternSearchJob-worker-2"  daemon [_thread_blocked, id=27320, stack(0x000000cf03300000,0x000000cf03400000) (1024K)]
  0x000002b402486420 JavaThread "PatternSearchJob-worker-4"  daemon [_thread_blocked, id=27464, stack(0x000000cf03400000,0x000000cf03500000) (1024K)]
  0x000002b402483630 JavaThread "PatternSearchJob-worker-5"  daemon [_thread_blocked, id=18544, stack(0x000000cf03500000,0x000000cf03600000) (1024K)]
  0x000002b402482fa0 JavaThread "PatternSearchJob-worker-6"  daemon [_thread_blocked, id=15268, stack(0x000000cf03600000,0x000000cf03700000) (1024K)]
  0x000002b402486ab0 JavaThread "PatternSearchJob-worker-7"  daemon [_thread_blocked, id=18808, stack(0x000000cf03700000,0x000000cf03800000) (1024K)]
  0x000002b402487140 JavaThread "PatternSearchJob-worker-8"  daemon [_thread_blocked, id=1516, stack(0x000000cf03800000,0x000000cf03900000) (1024K)]
  0x000002b402483cc0 JavaThread "PatternSearchJob-worker-9"  daemon [_thread_blocked, id=20780, stack(0x000000cf03900000,0x000000cf03a00000) (1024K)]
  0x000002b402484350 JavaThread "PatternSearchJob-worker-10" daemon [_thread_blocked, id=6220, stack(0x000000cf03a00000,0x000000cf03b00000) (1024K)]
  0x000002b4024877d0 JavaThread "PatternSearchJob-worker-11" daemon [_thread_blocked, id=17292, stack(0x000000cf03b00000,0x000000cf03c00000) (1024K)]
=>0x000002b40d3cc190 JavaThread "C2 CompilerThread1"         daemon [_thread_in_native, id=21100, stack(0x000000cf00900000,0x000000cf00a00000) (1024K)]
Total: 57

Other Threads:
  0x000002b46ca0c930 VMThread "VM Thread"                           [id=6072, stack(0x000000cf7cf00000,0x000000cf7d000000) (1024K)]
  0x000002b46c9fb650 WatcherThread "VM Periodic Task Thread"        [id=20960, stack(0x000000cf7ce00000,0x000000cf7cf00000) (1024K)]
  0x000002b456c949c0 WorkerThread "GC Thread#0"                     [id=12832, stack(0x000000cf7c900000,0x000000cf7ca00000) (1024K)]
  0x000002b47f1e9ac0 WorkerThread "GC Thread#1"                     [id=22772, stack(0x000000cf7dc00000,0x000000cf7dd00000) (1024K)]
  0x000002b47f1e9e70 WorkerThread "GC Thread#2"                     [id=11564, stack(0x000000cf7dd00000,0x000000cf7de00000) (1024K)]
  0x000002b47f7f8090 WorkerThread "GC Thread#3"                     [id=24060, stack(0x000000cf7de00000,0x000000cf7df00000) (1024K)]
  0x000002b47f1ea830 WorkerThread "GC Thread#4"                     [id=26868, stack(0x000000cf7df00000,0x000000cf7e000000) (1024K)]
  0x000002b47f6c5540 WorkerThread "GC Thread#5"                     [id=21228, stack(0x000000cf7e000000,0x000000cf7e100000) (1024K)]
  0x000002b47f46c1a0 WorkerThread "GC Thread#6"                     [id=2856, stack(0x000000cf7e100000,0x000000cf7e200000) (1024K)]
  0x000002b47f66b150 WorkerThread "GC Thread#7"                     [id=3264, stack(0x000000cf7e600000,0x000000cf7e700000) (1024K)]
  0x000002b47f66c3c0 WorkerThread "GC Thread#8"                     [id=996, stack(0x000000cf7ea00000,0x000000cf7eb00000) (1024K)]
  0x000002b47f66bc60 WorkerThread "GC Thread#9"                     [id=27328, stack(0x000000cf7eb00000,0x000000cf7ec00000) (1024K)]
  0x000002b456c998c0 ConcurrentGCThread "G1 Main Marker"            [id=13244, stack(0x000000cf7ca00000,0x000000cf7cb00000) (1024K)]
  0x000002b456c9c1f0 WorkerThread "G1 Conc#0"                       [id=22540, stack(0x000000cf7cb00000,0x000000cf7cc00000) (1024K)]
  0x000002b47f66c770 WorkerThread "G1 Conc#1"                       [id=23804, stack(0x000000cf7ef00000,0x000000cf7f000000) (1024K)]
  0x000002b47f66ada0 WorkerThread "G1 Conc#2"                       [id=760, stack(0x000000cf7f000000,0x000000cf7f100000) (1024K)]
  0x000002b46c8c3520 ConcurrentGCThread "G1 Refine#0"               [id=25152, stack(0x000000cf7cc00000,0x000000cf7cd00000) (1024K)]
  0x000002b46c8c5d60 ConcurrentGCThread "G1 Service"                [id=21252, stack(0x000000cf7cd00000,0x000000cf7ce00000) (1024K)]
Total: 18

Threads with active compile tasks:
C2 CompilerThread0  369481 13094       4       org.eclipse.jdt.internal.compiler.classfmt.ModuleInfo::readModuleAttribute (1166 bytes)
C2 CompilerThread1  369481 13098 %     4       org.lombokweb.asm.ClassReader::readCode @ 2037 (5117 bytes)
Total: 2

VM state: not at safepoint (normal execution)

VM Mutex/Monitor currently owned by a thread: None

Heap address: 0x00000000e0000000, size: 512 MB, Compressed Oops mode: 32-bit

CDS archive(s) mapped at: [0x000002b46d000000-0x000002b46dba0000-0x000002b46dba0000), size 12189696, SharedBaseAddress: 0x000002b46d000000, ArchiveRelocationMode: 1.
Compressed class space mapped at: 0x000002b46e000000-0x000002b47b000000, reserved size: 218103808
Narrow klass base: 0x000002b46d000000, Narrow klass shift: 0, Narrow klass range: 0x100000000

GC Precious Log:
 CardTable entry size: 512
 Card Set container configuration: InlinePtr #cards 5 size 8 Array Of Cards #cards 12 size 40 Howl #buckets 4 coarsen threshold 1843 Howl Bitmap #cards 512 size 80 coarsen threshold 460 Card regions per heap region 1 cards per card region 2048
 CPUs: 12 total, 12 available
 Memory: 16024M
 Large Page Support: Disabled
 NUMA Support: Disabled
 Compressed Oops: Enabled (32-bit)
 Heap Region Size: 1M
 Heap Min Capacity: 128M
 Heap Initial Capacity: 128M
 Heap Max Capacity: 512M
 Pre-touch: Disabled
 Parallel Workers: 10
 Concurrent Workers: 3
 Concurrent Refinement Workers: 10
 Periodic GC: Disabled

Heap:
 garbage-first heap   total 150528K, used 88863K [0x00000000e0000000, 0x0000000100000000)
  region size 1024K, 19 young (19456K), 7 survivors (7168K)
 Metaspace       used 71833K, committed 73536K, reserved 344064K
  class space    used 7492K, committed 8256K, reserved 212992K

Heap Regions: E=young(eden), S=young(survivor), O=old, HS=humongous(starts), HC=humongous(continues), CS=collection set, F=free, TAMS=top-at-mark-start, PB=parsable bottom
|   0|0x00000000e0000000, 0x00000000e0100000, 0x00000000e0100000|100%| O|  |TAMS 0x00000000e0000000| PB 0x00000000e0000000| Untracked 
|   1|0x00000000e0100000, 0x00000000e0200000, 0x00000000e0200000|100%| O|  |TAMS 0x00000000e0100000| PB 0x00000000e0100000| Untracked 
|   2|0x00000000e0200000, 0x00000000e0300000, 0x00000000e0300000|100%| O|  |TAMS 0x00000000e0200000| PB 0x00000000e0200000| Untracked 
|   3|0x00000000e0300000, 0x00000000e0400000, 0x00000000e0400000|100%| O|  |TAMS 0x00000000e0300000| PB 0x00000000e0300000| Untracked 
|   4|0x00000000e0400000, 0x00000000e0500000, 0x00000000e0500000|100%| O|  |TAMS 0x00000000e0400000| PB 0x00000000e0400000| Untracked 
|   5|0x00000000e0500000, 0x00000000e0600000, 0x00000000e0600000|100%| O|  |TAMS 0x00000000e0500000| PB 0x00000000e0500000| Untracked 
|   6|0x00000000e0600000, 0x00000000e0700000, 0x00000000e0700000|100%| O|  |TAMS 0x00000000e0600000| PB 0x00000000e0600000| Untracked 
|   7|0x00000000e0700000, 0x00000000e0800000, 0x00000000e0800000|100%| O|  |TAMS 0x00000000e0700000| PB 0x00000000e0700000| Untracked 
|   8|0x00000000e0800000, 0x00000000e0900000, 0x00000000e0900000|100%| O|  |TAMS 0x00000000e0800000| PB 0x00000000e0800000| Untracked 
|   9|0x00000000e0900000, 0x00000000e0a00000, 0x00000000e0a00000|100%| O|  |TAMS 0x00000000e0900000| PB 0x00000000e0900000| Untracked 
|  10|0x00000000e0a00000, 0x00000000e0b00000, 0x00000000e0b00000|100%| O|  |TAMS 0x00000000e0a00000| PB 0x00000000e0a00000| Untracked 
|  11|0x00000000e0b00000, 0x00000000e0c00000, 0x00000000e0c00000|100%| O|  |TAMS 0x00000000e0b00000| PB 0x00000000e0b00000| Untracked 
|  12|0x00000000e0c00000, 0x00000000e0d00000, 0x00000000e0d00000|100%|HS|  |TAMS 0x00000000e0c00000| PB 0x00000000e0c00000| Complete 
|  13|0x00000000e0d00000, 0x00000000e0e00000, 0x00000000e0e00000|100%|HS|  |TAMS 0x00000000e0d00000| PB 0x00000000e0d00000| Complete 
|  14|0x00000000e0e00000, 0x00000000e0f00000, 0x00000000e0f00000|100%| O|  |TAMS 0x00000000e0e00000| PB 0x00000000e0e00000| Untracked 
|  15|0x00000000e0f00000, 0x00000000e1000000, 0x00000000e1000000|100%| O|  |TAMS 0x00000000e0f00000| PB 0x00000000e0f00000| Untracked 
|  16|0x00000000e1000000, 0x00000000e1100000, 0x00000000e1100000|100%| O|  |TAMS 0x00000000e1000000| PB 0x00000000e1000000| Untracked 
|  17|0x00000000e1100000, 0x00000000e1200000, 0x00000000e1200000|100%| O|  |TAMS 0x00000000e1100000| PB 0x00000000e1100000| Untracked 
|  18|0x00000000e1200000, 0x00000000e1300000, 0x00000000e1300000|100%| O|  |TAMS 0x00000000e1200000| PB 0x00000000e1200000| Untracked 
|  19|0x00000000e1300000, 0x00000000e1400000, 0x00000000e1400000|100%| O|  |TAMS 0x00000000e1300000| PB 0x00000000e1300000| Untracked 
|  20|0x00000000e1400000, 0x00000000e1500000, 0x00000000e1500000|100%| O|  |TAMS 0x00000000e1400000| PB 0x00000000e1400000| Untracked 
|  21|0x00000000e1500000, 0x00000000e1600000, 0x00000000e1600000|100%| O|  |TAMS 0x00000000e1500000| PB 0x00000000e1500000| Untracked 
|  22|0x00000000e1600000, 0x00000000e1700000, 0x00000000e1700000|100%| O|  |TAMS 0x00000000e1600000| PB 0x00000000e1600000| Untracked 
|  23|0x00000000e1700000, 0x00000000e1700000, 0x00000000e1800000|  0%| F|  |TAMS 0x00000000e1700000| PB 0x00000000e1700000| Untracked 
|  24|0x00000000e1800000, 0x00000000e1900000, 0x00000000e1900000|100%| O|  |TAMS 0x00000000e1800000| PB 0x00000000e1800000| Untracked 
|  25|0x00000000e1900000, 0x00000000e1a00000, 0x00000000e1a00000|100%| O|  |TAMS 0x00000000e1900000| PB 0x00000000e1900000| Untracked 
|  26|0x00000000e1a00000, 0x00000000e1b00000, 0x00000000e1b00000|100%| O|  |TAMS 0x00000000e1a00000| PB 0x00000000e1a00000| Untracked 
|  27|0x00000000e1b00000, 0x00000000e1c00000, 0x00000000e1c00000|100%| O|  |TAMS 0x00000000e1b00000| PB 0x00000000e1b00000| Untracked 
|  28|0x00000000e1c00000, 0x00000000e1d00000, 0x00000000e1d00000|100%| O|  |TAMS 0x00000000e1c00000| PB 0x00000000e1c00000| Untracked 
|  29|0x00000000e1d00000, 0x00000000e1e00000, 0x00000000e1e00000|100%| O|  |TAMS 0x00000000e1d00000| PB 0x00000000e1d00000| Untracked 
|  30|0x00000000e1e00000, 0x00000000e1f00000, 0x00000000e1f00000|100%| O|  |TAMS 0x00000000e1e00000| PB 0x00000000e1e00000| Untracked 
|  31|0x00000000e1f00000, 0x00000000e2000000, 0x00000000e2000000|100%| O|  |TAMS 0x00000000e1f00000| PB 0x00000000e1f00000| Untracked 
|  32|0x00000000e2000000, 0x00000000e2100000, 0x00000000e2100000|100%| O|  |TAMS 0x00000000e2000000| PB 0x00000000e2000000| Untracked 
|  33|0x00000000e2100000, 0x00000000e2200000, 0x00000000e2200000|100%| O|  |TAMS 0x00000000e2100000| PB 0x00000000e2100000| Untracked 
|  34|0x00000000e2200000, 0x00000000e2300000, 0x00000000e2300000|100%| O|  |TAMS 0x00000000e2200000| PB 0x00000000e2200000| Untracked 
|  35|0x00000000e2300000, 0x00000000e2400000, 0x00000000e2400000|100%| O|  |TAMS 0x00000000e2300000| PB 0x00000000e2300000| Untracked 
|  36|0x00000000e2400000, 0x00000000e2400000, 0x00000000e2500000|  0%| F|  |TAMS 0x00000000e2400000| PB 0x00000000e2400000| Untracked 
|  37|0x00000000e2500000, 0x00000000e2600000, 0x00000000e2600000|100%| O|  |TAMS 0x00000000e2500000| PB 0x00000000e2500000| Untracked 
|  38|0x00000000e2600000, 0x00000000e2700000, 0x00000000e2700000|100%| O|  |TAMS 0x00000000e2600000| PB 0x00000000e2600000| Untracked 
|  39|0x00000000e2700000, 0x00000000e2800000, 0x00000000e2800000|100%| O|  |TAMS 0x00000000e2700000| PB 0x00000000e2700000| Untracked 
|  40|0x00000000e2800000, 0x00000000e2900000, 0x00000000e2900000|100%| O|  |TAMS 0x00000000e2800000| PB 0x00000000e2800000| Untracked 
|  41|0x00000000e2900000, 0x00000000e2a00000, 0x00000000e2a00000|100%| O|  |TAMS 0x00000000e2900000| PB 0x00000000e2900000| Untracked 
|  42|0x00000000e2a00000, 0x00000000e2a00000, 0x00000000e2b00000|  0%| F|  |TAMS 0x00000000e2a00000| PB 0x00000000e2a00000| Untracked 
|  43|0x00000000e2b00000, 0x00000000e2b00000, 0x00000000e2c00000|  0%| F|  |TAMS 0x00000000e2b00000| PB 0x00000000e2b00000| Untracked 
|  44|0x00000000e2c00000, 0x00000000e2c00000, 0x00000000e2d00000|  0%| F|  |TAMS 0x00000000e2c00000| PB 0x00000000e2c00000| Untracked 
|  45|0x00000000e2d00000, 0x00000000e2e00000, 0x00000000e2e00000|100%| O|  |TAMS 0x00000000e2d00000| PB 0x00000000e2d00000| Untracked 
|  46|0x00000000e2e00000, 0x00000000e2f00000, 0x00000000e2f00000|100%| O|  |TAMS 0x00000000e2e00000| PB 0x00000000e2e00000| Untracked 
|  47|0x00000000e2f00000, 0x00000000e3000000, 0x00000000e3000000|100%| O|  |TAMS 0x00000000e2f00000| PB 0x00000000e2f00000| Untracked 
|  48|0x00000000e3000000, 0x00000000e3000000, 0x00000000e3100000|  0%| F|  |TAMS 0x00000000e3000000| PB 0x00000000e3000000| Untracked 
|  49|0x00000000e3100000, 0x00000000e3200000, 0x00000000e3200000|100%|HS|  |TAMS 0x00000000e3100000| PB 0x00000000e3100000| Complete 
|  50|0x00000000e3200000, 0x00000000e3200000, 0x00000000e3300000|  0%| F|  |TAMS 0x00000000e3200000| PB 0x00000000e3200000| Untracked 
|  51|0x00000000e3300000, 0x00000000e3400000, 0x00000000e3400000|100%| O|  |TAMS 0x00000000e3300000| PB 0x00000000e3300000| Untracked 
|  52|0x00000000e3400000, 0x00000000e3400000, 0x00000000e3500000|  0%| F|  |TAMS 0x00000000e3400000| PB 0x00000000e3400000| Untracked 
|  53|0x00000000e3500000, 0x00000000e3600000, 0x00000000e3600000|100%| O|  |TAMS 0x00000000e3500000| PB 0x00000000e3500000| Untracked 
|  54|0x00000000e3600000, 0x00000000e3600000, 0x00000000e3700000|  0%| F|  |TAMS 0x00000000e3600000| PB 0x00000000e3600000| Untracked 
|  55|0x00000000e3700000, 0x00000000e3700000, 0x00000000e3800000|  0%| F|  |TAMS 0x00000000e3700000| PB 0x00000000e3700000| Untracked 
|  56|0x00000000e3800000, 0x00000000e3900000, 0x00000000e3900000|100%| O|  |TAMS 0x00000000e3800000| PB 0x00000000e3800000| Untracked 
|  57|0x00000000e3900000, 0x00000000e3a00000, 0x00000000e3a00000|100%| O|  |TAMS 0x00000000e3900000| PB 0x00000000e3900000| Untracked 
|  58|0x00000000e3a00000, 0x00000000e3b00000, 0x00000000e3b00000|100%| O|  |TAMS 0x00000000e3a00000| PB 0x00000000e3a00000| Untracked 
|  59|0x00000000e3b00000, 0x00000000e3c00000, 0x00000000e3c00000|100%| O|  |TAMS 0x00000000e3b00000| PB 0x00000000e3b00000| Untracked 
|  60|0x00000000e3c00000, 0x00000000e3c00000, 0x00000000e3d00000|  0%| F|  |TAMS 0x00000000e3c00000| PB 0x00000000e3c00000| Untracked 
|  61|0x00000000e3d00000, 0x00000000e3e00000, 0x00000000e3e00000|100%| O|  |TAMS 0x00000000e3d00000| PB 0x00000000e3d00000| Untracked 
|  62|0x00000000e3e00000, 0x00000000e3f00000, 0x00000000e3f00000|100%| O|  |TAMS 0x00000000e3e00000| PB 0x00000000e3e00000| Untracked 
|  63|0x00000000e3f00000, 0x00000000e4000000, 0x00000000e4000000|100%| O|  |TAMS 0x00000000e3f00000| PB 0x00000000e3f00000| Untracked 
|  64|0x00000000e4000000, 0x00000000e4000000, 0x00000000e4100000|  0%| F|  |TAMS 0x00000000e4000000| PB 0x00000000e4000000| Untracked 
|  65|0x00000000e4100000, 0x00000000e4200000, 0x00000000e4200000|100%| O|  |TAMS 0x00000000e4100000| PB 0x00000000e4100000| Untracked 
|  66|0x00000000e4200000, 0x00000000e4300000, 0x00000000e4300000|100%| O|  |TAMS 0x00000000e4200000| PB 0x00000000e4200000| Untracked 
|  67|0x00000000e4300000, 0x00000000e4400000, 0x00000000e4400000|100%| O|  |TAMS 0x00000000e4300000| PB 0x00000000e4300000| Untracked 
|  68|0x00000000e4400000, 0x00000000e4500000, 0x00000000e4500000|100%| O|  |TAMS 0x00000000e4400000| PB 0x00000000e4400000| Untracked 
|  69|0x00000000e4500000, 0x00000000e4600000, 0x00000000e4600000|100%| O|  |TAMS 0x00000000e4500000| PB 0x00000000e4500000| Untracked 
|  70|0x00000000e4600000, 0x00000000e4600000, 0x00000000e4700000|  0%| F|  |TAMS 0x00000000e4600000| PB 0x00000000e4600000| Untracked 
|  71|0x00000000e4700000, 0x00000000e4800000, 0x00000000e4800000|100%| O|  |TAMS 0x00000000e4700000| PB 0x00000000e4700000| Untracked 
|  72|0x00000000e4800000, 0x00000000e4900000, 0x00000000e4900000|100%| O|  |TAMS 0x00000000e4800000| PB 0x00000000e4800000| Untracked 
|  73|0x00000000e4900000, 0x00000000e4900000, 0x00000000e4a00000|  0%| F|  |TAMS 0x00000000e4900000| PB 0x00000000e4900000| Untracked 
|  74|0x00000000e4a00000, 0x00000000e4a00000, 0x00000000e4b00000|  0%| F|  |TAMS 0x00000000e4a00000| PB 0x00000000e4a00000| Untracked 
|  75|0x00000000e4b00000, 0x00000000e4c00000, 0x00000000e4c00000|100%| O|  |TAMS 0x00000000e4b00000| PB 0x00000000e4b00000| Untracked 
|  76|0x00000000e4c00000, 0x00000000e4c00000, 0x00000000e4d00000|  0%| F|  |TAMS 0x00000000e4c00000| PB 0x00000000e4c00000| Untracked 
|  77|0x00000000e4d00000, 0x00000000e4d00000, 0x00000000e4e00000|  0%| F|  |TAMS 0x00000000e4d00000| PB 0x00000000e4d00000| Untracked 
|  78|0x00000000e4e00000, 0x00000000e4e00000, 0x00000000e4f00000|  0%| F|  |TAMS 0x00000000e4e00000| PB 0x00000000e4e00000| Untracked 
|  79|0x00000000e4f00000, 0x00000000e4f00000, 0x00000000e5000000|  0%| F|  |TAMS 0x00000000e4f00000| PB 0x00000000e4f00000| Untracked 
|  80|0x00000000e5000000, 0x00000000e5000000, 0x00000000e5100000|  0%| F|  |TAMS 0x00000000e5000000| PB 0x00000000e5000000| Untracked 
|  81|0x00000000e5100000, 0x00000000e5100000, 0x00000000e5200000|  0%| F|  |TAMS 0x00000000e5100000| PB 0x00000000e5100000| Untracked 
|  82|0x00000000e5200000, 0x00000000e5300000, 0x00000000e5300000|100%| O|  |TAMS 0x00000000e5200000| PB 0x00000000e5200000| Untracked 
|  83|0x00000000e5300000, 0x00000000e5400000, 0x00000000e5400000|100%| O|  |TAMS 0x00000000e5300000| PB 0x00000000e5300000| Untracked 
|  84|0x00000000e5400000, 0x00000000e5500000, 0x00000000e5500000|100%| O|  |TAMS 0x00000000e5400000| PB 0x00000000e5400000| Untracked 
|  85|0x00000000e5500000, 0x00000000e5600000, 0x00000000e5600000|100%| S|CS|TAMS 0x00000000e5500000| PB 0x00000000e5500000| Complete 
|  86|0x00000000e5600000, 0x00000000e5700000, 0x00000000e5700000|100%| S|CS|TAMS 0x00000000e5600000| PB 0x00000000e5600000| Complete 
|  87|0x00000000e5700000, 0x00000000e5700000, 0x00000000e5800000|  0%| F|  |TAMS 0x00000000e5700000| PB 0x00000000e5700000| Untracked 
|  88|0x00000000e5800000, 0x00000000e5800000, 0x00000000e5900000|  0%| F|  |TAMS 0x00000000e5800000| PB 0x00000000e5800000| Untracked 
|  89|0x00000000e5900000, 0x00000000e5900000, 0x00000000e5a00000|  0%| F|  |TAMS 0x00000000e5900000| PB 0x00000000e5900000| Untracked 
|  90|0x00000000e5a00000, 0x00000000e5a00000, 0x00000000e5b00000|  0%| F|  |TAMS 0x00000000e5a00000| PB 0x00000000e5a00000| Untracked 
|  91|0x00000000e5b00000, 0x00000000e5b00000, 0x00000000e5c00000|  0%| F|  |TAMS 0x00000000e5b00000| PB 0x00000000e5b00000| Untracked 
|  92|0x00000000e5c00000, 0x00000000e5c00000, 0x00000000e5d00000|  0%| F|  |TAMS 0x00000000e5c00000| PB 0x00000000e5c00000| Untracked 
|  93|0x00000000e5d00000, 0x00000000e5d00000, 0x00000000e5e00000|  0%| F|  |TAMS 0x00000000e5d00000| PB 0x00000000e5d00000| Untracked 
|  94|0x00000000e5e00000, 0x00000000e5e00000, 0x00000000e5f00000|  0%| F|  |TAMS 0x00000000e5e00000| PB 0x00000000e5e00000| Untracked 
|  95|0x00000000e5f00000, 0x00000000e5f00000, 0x00000000e6000000|  0%| F|  |TAMS 0x00000000e5f00000| PB 0x00000000e5f00000| Untracked 
|  96|0x00000000e6000000, 0x00000000e6000000, 0x00000000e6100000|  0%| F|  |TAMS 0x00000000e6000000| PB 0x00000000e6000000| Untracked 
|  97|0x00000000e6100000, 0x00000000e6100000, 0x00000000e6200000|  0%| F|  |TAMS 0x00000000e6100000| PB 0x00000000e6100000| Untracked 
|  98|0x00000000e6200000, 0x00000000e6200000, 0x00000000e6300000|  0%| F|  |TAMS 0x00000000e6200000| PB 0x00000000e6200000| Untracked 
|  99|0x00000000e6300000, 0x00000000e6300000, 0x00000000e6400000|  0%| F|  |TAMS 0x00000000e6300000| PB 0x00000000e6300000| Untracked 
| 100|0x00000000e6400000, 0x00000000e6400000, 0x00000000e6500000|  0%| F|  |TAMS 0x00000000e6400000| PB 0x00000000e6400000| Untracked 
| 101|0x00000000e6500000, 0x00000000e6500000, 0x00000000e6600000|  0%| F|  |TAMS 0x00000000e6500000| PB 0x00000000e6500000| Untracked 
| 102|0x00000000e6600000, 0x00000000e6600000, 0x00000000e6700000|  0%| F|  |TAMS 0x00000000e6600000| PB 0x00000000e6600000| Untracked 
| 103|0x00000000e6700000, 0x00000000e6700000, 0x00000000e6800000|  0%| F|  |TAMS 0x00000000e6700000| PB 0x00000000e6700000| Untracked 
| 104|0x00000000e6800000, 0x00000000e6800000, 0x00000000e6900000|  0%| F|  |TAMS 0x00000000e6800000| PB 0x00000000e6800000| Untracked 
| 105|0x00000000e6900000, 0x00000000e6900000, 0x00000000e6a00000|  0%| F|  |TAMS 0x00000000e6900000| PB 0x00000000e6900000| Untracked 
| 106|0x00000000e6a00000, 0x00000000e6a00000, 0x00000000e6b00000|  0%| F|  |TAMS 0x00000000e6a00000| PB 0x00000000e6a00000| Untracked 
| 107|0x00000000e6b00000, 0x00000000e6b00000, 0x00000000e6c00000|  0%| F|  |TAMS 0x00000000e6b00000| PB 0x00000000e6b00000| Untracked 
| 108|0x00000000e6c00000, 0x00000000e6c00000, 0x00000000e6d00000|  0%| F|  |TAMS 0x00000000e6c00000| PB 0x00000000e6c00000| Untracked 
| 109|0x00000000e6d00000, 0x00000000e6d00000, 0x00000000e6e00000|  0%| F|  |TAMS 0x00000000e6d00000| PB 0x00000000e6d00000| Untracked 
| 110|0x00000000e6e00000, 0x00000000e6e00000, 0x00000000e6f00000|  0%| F|  |TAMS 0x00000000e6e00000| PB 0x00000000e6e00000| Untracked 
| 111|0x00000000e6f00000, 0x00000000e6f00000, 0x00000000e7000000|  0%| F|  |TAMS 0x00000000e6f00000| PB 0x00000000e6f00000| Untracked 
| 112|0x00000000e7000000, 0x00000000e7000000, 0x00000000e7100000|  0%| F|  |TAMS 0x00000000e7000000| PB 0x00000000e7000000| Untracked 
| 113|0x00000000e7100000, 0x00000000e7100000, 0x00000000e7200000|  0%| F|  |TAMS 0x00000000e7100000| PB 0x00000000e7100000| Untracked 
| 114|0x00000000e7200000, 0x00000000e7200000, 0x00000000e7300000|  0%| F|  |TAMS 0x00000000e7200000| PB 0x00000000e7200000| Untracked 
| 115|0x00000000e7300000, 0x00000000e7300000, 0x00000000e7400000|  0%| F|  |TAMS 0x00000000e7300000| PB 0x00000000e7300000| Untracked 
| 116|0x00000000e7400000, 0x00000000e7400000, 0x00000000e7500000|  0%| F|  |TAMS 0x00000000e7400000| PB 0x00000000e7400000| Untracked 
| 117|0x00000000e7500000, 0x00000000e7500000, 0x00000000e7600000|  0%| F|  |TAMS 0x00000000e7500000| PB 0x00000000e7500000| Untracked 
| 118|0x00000000e7600000, 0x00000000e7600000, 0x00000000e7700000|  0%| F|  |TAMS 0x00000000e7600000| PB 0x00000000e7600000| Untracked 
| 119|0x00000000e7700000, 0x00000000e7700000, 0x00000000e7800000|  0%| F|  |TAMS 0x00000000e7700000| PB 0x00000000e7700000| Untracked 
| 120|0x00000000e7800000, 0x00000000e7800000, 0x00000000e7900000|  0%| F|  |TAMS 0x00000000e7800000| PB 0x00000000e7800000| Untracked 
| 121|0x00000000e7900000, 0x00000000e7900000, 0x00000000e7a00000|  0%| F|  |TAMS 0x00000000e7900000| PB 0x00000000e7900000| Untracked 
| 122|0x00000000e7a00000, 0x00000000e7a00000, 0x00000000e7b00000|  0%| F|  |TAMS 0x00000000e7a00000| PB 0x00000000e7a00000| Untracked 
| 123|0x00000000e7b00000, 0x00000000e7b00000, 0x00000000e7c00000|  0%| F|  |TAMS 0x00000000e7b00000| PB 0x00000000e7b00000| Untracked 
| 124|0x00000000e7c00000, 0x00000000e7ca3c78, 0x00000000e7d00000| 63%| E|  |TAMS 0x00000000e7c00000| PB 0x00000000e7c00000| Complete 
| 125|0x00000000e7d00000, 0x00000000e7e00000, 0x00000000e7e00000|100%| E|CS|TAMS 0x00000000e7d00000| PB 0x00000000e7d00000| Complete 
| 126|0x00000000e7e00000, 0x00000000e7f00000, 0x00000000e7f00000|100%| E|CS|TAMS 0x00000000e7e00000| PB 0x00000000e7e00000| Complete 
| 127|0x00000000e7f00000, 0x00000000e8000000, 0x00000000e8000000|100%| E|  |TAMS 0x00000000e7f00000| PB 0x00000000e7f00000| Complete 
| 128|0x00000000e8000000, 0x00000000e8100000, 0x00000000e8100000|100%| E|CS|TAMS 0x00000000e8000000| PB 0x00000000e8000000| Complete 
| 129|0x00000000e8100000, 0x00000000e8200000, 0x00000000e8200000|100%| E|CS|TAMS 0x00000000e8100000| PB 0x00000000e8100000| Complete 
| 130|0x00000000e8200000, 0x00000000e8300000, 0x00000000e8300000|100%| E|CS|TAMS 0x00000000e8200000| PB 0x00000000e8200000| Complete 
| 131|0x00000000e8300000, 0x00000000e8400000, 0x00000000e8400000|100%| E|CS|TAMS 0x00000000e8300000| PB 0x00000000e8300000| Complete 
| 132|0x00000000e8400000, 0x00000000e8500000, 0x00000000e8500000|100%| E|CS|TAMS 0x00000000e8400000| PB 0x00000000e8400000| Complete 
| 133|0x00000000e8500000, 0x00000000e8600000, 0x00000000e8600000|100%| E|CS|TAMS 0x00000000e8500000| PB 0x00000000e8500000| Complete 
| 134|0x00000000e8600000, 0x00000000e8700000, 0x00000000e8700000|100%| E|CS|TAMS 0x00000000e8600000| PB 0x00000000e8600000| Complete 
| 135|0x00000000e8700000, 0x00000000e8800000, 0x00000000e8800000|100%| S|CS|TAMS 0x00000000e8700000| PB 0x00000000e8700000| Complete 
| 136|0x00000000e8800000, 0x00000000e8900000, 0x00000000e8900000|100%| S|CS|TAMS 0x00000000e8800000| PB 0x00000000e8800000| Complete 
| 137|0x00000000e8900000, 0x00000000e8a00000, 0x00000000e8a00000|100%| S|CS|TAMS 0x00000000e8900000| PB 0x00000000e8900000| Complete 
| 138|0x00000000e8a00000, 0x00000000e8b00000, 0x00000000e8b00000|100%| S|CS|TAMS 0x00000000e8a00000| PB 0x00000000e8a00000| Complete 
| 139|0x00000000e8b00000, 0x00000000e8c00000, 0x00000000e8c00000|100%| S|CS|TAMS 0x00000000e8b00000| PB 0x00000000e8b00000| Complete 
| 505|0x00000000ff900000, 0x00000000ff9c7f00, 0x00000000ffa00000| 78%| O|  |TAMS 0x00000000ff900000| PB 0x00000000ff900000| Untracked 
| 506|0x00000000ffa00000, 0x00000000ffb00000, 0x00000000ffb00000|100%| O|  |TAMS 0x00000000ffa00000| PB 0x00000000ffa00000| Untracked 
| 507|0x00000000ffb00000, 0x00000000ffc00000, 0x00000000ffc00000|100%| O|  |TAMS 0x00000000ffb00000| PB 0x00000000ffb00000| Untracked 
| 508|0x00000000ffc00000, 0x00000000ffd00000, 0x00000000ffd00000|100%| O|  |TAMS 0x00000000ffc00000| PB 0x00000000ffc00000| Untracked 
| 509|0x00000000ffd00000, 0x00000000ffe00000, 0x00000000ffe00000|100%| O|  |TAMS 0x00000000ffd00000| PB 0x00000000ffd00000| Untracked 
| 510|0x00000000ffe00000, 0x00000000fff00000, 0x00000000fff00000|100%| O|  |TAMS 0x00000000ffe00000| PB 0x00000000ffe00000| Untracked 
| 511|0x00000000fff00000, 0x0000000100000000, 0x0000000100000000|100%| E|CS|TAMS 0x00000000fff00000| PB 0x00000000fff00000| Complete 

Card table byte_map: [0x000002b4694b0000,0x000002b4695b0000] _byte_map_base: 0x000002b468db0000

Marking Bits: (CMBitMap*) 0x000002b456c94fe0
 Bits: [0x000002b4695b0000, 0x000002b469db0000)

Polling page: 0x000002b456420000

Metaspace:

Usage:
  Non-class:     62.83 MB used.
      Class:      7.32 MB used.
       Both:     70.15 MB used.

Virtual space:
  Non-class space:      128.00 MB reserved,      63.75 MB ( 50%) committed,  2 nodes.
      Class space:      208.00 MB reserved,       8.06 MB (  4%) committed,  1 nodes.
             Both:      336.00 MB reserved,      71.81 MB ( 21%) committed. 

Chunk freelists:
   Non-Class:  15.59 MB
       Class:  7.99 MB
        Both:  23.58 MB

MaxMetaspaceSize: 256.00 MB
CompressedClassSpaceSize: 208.00 MB
Initial GC threshold: 21.00 MB
Current GC threshold: 114.69 MB
CDS: on
 - commit_granule_bytes: 65536.
 - commit_granule_words: 8192.
 - virtual_space_node_default_size: 8388608.
 - enlarge_chunks_in_place: 1.
 - use_allocation_guard: 0.


Internal statistics:

num_allocs_failed_limit: 17.
num_arena_births: 1344.
num_arena_deaths: 14.
num_vsnodes_births: 3.
num_vsnodes_deaths: 0.
num_space_committed: 1149.
num_space_uncommitted: 0.
num_chunks_returned_to_freelist: 31.
num_chunks_taken_from_freelist: 4980.
num_chunk_merges: 20.
num_chunk_splits: 2950.
num_chunks_enlarged: 1485.
num_inconsistent_stats: 0.

CodeHeap 'non-profiled nmethods': size=120000Kb used=7113Kb max_used=7113Kb free=112886Kb
 bounds [0x000002b461930000, 0x000002b462030000, 0x000002b468e60000]
CodeHeap 'profiled nmethods': size=120000Kb used=23653Kb max_used=23653Kb free=96346Kb
 bounds [0x000002b459e60000, 0x000002b45b580000, 0x000002b461390000]
CodeHeap 'non-nmethods': size=5760Kb used=1655Kb max_used=1713Kb free=4104Kb
 bounds [0x000002b461390000, 0x000002b461600000, 0x000002b461930000]
CodeCache: size=245760Kb, used=32421Kb, max_used=32479Kb, free=213336Kb
 total_blobs=11967, nmethods=11170, adapters=698, full_count=0
Compilation: enabled, stopped_count=0, restarted_count=0

Compilation events (20 events):
Event: 307.971 Thread 0x000002b46ca71750 13089       3       sun.nio.ch.Util$BufferCache::isEmpty (13 bytes)
Event: 307.972 Thread 0x000002b46ca71750 nmethod 13089 0x000002b45b577390 code [0x000002b45b577520, 0x000002b45b577680]
Event: 314.845 Thread 0x000002b46ca71750 13090       3       java.util.concurrent.ThreadPoolExecutor$Worker::lock (6 bytes)
Event: 314.845 Thread 0x000002b46ca71750 nmethod 13090 0x000002b45b577710 code [0x000002b45b5778c0, 0x000002b45b577a00]
Event: 364.386 Thread 0x000002b46ca710a0 13091   !   4       java.util.regex.Pattern::RemoveQEQuoting (370 bytes)
Event: 364.387 Thread 0x000002b46ca710a0 nmethod 13091 0x000002b462021510 code [0x000002b4620216a0, 0x000002b462021818]
Event: 364.387 Thread 0x000002b46ca710a0 13092   !   4       org.eclipse.osgi.internal.loader.BundleLoader::findImportedSource (29 bytes)
Event: 364.389 Thread 0x000002b46ca71750 13093       3       sun.nio.fs.WindowsPath::equals (28 bytes)
Event: 364.390 Thread 0x000002b46ca71750 nmethod 13093 0x000002b45b577a90 code [0x000002b45b577c60, 0x000002b45b5780b8]
Event: 364.390 Thread 0x000002b46ca71750 13095       3       org.eclipse.jdt.internal.compiler.classfmt.ModuleInfo$ServiceInfo::<init> (10 bytes)
Event: 364.390 Thread 0x000002b46ca71750 nmethod 13095 0x000002b45b578190 code [0x000002b45b578340, 0x000002b45b578508]
Event: 364.391 Thread 0x000002b46ca710a0 nmethod 13092 0x000002b462021990 code [0x000002b462021b80, 0x000002b4620221d8]
Event: 364.391 Thread 0x000002b46ca710a0 13094       4       org.eclipse.jdt.internal.compiler.classfmt.ModuleInfo::readModuleAttribute (1166 bytes)
Event: 364.392 Thread 0x000002b46ca71750 13099       3       org.lombokweb.asm.MethodVisitor::visitIincInsn (17 bytes)
Event: 364.392 Thread 0x000002b46ca71750 nmethod 13099 0x000002b45b578610 code [0x000002b45b5787c0, 0x000002b45b5789c8]
Event: 364.392 Thread 0x000002b46ca71750 13100       3       org.lombokweb.asm.MethodWriter::visitIincInsn (135 bytes)
Event: 364.392 Thread 0x000002b46ca71750 nmethod 13100 0x000002b45b578a90 code [0x000002b45b578cc0, 0x000002b45b579228]
Event: 365.411 Thread 0x000002b46ca71750 13102       3       java.util.concurrent.ThreadPoolExecutor::beforeExecute (1 bytes)
Event: 365.411 Thread 0x000002b46ca71750 nmethod 13102 0x000002b45b579410 code [0x000002b45b5795a0, 0x000002b45b5796a8]
Event: 365.412 Thread 0x000002b40d3cc190 13098 %     4       org.lombokweb.asm.ClassReader::readCode @ 2037 (5117 bytes)

GC Heap History (20 events):
Event: 7.114 GC heap before
{Heap before GC invocations=18 (full 0):
 garbage-first heap   total 131072K, used 120670K [0x00000000e0000000, 0x0000000100000000)
  region size 1024K, 66 young (67584K), 6 survivors (6144K)
 Metaspace       used 58172K, committed 59584K, reserved 278528K
  class space    used 6286K, committed 6912K, reserved 212992K
}
Event: 7.118 GC heap after
{Heap after GC invocations=19 (full 0):
 garbage-first heap   total 132096K, used 63765K [0x00000000e0000000, 0x0000000100000000)
  region size 1024K, 8 young (8192K), 8 survivors (8192K)
 Metaspace       used 58172K, committed 59584K, reserved 278528K
  class space    used 6286K, committed 6912K, reserved 212992K
}
Event: 7.246 GC heap before
{Heap before GC invocations=19 (full 0):
 garbage-first heap   total 132096K, used 84245K [0x00000000e0000000, 0x0000000100000000)
  region size 1024K, 29 young (29696K), 8 survivors (8192K)
 Metaspace       used 59248K, committed 60672K, reserved 278528K
  class space    used 6372K, committed 6976K, reserved 212992K
}
Event: 7.249 GC heap after
{Heap after GC invocations=20 (full 0):
 garbage-first heap   total 132096K, used 59887K [0x00000000e0000000, 0x0000000100000000)
  region size 1024K, 2 young (2048K), 2 survivors (2048K)
 Metaspace       used 59248K, committed 60672K, reserved 278528K
  class space    used 6372K, committed 6976K, reserved 212992K
}
Event: 7.599 GC heap before
{Heap before GC invocations=21 (full 0):
 garbage-first heap   total 132096K, used 125423K [0x00000000e0000000, 0x0000000100000000)
  region size 1024K, 62 young (63488K), 2 survivors (2048K)
 Metaspace       used 63380K, committed 64832K, reserved 278528K
  class space    used 6765K, committed 7424K, reserved 212992K
}
Event: 7.603 GC heap after
{Heap after GC invocations=22 (full 0):
 garbage-first heap   total 136192K, used 68181K [0x00000000e0000000, 0x0000000100000000)
  region size 1024K, 8 young (8192K), 8 survivors (8192K)
 Metaspace       used 63380K, committed 64832K, reserved 278528K
  class space    used 6765K, committed 7424K, reserved 212992K
}
Event: 7.846 GC heap before
{Heap before GC invocations=22 (full 0):
 garbage-first heap   total 136192K, used 121429K [0x00000000e0000000, 0x0000000100000000)
  region size 1024K, 61 young (62464K), 8 survivors (8192K)
 Metaspace       used 65718K, committed 67136K, reserved 278528K
  class space    used 6962K, committed 7552K, reserved 212992K
}
Event: 7.851 GC heap after
{Heap after GC invocations=23 (full 0):
 garbage-first heap   total 139264K, used 73216K [0x00000000e0000000, 0x0000000100000000)
  region size 1024K, 7 young (7168K), 7 survivors (7168K)
 Metaspace       used 65718K, committed 67136K, reserved 278528K
  class space    used 6962K, committed 7552K, reserved 212992K
}
Event: 7.998 GC heap before
{Heap before GC invocations=23 (full 0):
 garbage-first heap   total 139264K, used 96768K [0x00000000e0000000, 0x0000000100000000)
  region size 1024K, 32 young (32768K), 7 survivors (7168K)
 Metaspace       used 66489K, committed 67968K, reserved 278528K
  class space    used 6995K, committed 7616K, reserved 212992K
}
Event: 8.001 GC heap after
{Heap after GC invocations=24 (full 0):
 garbage-first heap   total 139264K, used 74139K [0x00000000e0000000, 0x0000000100000000)
  region size 1024K, 4 young (4096K), 4 survivors (4096K)
 Metaspace       used 66489K, committed 67968K, reserved 278528K
  class space    used 6995K, committed 7616K, reserved 212992K
}
Event: 8.654 GC heap before
{Heap before GC invocations=25 (full 0):
 garbage-first heap   total 139264K, used 125339K [0x00000000e0000000, 0x0000000100000000)
  region size 1024K, 53 young (54272K), 4 survivors (4096K)
 Metaspace       used 67899K, committed 69376K, reserved 278528K
  class space    used 7113K, committed 7744K, reserved 212992K
}
Event: 8.658 GC heap after
{Heap after GC invocations=26 (full 0):
 garbage-first heap   total 139264K, used 76387K [0x00000000e0000000, 0x0000000100000000)
  region size 1024K, 7 young (7168K), 7 survivors (7168K)
 Metaspace       used 67899K, committed 69376K, reserved 278528K
  class space    used 7113K, committed 7744K, reserved 212992K
}
Event: 8.899 GC heap before
{Heap before GC invocations=26 (full 0):
 garbage-first heap   total 139264K, used 122467K [0x00000000e0000000, 0x0000000100000000)
  region size 1024K, 53 young (54272K), 7 survivors (7168K)
 Metaspace       used 68350K, committed 69824K, reserved 278528K
  class space    used 7159K, committed 7808K, reserved 212992K
}
Event: 8.904 GC heap after
{Heap after GC invocations=27 (full 0):
 garbage-first heap   total 139264K, used 75479K [0x00000000e0000000, 0x0000000100000000)
  region size 1024K, 4 young (4096K), 4 survivors (4096K)
 Metaspace       used 68350K, committed 69824K, reserved 278528K
  class space    used 7159K, committed 7808K, reserved 212992K
}
Event: 9.115 GC heap before
{Heap before GC invocations=27 (full 0):
 garbage-first heap   total 139264K, used 103127K [0x00000000e0000000, 0x0000000100000000)
  region size 1024K, 33 young (33792K), 4 survivors (4096K)
 Metaspace       used 68948K, committed 70464K, reserved 278528K
  class space    used 7199K, committed 7808K, reserved 212992K
}
Event: 9.116 GC heap after
{Heap after GC invocations=28 (full 0):
 garbage-first heap   total 139264K, used 75377K [0x00000000e0000000, 0x0000000100000000)
  region size 1024K, 4 young (4096K), 4 survivors (4096K)
 Metaspace       used 68948K, committed 70464K, reserved 278528K
  class space    used 7199K, committed 7808K, reserved 212992K
}
Event: 10.276 GC heap before
{Heap before GC invocations=29 (full 0):
 garbage-first heap   total 139264K, used 128404K [0x00000000e0000000, 0x0000000100000000)
  region size 1024K, 53 young (54272K), 4 survivors (4096K)
 Metaspace       used 70448K, committed 72000K, reserved 278528K
  class space    used 7374K, committed 8064K, reserved 212992K
}
Event: 10.282 GC heap after
{Heap after GC invocations=30 (full 0):
 garbage-first heap   total 139264K, used 77168K [0x00000000e0000000, 0x0000000100000000)
  region size 1024K, 6 young (6144K), 6 survivors (6144K)
 Metaspace       used 70448K, committed 72000K, reserved 278528K
  class space    used 7374K, committed 8064K, reserved 212992K
}
Event: 11.734 GC heap before
{Heap before GC invocations=30 (full 0):
 garbage-first heap   total 139264K, used 129392K [0x00000000e0000000, 0x0000000100000000)
  region size 1024K, 54 young (55296K), 6 survivors (6144K)
 Metaspace       used 71165K, committed 72704K, reserved 278528K
  class space    used 7416K, committed 8064K, reserved 212992K
}
Event: 11.740 GC heap after
{Heap after GC invocations=31 (full 0):
 garbage-first heap   total 150528K, used 78623K [0x00000000e0000000, 0x0000000100000000)
  region size 1024K, 7 young (7168K), 7 survivors (7168K)
 Metaspace       used 71165K, committed 72704K, reserved 278528K
  class space    used 7416K, committed 8064K, reserved 212992K
}

Dll operation events (10 events):
Event: 0.008 Loaded shared library c:\Users\K.Dharunika\.vscode\extensions\redhat.java-1.55.0-win32-x64\jre\21.0.11-win32-x86_64\bin\java.dll
Event: 0.050 Loaded shared library c:\Users\K.Dharunika\.vscode\extensions\redhat.java-1.55.0-win32-x64\jre\21.0.11-win32-x86_64\bin\zip.dll
Event: 0.060 Loaded shared library C:\Users\K.Dharunika\.vscode\extensions\redhat.java-1.55.0-win32-x64\jre\21.0.11-win32-x86_64\bin\instrument.dll
Event: 0.063 Loaded shared library C:\Users\K.Dharunika\.vscode\extensions\redhat.java-1.55.0-win32-x64\jre\21.0.11-win32-x86_64\bin\net.dll
Event: 0.064 Loaded shared library C:\Users\K.Dharunika\.vscode\extensions\redhat.java-1.55.0-win32-x64\jre\21.0.11-win32-x86_64\bin\nio.dll
Event: 0.066 Loaded shared library C:\Users\K.Dharunika\.vscode\extensions\redhat.java-1.55.0-win32-x64\jre\21.0.11-win32-x86_64\bin\zip.dll
Event: 0.077 Loaded shared library C:\Users\K.Dharunika\.vscode\extensions\redhat.java-1.55.0-win32-x64\jre\21.0.11-win32-x86_64\bin\jimage.dll
Event: 0.119 Loaded shared library c:\Users\K.Dharunika\.vscode\extensions\redhat.java-1.55.0-win32-x64\jre\21.0.11-win32-x86_64\bin\verify.dll
Event: 0.785 Loaded shared library C:\Users\K.Dharunika\AppData\Roaming\Code\User\globalStorage\redhat.java\1.55.0\config_win\org.eclipse.equinox.launcher\org.eclipse.equinox.launcher.win32.win32.x86_64_1.3.100.v20260613-0559\eclipse_11924.dll
Event: 3.629 Loaded shared library C:\Users\K.Dharunika\AppData\Local\Temp\jna--297555538\jna8099039722847576609.dll

Deoptimization events (20 events):
Event: 364.389 Thread 0x000002b402d2a060 DEOPT PACKING pc=0x000002b461fac0c4 sp=0x000000cf00ffdfe0
Event: 364.389 Thread 0x000002b402d2a060 DEOPT UNPACKING pc=0x000002b4613e4422 sp=0x000000cf00ffdf88 mode 2
Event: 364.389 Thread 0x000002b402d2a060 Uncommon trap: trap_request=0xffffffd6 fr.pc=0x000002b461fac0c4 relative=0x00000000000085a4
Event: 364.389 Thread 0x000002b402d2a060 Uncommon trap: reason=array_check action=maybe_recompile pc=0x000002b461fac0c4 method=org.eclipse.jdt.internal.compiler.classfmt.ModuleInfo.readModuleAttribute(I)V @ 1029 c2
Event: 364.389 Thread 0x000002b402d2a060 DEOPT PACKING pc=0x000002b461fac0c4 sp=0x000000cf00ffdfe0
Event: 364.389 Thread 0x000002b402d2a060 DEOPT UNPACKING pc=0x000002b4613e4422 sp=0x000000cf00ffdf88 mode 2
Event: 364.389 Thread 0x000002b402d2a060 Uncommon trap: trap_request=0xffffffd6 fr.pc=0x000002b461fac0c4 relative=0x00000000000085a4
Event: 364.389 Thread 0x000002b402d2a060 Uncommon trap: reason=array_check action=maybe_recompile pc=0x000002b461fac0c4 method=org.eclipse.jdt.internal.compiler.classfmt.ModuleInfo.readModuleAttribute(I)V @ 1029 c2
Event: 364.389 Thread 0x000002b402d2a060 DEOPT PACKING pc=0x000002b461fac0c4 sp=0x000000cf00ffdfe0
Event: 364.389 Thread 0x000002b402d2a060 DEOPT UNPACKING pc=0x000002b4613e4422 sp=0x000000cf00ffdf88 mode 2
Event: 364.389 Thread 0x000002b402d2a060 Uncommon trap: trap_request=0xffffffd6 fr.pc=0x000002b461fac0c4 relative=0x00000000000085a4
Event: 364.389 Thread 0x000002b402d2a060 Uncommon trap: reason=array_check action=maybe_recompile pc=0x000002b461fac0c4 method=org.eclipse.jdt.internal.compiler.classfmt.ModuleInfo.readModuleAttribute(I)V @ 1029 c2
Event: 364.389 Thread 0x000002b402d2a060 DEOPT PACKING pc=0x000002b461fac0c4 sp=0x000000cf00ffdfe0
Event: 364.389 Thread 0x000002b402d2a060 DEOPT UNPACKING pc=0x000002b4613e4422 sp=0x000000cf00ffdf88 mode 2
Event: 364.392 Thread 0x000002b402d2a060 Uncommon trap: trap_request=0xffffffcc fr.pc=0x000002b461fbf204 relative=0x0000000000001cc4
Event: 364.392 Thread 0x000002b402d2a060 Uncommon trap: reason=intrinsic_or_type_checked_inlining action=make_not_entrant pc=0x000002b461fbf204 method=java.util.ArrayList$SubList.toArray([Ljava/lang/Object;)[Ljava/lang/Object; @ 58 c2
Event: 364.392 Thread 0x000002b402d2a060 DEOPT PACKING pc=0x000002b461fbf204 sp=0x000000cf00ffb9e0
Event: 364.392 Thread 0x000002b402d2a060 DEOPT UNPACKING pc=0x000002b4613e4422 sp=0x000000cf00ffb908 mode 2
Event: 365.394 Thread 0x000002b402d2a060 DEOPT PACKING pc=0x000002b45a717984 sp=0x000000cf00ffe880
Event: 365.394 Thread 0x000002b402d2a060 DEOPT UNPACKING pc=0x000002b4613e4bc2 sp=0x000000cf00ffdd38 mode 0

Classes loaded (20 events):
Event: 30.715 Loading class sun/nio/cs/Surrogate$Parser
Event: 30.715 Loading class sun/nio/cs/Surrogate$Parser done
Event: 30.715 Loading class sun/nio/cs/Surrogate
Event: 30.715 Loading class sun/nio/cs/Surrogate done
Event: 306.890 Loading class java/util/stream/Nodes$CollectorTask$OfRef
Event: 306.891 Loading class java/util/stream/Nodes$CollectorTask
Event: 306.891 Loading class java/util/stream/Nodes$CollectorTask done
Event: 306.891 Loading class java/util/stream/Nodes$CollectorTask$OfRef done
Event: 306.891 Loading class java/util/function/LongFunction
Event: 306.891 Loading class java/util/function/LongFunction done
Event: 306.891 Loading class java/util/stream/Nodes$ConcNode
Event: 306.891 Loading class java/util/stream/Nodes$AbstractConcNode
Event: 306.891 Loading class java/util/stream/Nodes$AbstractConcNode done
Event: 306.891 Loading class java/util/stream/Nodes$ConcNode done
Event: 306.915 Loading class java/io/ObjectOutputStream$BlockDataOutputStream
Event: 306.915 Loading class java/io/ObjectOutputStream$BlockDataOutputStream done
Event: 306.915 Loading class java/io/ObjectOutputStream$HandleTable
Event: 306.915 Loading class java/io/ObjectOutputStream$HandleTable done
Event: 306.915 Loading class java/io/ObjectOutputStream$ReplaceTable
Event: 306.915 Loading class java/io/ObjectOutputStream$ReplaceTable done

Classes unloaded (7 events):
Event: 4.769 Thread 0x000002b46ca0c930 Unloading class 0x000002b46e1b0c00 'java/lang/invoke/LambdaForm$MH+0x000002b46e1b0c00'
Event: 4.769 Thread 0x000002b46ca0c930 Unloading class 0x000002b46e1b0800 'java/lang/invoke/LambdaForm$MH+0x000002b46e1b0800'
Event: 4.769 Thread 0x000002b46ca0c930 Unloading class 0x000002b46e1b0400 'java/lang/invoke/LambdaForm$MH+0x000002b46e1b0400'
Event: 4.769 Thread 0x000002b46ca0c930 Unloading class 0x000002b46e1b0000 'java/lang/invoke/LambdaForm$MH+0x000002b46e1b0000'
Event: 4.769 Thread 0x000002b46ca0c930 Unloading class 0x000002b46e1afc00 'java/lang/invoke/LambdaForm$BMH+0x000002b46e1afc00'
Event: 4.769 Thread 0x000002b46ca0c930 Unloading class 0x000002b46e1af800 'java/lang/invoke/LambdaForm$DMH+0x000002b46e1af800'
Event: 4.769 Thread 0x000002b46ca0c930 Unloading class 0x000002b46e1ae400 'java/lang/invoke/LambdaForm$DMH+0x000002b46e1ae400'

Classes redefined (0 events):
No events

Internal exceptions (20 events):
Event: 10.207 Thread 0x000002b400e9b500 Exception <a 'sun/nio/fs/WindowsException'{0x00000000e5e68460}> (0x00000000e5e68460) 
thrown [s\src\hotspot\share\prims\jni.cpp, line 520]
Event: 10.207 Thread 0x000002b400e9b500 Exception <a 'sun/nio/fs/WindowsException'{0x00000000e5e68cd8}> (0x00000000e5e68cd8) 
thrown [s\src\hotspot\share\prims\jni.cpp, line 520]
Event: 10.210 Thread 0x000002b400e9b500 Exception <a 'sun/nio/fs/WindowsException'{0x00000000e5e87668}> (0x00000000e5e87668) 
thrown [s\src\hotspot\share\prims\jni.cpp, line 520]
Event: 10.210 Thread 0x000002b400e9b500 Exception <a 'sun/nio/fs/WindowsException'{0x00000000e5e87f48}> (0x00000000e5e87f48) 
thrown [s\src\hotspot\share\prims\jni.cpp, line 520]
Event: 10.216 Thread 0x000002b400e99ac0 Exception <a 'sun/nio/fs/WindowsException'{0x00000000e5f982f0}> (0x00000000e5f982f0) 
thrown [s\src\hotspot\share\prims\jni.cpp, line 520]
Event: 10.243 Thread 0x000002b400e99ac0 Exception <a 'sun/nio/fs/WindowsException'{0x00000000e593f840}> (0x00000000e593f840) 
thrown [s\src\hotspot\share\prims\jni.cpp, line 520]
Event: 11.612 Thread 0x000002b402d27f90 Exception <a 'java/lang/IncompatibleClassChangeError'{0x00000000e59f21c8}: Found class java.lang.Object, but interface was expected> (0x00000000e59f21c8) 
thrown [s\src\hotspot\share\interpreter\linkResolver.cpp, line 840]
Event: 11.620 Thread 0x000002b402d26550 Exception <a 'java/lang/NoSuchMethodError'{0x00000000e582a280}: 'java.lang.Object java.lang.invoke.DirectMethodHandle$Holder.invokeSpecial(java.lang.Object, java.lang.Object, java.lang.Object, java.lang.Object, int, java.lang.Object, java.lang.Object)'> (0x00000000e582a280) 
thrown [s\src\hotspot\share\interpreter\linkResolver.cpp, line 773]
Event: 11.744 Thread 0x000002b402d28620 Exception <a 'sun/nio/fs/WindowsException'{0x00000000fff99e40}> (0x00000000fff99e40) 
thrown [s\src\hotspot\share\prims\jni.cpp, line 520]
Event: 11.744 Thread 0x000002b402d28620 Exception <a 'sun/nio/fs/WindowsException'{0x00000000fff9a6e0}> (0x00000000fff9a6e0) 
thrown [s\src\hotspot\share\prims\jni.cpp, line 520]
Event: 11.746 Thread 0x000002b402d28620 Exception <a 'sun/nio/fs/WindowsException'{0x00000000fffbc068}> (0x00000000fffbc068) 
thrown [s\src\hotspot\share\prims\jni.cpp, line 520]
Event: 11.746 Thread 0x000002b402d28620 Exception <a 'sun/nio/fs/WindowsException'{0x00000000fffbc950}> (0x00000000fffbc950) 
thrown [s\src\hotspot\share\prims\jni.cpp, line 520]
Event: 11.752 Thread 0x000002b402d28620 Exception <a 'java/lang/NoSuchMethodError'{0x00000000e861e5d8}: 'java.lang.Object java.lang.invoke.Invokers$Holder.linkToTargetMethod(java.lang.Object, java.lang.Object, int, int, java.lang.Object)'> (0x00000000e861e5d8) 
thrown [s\src\hotspot\share\interpreter\linkResolver.cpp, line 773]
Event: 11.753 Thread 0x000002b402d28620 Exception <a 'java/lang/NoSuchMethodError'{0x00000000e8632268}: method resolution failed> (0x00000000e8632268) 
thrown [s\src\hotspot\share\prims\methodHandles.cpp, line 1136]
Event: 306.907 Thread 0x000002b400e99430 Exception <a 'sun/nio/fs/WindowsException'{0x00000000e7f1be98}> (0x00000000e7f1be98) 
thrown [s\src\hotspot\share\prims\jni.cpp, line 520]
Event: 306.907 Thread 0x000002b400e99430 Exception <a 'sun/nio/fs/WindowsException'{0x00000000e7f1ca08}> (0x00000000e7f1ca08) 
thrown [s\src\hotspot\share\prims\jni.cpp, line 520]
Event: 306.908 Thread 0x000002b400e99430 Implicit null exception at 0x000002b461f6409f to 0x000002b461f6442c
Event: 306.947 Thread 0x000002b400e99430 Exception <a 'java/lang/NoSuchMethodError'{0x00000000e7fb38e8}: static [J.<clinit>()V> (0x00000000e7fb38e8) 
thrown [s\src\hotspot\share\prims\jni.cpp, line 1111]
Event: 306.956 Thread 0x000002b400e99430 Exception <a 'java/lang/NoSuchMethodError'{0x00000000e7fe4a40}: 'java.lang.Object java.lang.invoke.DirectMethodHandle$Holder.newInvokeSpecial(java.lang.Object, java.lang.Object, java.lang.Object, java.lang.Object, java.lang.Object, java.lang.Object, java.lang.Object, java.lang.Object)'> (0x00000000e7fe4a40) 
thrown [s\src\hotspot\share\interpreter\linkResolver.cpp, line 773]
Event: 364.385 Thread 0x000002b402d27f90 Exception <a 'java/lang/IncompatibleClassChangeError'{0x00000000e7ecc898}: Found class java.lang.Object, but interface was expected> (0x00000000e7ecc898) 
thrown [s\src\hotspot\share\interpreter\linkResolver.cpp, line 840]

ZGC Phase Switch (0 events):
No events

VM Operations (20 events):
Event: 120.263 Executing non-safepoint VM operation: RendezvousGCThreads
Event: 120.263 Executing non-safepoint VM operation: RendezvousGCThreads done
Event: 301.108 Executing safepoint VM operation: Cleanup
Event: 301.108 Executing safepoint VM operation: Cleanup done
Event: 304.136 Executing safepoint VM operation: Cleanup
Event: 304.136 Executing safepoint VM operation: Cleanup done
Event: 305.139 Executing safepoint VM operation: Cleanup
Event: 305.139 Executing safepoint VM operation: Cleanup done
Event: 306.966 Executing non-safepoint VM operation: HandshakeAllThreads (Deoptimize)
Event: 306.966 Executing non-safepoint VM operation: HandshakeAllThreads (Deoptimize) done
Event: 306.966 Executing safepoint VM operation: Cleanup
Event: 306.966 Executing safepoint VM operation: Cleanup done
Event: 307.970 Executing safepoint VM operation: Cleanup
Event: 307.970 Executing safepoint VM operation: Cleanup done
Event: 360.616 Executing non-safepoint VM operation: HandshakeAllThreads (HandshakeForDeflation)
Event: 360.616 Executing non-safepoint VM operation: HandshakeAllThreads (HandshakeForDeflation) done
Event: 360.616 Executing non-safepoint VM operation: RendezvousGCThreads
Event: 360.616 Executing non-safepoint VM operation: RendezvousGCThreads done
Event: 364.648 Executing safepoint VM operation: Cleanup
Event: 365.410 Executing safepoint VM operation: Cleanup done

Memory protections (0 events):
No events

Nmethod flushes (20 events):
Event: 9.155 Thread 0x000002b46ca0c930 flushing  nmethod 0x000002b45a0d6e90
Event: 9.155 Thread 0x000002b46ca0c930 flushing  nmethod 0x000002b45a0d7b90
Event: 9.155 Thread 0x000002b46ca0c930 flushing  nmethod 0x000002b45a1a9d10
Event: 9.155 Thread 0x000002b46ca0c930 flushing  nmethod 0x000002b45a1caf90
Event: 9.155 Thread 0x000002b46ca0c930 flushing  nmethod 0x000002b45a3fdb10
Event: 9.155 Thread 0x000002b46ca0c930 flushing  nmethod 0x000002b45a6a2090
Event: 9.155 Thread 0x000002b46ca0c930 flushing  nmethod 0x000002b45aa7af10
Event: 9.155 Thread 0x000002b46ca0c930 flushing  nmethod 0x000002b45ab78010
Event: 9.155 Thread 0x000002b46ca0c930 flushing  nmethod 0x000002b45ab7ac90
Event: 9.155 Thread 0x000002b46ca0c930 flushing  nmethod 0x000002b45ac6e310
Event: 9.155 Thread 0x000002b46ca0c930 flushing  nmethod 0x000002b45ad13890
Event: 9.155 Thread 0x000002b46ca0c930 flushing  nmethod 0x000002b45ad1a790
Event: 9.155 Thread 0x000002b46ca0c930 flushing  nmethod 0x000002b45ad8d210
Event: 9.155 Thread 0x000002b46ca0c930 flushing  nmethod 0x000002b45adb5190
Event: 9.155 Thread 0x000002b46ca0c930 flushing  nmethod 0x000002b45aded390
Event: 9.155 Thread 0x000002b46ca0c930 flushing  nmethod 0x000002b45adf1d10
Event: 9.155 Thread 0x000002b46ca0c930 flushing  nmethod 0x000002b45aed9690
Event: 9.155 Thread 0x000002b46ca0c930 flushing  nmethod 0x000002b45aeec890
Event: 9.155 Thread 0x000002b46ca0c930 flushing  nmethod 0x000002b45aef2d10
Event: 9.155 Thread 0x000002b46ca0c930 flushing  nmethod 0x000002b45b0e9d90

Events (20 events):
Event: 307.955 Thread 0x000002b401a74170 Thread exited: 0x000002b401a74170
Event: 307.971 Thread 0x000002b40d3ccf30 Thread exited: 0x000002b40d3ccf30
Event: 307.971 Thread 0x000002b401a6f2b0 Thread exited: 0x000002b401a6f2b0
Event: 307.971 Thread 0x000002b401a6ec20 Thread exited: 0x000002b401a6ec20
Event: 307.971 Thread 0x000002b401a74800 Thread exited: 0x000002b401a74800
Event: 307.971 Thread 0x000002b401a71380 Thread exited: 0x000002b401a71380
Event: 307.971 Thread 0x000002b401a70cf0 Thread exited: 0x000002b401a70cf0
Event: 307.972 Thread 0x000002b401a72730 Thread exited: 0x000002b401a72730
Event: 307.986 Thread 0x000002b401a72dc0 Thread exited: 0x000002b401a72dc0
Event: 308.003 Thread 0x000002b403e88030 Thread exited: 0x000002b403e88030
Event: 308.003 Thread 0x000002b403e8b4b0 Thread exited: 0x000002b403e8b4b0
Event: 308.063 Thread 0x000002b401a73450 Thread exited: 0x000002b401a73450
Event: 310.393 Thread 0x000002b402485700 Thread exited: 0x000002b402485700
Event: 310.430 Thread 0x000002b403e8ae20 Thread exited: 0x000002b403e8ae20
Event: 310.430 Thread 0x000002b401a6ffd0 Thread exited: 0x000002b401a6ffd0
Event: 310.431 Thread 0x000002b403e8d580 Thread exited: 0x000002b403e8d580
Event: 310.431 Thread 0x000002b403e8cef0 Thread exited: 0x000002b403e8cef0
Event: 310.432 Thread 0x000002b403e8c1d0 Thread exited: 0x000002b403e8c1d0
Event: 312.567 Thread 0x000002b402d2b410 Thread exited: 0x000002b402d2b410
Event: 365.411 Thread 0x000002b46ca71750 Thread added: 0x000002b40d3cc190


Dynamic libraries:
0x00007ff6fa520000 - 0x00007ff6fa52e000 	c:\Users\K.Dharunika\.vscode\extensions\redhat.java-1.55.0-win32-x64\jre\21.0.11-win32-x86_64\bin\java.exe
0x00007ffbf4580000 - 0x00007ffbf47e6000 	C:\WINDOWS\SYSTEM32\ntdll.dll
0x00007ffbf2e00000 - 0x00007ffbf2ec9000 	C:\WINDOWS\System32\KERNEL32.DLL
0x00007ffbf1a20000 - 0x00007ffbf1e1a000 	C:\WINDOWS\System32\KERNELBASE.dll
0x00007ffbf1810000 - 0x00007ffbf195c000 	C:\WINDOWS\System32\ucrtbase.dll
0x00007ffbad790000 - 0x00007ffbad7a8000 	c:\Users\K.Dharunika\.vscode\extensions\redhat.java-1.55.0-win32-x64\jre\21.0.11-win32-x86_64\bin\jli.dll
0x00007ffba8410000 - 0x00007ffba842e000 	c:\Users\K.Dharunika\.vscode\extensions\redhat.java-1.55.0-win32-x64\jre\21.0.11-win32-x86_64\bin\VCRUNTIME140.dll
0x00007ffbf2570000 - 0x00007ffbf2737000 	C:\WINDOWS\System32\USER32.dll
0x00007ffbf1fe0000 - 0x00007ffbf2007000 	C:\WINDOWS\System32\win32u.dll
0x00007ffbcca50000 - 0x00007ffbccce2000 	C:\WINDOWS\WinSxS\amd64_microsoft.windows.common-controls_6595b64144ccf1df_6.0.26100.8521_none_3e08b75ce33403b3\COMCTL32.dll
0x00007ffbf3640000 - 0x00007ffbf366b000 	C:\WINDOWS\System32\GDI32.dll
0x00007ffbf1eb0000 - 0x00007ffbf1fdb000 	C:\WINDOWS\System32\gdi32full.dll
0x00007ffbf24b0000 - 0x00007ffbf2559000 	C:\WINDOWS\System32\msvcrt.dll
0x00007ffbf2010000 - 0x00007ffbf20b3000 	C:\WINDOWS\System32\msvcp_win.dll
0x00007ffbf2dc0000 - 0x00007ffbf2df2000 	C:\WINDOWS\System32\IMM32.DLL
0x00007ffbd8f70000 - 0x00007ffbd8f7c000 	c:\Users\K.Dharunika\.vscode\extensions\redhat.java-1.55.0-win32-x64\jre\21.0.11-win32-x86_64\bin\vcruntime140_1.dll
0x00007ffba2260000 - 0x00007ffba22ed000 	c:\Users\K.Dharunika\.vscode\extensions\redhat.java-1.55.0-win32-x64\jre\21.0.11-win32-x86_64\bin\msvcp140.dll
0x00007ffb471f0000 - 0x00007ffb47f92000 	c:\Users\K.Dharunika\.vscode\extensions\redhat.java-1.55.0-win32-x64\jre\21.0.11-win32-x86_64\bin\server\jvm.dll
0x00007ffbf22f0000 - 0x00007ffbf23a6000 	C:\WINDOWS\System32\ADVAPI32.dll
0x00007ffbf2be0000 - 0x00007ffbf2c8a000 	C:\WINDOWS\System32\sechost.dll
0x00007ffbf28b0000 - 0x00007ffbf29c8000 	C:\WINDOWS\System32\RPCRT4.dll
0x00007ffbf3770000 - 0x00007ffbf37f0000 	C:\WINDOWS\System32\WS2_32.dll
0x00007ffbf0f80000 - 0x00007ffbf0fde000 	C:\WINDOWS\SYSTEM32\POWRPROF.dll
0x00007ffbdd260000 - 0x00007ffbdd296000 	C:\WINDOWS\SYSTEM32\WINMM.dll
0x00007ffbe67f0000 - 0x00007ffbe67fb000 	C:\WINDOWS\SYSTEM32\VERSION.dll
0x00007ffbf0f10000 - 0x00007ffbf0f24000 	C:\WINDOWS\SYSTEM32\UMPDC.dll
0x00007ffbf05a0000 - 0x00007ffbf05bb000 	C:\WINDOWS\SYSTEM32\kernel.appcore.dll
0x00007ffbd8870000 - 0x00007ffbd887a000 	c:\Users\K.Dharunika\.vscode\extensions\redhat.java-1.55.0-win32-x64\jre\21.0.11-win32-x86_64\bin\jimage.dll
0x00007ffbeecf0000 - 0x00007ffbeef32000 	C:\WINDOWS\SYSTEM32\DBGHELP.DLL
0x00007ffbf3f90000 - 0x00007ffbf4313000 	C:\WINDOWS\System32\combase.dll
0x00007ffbf3380000 - 0x00007ffbf3459000 	C:\WINDOWS\System32\OLEAUT32.dll
0x00007ffbc90d0000 - 0x00007ffbc910b000 	C:\WINDOWS\SYSTEM32\dbgcore.DLL
0x00007ffbf2240000 - 0x00007ffbf22e8000 	C:\WINDOWS\System32\bcryptPrimitives.dll
0x00007ffbdf770000 - 0x00007ffbdf77f000 	c:\Users\K.Dharunika\.vscode\extensions\redhat.java-1.55.0-win32-x64\jre\21.0.11-win32-x86_64\bin\instrument.dll
0x00007ffba6100000 - 0x00007ffba6120000 	c:\Users\K.Dharunika\.vscode\extensions\redhat.java-1.55.0-win32-x64\jre\21.0.11-win32-x86_64\bin\java.dll
0x00007ffbf3800000 - 0x00007ffbf3f84000 	C:\WINDOWS\System32\SHELL32.dll
0x00007ffbef3a0000 - 0x00007ffbefc20000 	C:\WINDOWS\SYSTEM32\windows.storage.dll
0x00007ffbf23b0000 - 0x00007ffbf24a6000 	C:\WINDOWS\System32\SHCORE.dll
0x00007ffbf2c90000 - 0x00007ffbf2cf7000 	C:\WINDOWS\System32\shlwapi.dll
0x00007ffbf1730000 - 0x00007ffbf1759000 	C:\WINDOWS\SYSTEM32\profapi.dll
0x00007ffba60e0000 - 0x00007ffba60f8000 	c:\Users\K.Dharunika\.vscode\extensions\redhat.java-1.55.0-win32-x64\jre\21.0.11-win32-x86_64\bin\zip.dll
0x00007ffbd7a10000 - 0x00007ffbd7a20000 	C:\Users\K.Dharunika\.vscode\extensions\redhat.java-1.55.0-win32-x64\jre\21.0.11-win32-x86_64\bin\net.dll
0x00007ffbe8df0000 - 0x00007ffbe8f19000 	C:\WINDOWS\SYSTEM32\WINHTTP.dll
0x00007ffbf0b70000 - 0x00007ffbf0bdc000 	C:\WINDOWS\system32\mswsock.dll
0x00007ffba4770000 - 0x00007ffba4786000 	C:\Users\K.Dharunika\.vscode\extensions\redhat.java-1.55.0-win32-x64\jre\21.0.11-win32-x86_64\bin\nio.dll
0x00007ffbd8750000 - 0x00007ffbd8760000 	c:\Users\K.Dharunika\.vscode\extensions\redhat.java-1.55.0-win32-x64\jre\21.0.11-win32-x86_64\bin\verify.dll
0x00007ffba40b0000 - 0x00007ffba40f5000 	C:\Users\K.Dharunika\AppData\Roaming\Code\User\globalStorage\redhat.java\1.55.0\config_win\org.eclipse.equinox.launcher\org.eclipse.equinox.launcher.win32.win32.x86_64_1.3.100.v20260613-0559\eclipse_11924.dll
0x00007ffbf2a40000 - 0x00007ffbf2bd8000 	C:\WINDOWS\System32\ole32.dll
0x00007ffbf0e80000 - 0x00007ffbf0e9b000 	C:\WINDOWS\SYSTEM32\CRYPTSP.dll
0x00007ffbf0500000 - 0x00007ffbf0539000 	C:\WINDOWS\system32\rsaenh.dll
0x00007ffbf0c20000 - 0x00007ffbf0c53000 	C:\WINDOWS\SYSTEM32\USERENV.dll
0x00007ffbf1700000 - 0x00007ffbf172a000 	C:\WINDOWS\SYSTEM32\bcrypt.dll
0x00007ffbf0ea0000 - 0x00007ffbf0eac000 	C:\WINDOWS\SYSTEM32\CRYPTBASE.dll
0x00007ffbeffb0000 - 0x00007ffbeffe3000 	C:\WINDOWS\SYSTEM32\IPHLPAPI.DLL
0x00007ffbf44b0000 - 0x00007ffbf44ba000 	C:\WINDOWS\System32\NSI.dll
0x00007ffba75f0000 - 0x00007ffba7639000 	C:\Users\K.Dharunika\AppData\Local\Temp\jna--297555538\jna8099039722847576609.dll
0x00007ffbf2560000 - 0x00007ffbf2568000 	C:\WINDOWS\System32\PSAPI.DLL
0x00007ffbe9660000 - 0x00007ffbe967d000 	C:\WINDOWS\SYSTEM32\dhcpcsvc6.DLL
0x00007ffbe95b0000 - 0x00007ffbe95d5000 	C:\WINDOWS\SYSTEM32\dhcpcsvc.DLL

JVMTI agents:
c:\Users\K.Dharunika\.vscode\extensions\redhat.java-1.55.0-win32-x64\lombok\lombok-1.18.39-4050.jar path:c:\Users\K.Dharunika\.vscode\extensions\redhat.java-1.55.0-win32-x64\jre\21.0.11-win32-x86_64\bin\instrument.dll, loaded, initialized, instrumentlib options:none

dbghelp: loaded successfully - version: 4.0.5 - missing functions: none
symbol engine: initialized successfully - sym options: 0x614 - pdb path: .;c:\Users\K.Dharunika\.vscode\extensions\redhat.java-1.55.0-win32-x64\jre\21.0.11-win32-x86_64\bin;C:\WINDOWS\SYSTEM32;C:\WINDOWS\WinSxS\amd64_microsoft.windows.common-controls_6595b64144ccf1df_6.0.26100.8521_none_3e08b75ce33403b3;c:\Users\K.Dharunika\.vscode\extensions\redhat.java-1.55.0-win32-x64\jre\21.0.11-win32-x86_64\bin\server;C:\Users\K.Dharunika\AppData\Roaming\Code\User\globalStorage\redhat.java\1.55.0\config_win\org.eclipse.equinox.launcher\org.eclipse.equinox.launcher.win32.win32.x86_64_1.3.100.v20260613-0559;C:\Users\K.Dharunika\AppData\Local\Temp\jna--297555538

VM Arguments:
jvm_args: --add-modules=ALL-SYSTEM --add-opens=java.base/java.util=ALL-UNNAMED --add-opens=java.base/java.lang=ALL-UNNAMED --add-opens=java.base/sun.nio.fs=ALL-UNNAMED -Declipse.application=org.eclipse.jdt.ls.core.id1 -Dosgi.bundles.defaultStartLevel=4 -Declipse.product=org.eclipse.jdt.ls.core.product -Djava.import.generatesMetadataFilesAtProjectRoot=false -DDetectVMInstallationsJob.disabled=true -Dfile.encoding=utf8 -Xlog:disable -Xms128m -Xmx512m -XX:MaxMetaspaceSize=256m -javaagent:c:\Users\K.Dharunika\.vscode\extensions\redhat.java-1.55.0-win32-x64\lombok\lombok-1.18.39-4050.jar -XX:+HeapDumpOnOutOfMemoryError -XX:HeapDumpPath=c:\Users\K.Dharunika\AppData\Roaming\Code\User\workspaceStorage\5506443e8e7393d70c30ee31ca624cd7\redhat.java -Daether.dependencyCollector.impl=bf 
java_command: c:\Users\K.Dharunika\.vscode\extensions\redhat.java-1.55.0-win32-x64\server\plugins\org.eclipse.equinox.launcher_1.7.200.v20260619-2039.jar -configuration c:\Users\K.Dharunika\AppData\Roaming\Code\User\globalStorage\redhat.java\1.55.0\config_win -data c:\Users\K.Dharunika\AppData\Roaming\Code\User\workspaceStorage\5506443e8e7393d70c30ee31ca624cd7\redhat.java\jdt_ws --pipe=\\.\pipe\lsp-879474caff39a1626635bd12e1cad739-sock
java_class_path (initial): c:\Users\K.Dharunika\.vscode\extensions\redhat.java-1.55.0-win32-x64\server\plugins\org.eclipse.equinox.launcher_1.7.200.v20260619-2039.jar
Launcher Type: SUN_STANDARD

[Global flags]
     intx CICompilerCount                          = 4                                         {product} {ergonomic}
   size_t CompressedClassSpaceSize                 = 218103808                                 {product} {ergonomic}
     uint ConcGCThreads                            = 3                                         {product} {ergonomic}
     uint G1ConcRefinementThreads                  = 10                                        {product} {ergonomic}
   size_t G1HeapRegionSize                         = 1048576                                   {product} {ergonomic}
    uintx GCDrainStackTargetSize                   = 64                                        {product} {ergonomic}
     bool HeapDumpOnOutOfMemoryError               = true                                   {manageable} {command line}
    ccstr HeapDumpPath                             = c:\Users\K.Dharunika\AppData\Roaming\Code\User\workspaceStorage\5506443e8e7393d70c30ee31ca624cd7\redhat.java         {manageable} {command line}
   size_t InitialHeapSize                          = 134217728                                 {product} {command line}
   size_t MarkStackSize                            = 4194304                                   {product} {ergonomic}
   size_t MaxHeapSize                              = 536870912                                 {product} {command line}
   size_t MaxMetaspaceSize                         = 268435456                                 {product} {command line}
   size_t MaxNewSize                               = 321912832                                 {product} {ergonomic}
   size_t MinHeapDeltaBytes                        = 1048576                                   {product} {ergonomic}
   size_t MinHeapSize                              = 134217728                                 {product} {command line}
    uintx NonNMethodCodeHeapSize                   = 5839372                                {pd product} {ergonomic}
    uintx NonProfiledCodeHeapSize                  = 122909434                              {pd product} {ergonomic}
    uintx ProfiledCodeHeapSize                     = 122909434                              {pd product} {ergonomic}
    uintx ReservedCodeCacheSize                    = 251658240                              {pd product} {ergonomic}
     bool SegmentedCodeCache                       = true                                      {product} {ergonomic}
   size_t SoftMaxHeapSize                          = 536870912                              {manageable} {ergonomic}
     bool UseCompressedOops                        = true                           {product lp64_product} {ergonomic}
     bool UseG1GC                                  = true                                      {product} {ergonomic}
     bool UseLargePagesIndividualAllocation        = false                                  {pd product} {ergonomic}

Logging:
Log output configuration:
 #0: stdout all=off uptime,level,tags foldmultilines=false
 #1: stderr all=off uptime,level,tags foldmultilines=false

Release file:
JAVA_VERSION="21.0.11" 
MODULES="java.base java.compiler java.datatransfer java.xml java.prefs java.desktop java.instrument java.logging java.management java.security.sasl java.naming java.rmi java.management.rmi java.net.http java.scripting java.security.jgss java.transaction.xa java.sql java.sql.rowset java.xml.crypto java.se java.smartcardio jdk.accessibility jdk.internal.jvmstat jdk.attach jdk.charsets jdk.internal.opt jdk.zipfs jdk.compiler jdk.crypto.ec jdk.crypto.cryptoki jdk.crypto.mscapi jdk.dynalink jdk.internal.ed jdk.editpad jdk.hotspot.agent jdk.httpserver jdk.internal.le jdk.internal.vm.ci jdk.internal.vm.compiler jdk.internal.vm.compiler.management jdk.jartool jdk.javadoc jdk.jcmd jdk.management jdk.management.agent jdk.jconsole jdk.jdeps jdk.jdwp.agent jdk.jdi jdk.jfr jdk.jshell jdk.jsobject jdk.jstatd jdk.localedata jdk.management.jfr jdk.naming.dns jdk.naming.rmi jdk.net jdk.nio.mapmode jdk.random jdk.sctp jdk.security.auth jdk.security.jgss jdk.unsupported jdk.unsupported.desktop jdk.xml.dom" 

Environment Variables:
JAVA_HOME=C:\Program Files\Java\jdk-17
PATH=C:\Program Files\Common Files\Oracle\Java\javapath;C:\windows\system32;C:\windows;C:\windows\System32\Wbem;C:\windows\System32\WindowsPowerShell\v1.0\;C:\windows\System32\OpenSSH\;C:\Program Files (x86)\NVIDIA Corporation\PhysX\Common;C:\Program Files\NVIDIA Corporation\NVIDIA NvDLISR;C:\Users\Administrator\AppData\Local\Microsoft\WindowsApps;C:\Program Files\HP\OMEN-Broadcast\Common;C:\Program Files\cursor\resources\app\bin;C:\Program Files\nodejs\;C:\WINDOWS\system32;C:\WINDOWS;C:\WINDOWS\System32\Wbem;C:\WINDOWS\System32\WindowsPowerShell\v1.0\;C:\WINDOWS\System32\OpenSSH\;C:\Program Files\Java\jdk-17\bin;D:\Spring\apache-maven-3.9.16\bin;C:\Program Files\MySQL\MySQL Server 8.0\bin;C:\Program Files\MySQL\MySQL Shell 8.0\bin\;c:\Users\K.Dharunika\AppData\Local\Programs\cursor\resources\app\codeBin;C:\Users\K.Dharunika\AppData\Local\Programs\Python\Python314\Scripts\;C:\Users\K.Dharunika\AppData\Local\Programs\Python\Python314\;C:\Users\K.Dharunika\AppData\Local\Programs\Python\Launcher\;C:\Users\K.Dharunika\AppData\Local\Microsoft\WindowsApps;C:\Users\K.Dharunika\AppData\Roaming\npm;C:\Users\K.Dharunika\AppData\Local\Programs\Microsoft VS Code\bin;C:\Users\K.Dharunika\AppData\Local\Programs\cursor\resources\app\bin;C:\Program Files\Java\jdk-17\bin;D:\Spring\apache-maven-3.9.16\bin;C:\Program Files\nodejs;C:\Program Files\MySQL\MySQL Server 8.0\bin;C:\Users\K.Dharunika\AppData\Local\Programs\Antigravity IDE\bin
USERNAME=K.Dharunika
OS=Windows_NT
PROCESSOR_IDENTIFIER=Intel64 Family 6 Model 154 Stepping 3, GenuineIntel
TMP=C:\Users\KC0AA~1.DHA\AppData\Local\Temp
TEMP=C:\Users\KC0AA~1.DHA\AppData\Local\Temp




Periodic native trim disabled

---------------  S Y S T E M  ---------------

OS:
 Windows 11 , 64 bit Build 26100 (10.0.26100.8521)
OS uptime: 0 days 1:10 hours
Hyper-V role detected

CPU: total 12 (initial active 12) (6 cores per cpu, 2 threads per core) family 6 model 154 stepping 3 microcode 0x434, cx8, cmov, fxsr, ht, mmx, 3dnowpref, sse, sse2, sse3, ssse3, sse4.1, sse4.2, popcnt, lzcnt, tsc, tscinvbit, avx, avx2, aes, erms, clmul, bmi1, bmi2, adx, sha, fma, vzeroupper, clflush, clflushopt, clwb, hv, serialize, rdtscp, rdpid, fsrm, f16c, cet_ibt, cet_ss
Processor Information for processor 0
  Max Mhz: 2000, Current Mhz: 2000, Mhz Limit: 2000
Processor Information for processor 1
  Max Mhz: 2000, Current Mhz: 2000, Mhz Limit: 2000
Processor Information for processor 2
  Max Mhz: 2000, Current Mhz: 2000, Mhz Limit: 2000
Processor Information for processor 3
  Max Mhz: 2000, Current Mhz: 2000, Mhz Limit: 2000
Processor Information for processor 4
  Max Mhz: 2000, Current Mhz: 2000, Mhz Limit: 2000
Processor Information for processor 5
  Max Mhz: 2000, Current Mhz: 2000, Mhz Limit: 2000
Processor Information for processor 6
  Max Mhz: 2000, Current Mhz: 2000, Mhz Limit: 2000
Processor Information for processor 7
  Max Mhz: 2000, Current Mhz: 2000, Mhz Limit: 2000
Processor Information for processor 8
  Max Mhz: 2000, Current Mhz: 1466, Mhz Limit: 2000
Processor Information for processor 9
  Max Mhz: 2000, Current Mhz: 2000, Mhz Limit: 2000
Processor Information for processor 10
  Max Mhz: 2000, Current Mhz: 1466, Mhz Limit: 2000
Processor Information for processor 11
  Max Mhz: 2000, Current Mhz: 2000, Mhz Limit: 2000

Memory: 4k page, system-wide physical 16024M (3893M free)
TotalPageFile size 18072M (AvailPageFile size 342M)
current process WorkingSet (physical memory assigned to process): 350M, peak: 407M
current process commit charge ("private bytes"): 384M, peak: 442M

vm_info: OpenJDK 64-Bit Server VM (21.0.11+10-LTS) for windows-amd64 JRE (21.0.11+10-LTS), built on 2026-04-21T00:00:00Z by "admin" with MS VC++ 17.12 (VS2022)

END.
