#
# There is insufficient memory for the Java Runtime Environment to continue.
# Native memory allocation (malloc) failed to allocate 1953616 bytes. Error detail: Chunk::new
# Possible reasons:
#   The system is out of physical RAM or swap space
#   This process is running with CompressedOops enabled, and the Java Heap may be blocking the growth of the native heap
# Possible solutions:
#   Reduce memory load on the system
#   Increase physical memory or swap space
#   Check if swap backing store is full
#   Decrease Java heap size (-Xmx/-Xms)
#   Decrease number of Java threads
#   Decrease Java thread stack sizes (-Xss)
#   Set larger code cache with -XX:ReservedCodeCacheSize=
#   JVM is running with Unscaled Compressed Oops mode in which the Java heap is
#     placed in the first 4GB address space. The Java Heap base address is the
#     maximum limit for the native heap growth. Please use -XX:HeapBaseMinAddress
#     to set the Java Heap base and to place the Java Heap above 4GB virtual address.
# This output file may be truncated or incomplete.
#
#  Out of Memory Error (arena.cpp:168), pid=17068, tid=19112
#
# JRE version: OpenJDK Runtime Environment Temurin-21.0.11+10 (21.0.11+10) (build 21.0.11+10-LTS)
# Java VM: OpenJDK 64-Bit Server VM Temurin-21.0.11+10 (21.0.11+10-LTS, mixed mode, sharing, tiered, compressed oops, compressed class ptrs, g1 gc, windows-amd64)
# No core dump will be written. Minidumps are not enabled by default on client versions of Windows
#

---------------  S U M M A R Y ------------

Command Line: --add-modules=ALL-SYSTEM --add-opens=java.base/java.util=ALL-UNNAMED --add-opens=java.base/java.lang=ALL-UNNAMED --add-opens=java.base/sun.nio.fs=ALL-UNNAMED -Declipse.application=org.eclipse.jdt.ls.core.id1 -Dosgi.bundles.defaultStartLevel=4 -Declipse.product=org.eclipse.jdt.ls.core.product -Djava.import.generatesMetadataFilesAtProjectRoot=false -DDetectVMInstallationsJob.disabled=true -Dfile.encoding=utf8 -Xlog:disable -Xms128m -Xmx512m -XX:MaxMetaspaceSize=256m -javaagent:c:\Users\K.Dharunika\.vscode\extensions\redhat.java-1.55.0-win32-x64\lombok\lombok-1.18.39-4050.jar -XX:+HeapDumpOnOutOfMemoryError -XX:HeapDumpPath=c:\Users\K.Dharunika\AppData\Roaming\Code\User\workspaceStorage\5506443e8e7393d70c30ee31ca624cd7\redhat.java -Daether.dependencyCollector.impl=bf c:\Users\K.Dharunika\.vscode\extensions\redhat.java-1.55.0-win32-x64\server\plugins\org.eclipse.equinox.launcher_1.7.200.v20260619-2039.jar -configuration c:\Users\K.Dharunika\AppData\Roaming\Code\User\globalStorage\redhat.java\1.55.0\config_win -data c:\Users\K.Dharunika\AppData\Roaming\Code\User\workspaceStorage\5506443e8e7393d70c30ee31ca624cd7\redhat.java\jdt_ws --pipe=\\.\pipe\lsp-8afa5b13a2295aec11df82d24c1881ef-sock

Host: 12th Gen Intel(R) Core(TM) i5-12450H, 12 cores, 15G,  Windows 11 , 64 bit Build 26100 (10.0.26100.8521)
Time: Wed Jul  8 10:27:48 2026 India Standard Time elapsed time: 33.360613 seconds (0d 0h 0m 33s)

---------------  T H R E A D  ---------------

Current thread (0x0000015cf9995880):  JavaThread "C2 CompilerThread1" daemon [_thread_in_native, id=19112, stack(0x0000003b79a00000,0x0000003b79b00000) (1024K)]


Current CompileTask:
C2:33360 10836       4       org.lombokweb.asm.SymbolTable::<init> (554 bytes)

Stack: [0x0000003b79a00000,0x0000003b79b00000]
Native frames: (J=compiled Java code, j=interpreted, Vv=VM code, C=native code)
V  [jvm.dll+0x6d7e19]
V  [jvm.dll+0x8b5096]
V  [jvm.dll+0x8b764e]
V  [jvm.dll+0x8b7d33]
V  [jvm.dll+0x284596]
V  [jvm.dll+0xc685d]
V  [jvm.dll+0xc6da1]
V  [jvm.dll+0x3bed6b]
V  [jvm.dll+0x38b2b2]
V  [jvm.dll+0x38a6fa]
V  [jvm.dll+0x24c700]
V  [jvm.dll+0x24bce0]
V  [jvm.dll+0x1cb4ae]
V  [jvm.dll+0x25baad]
V  [jvm.dll+0x25a03a]
V  [jvm.dll+0x3f868e]
V  [jvm.dll+0x85fb0d]
V  [jvm.dll+0x6d664d]
C  [ucrtbase.dll+0x2cd30]
C  [KERNEL32.DLL+0x2e957]
C  [ntdll.dll+0x87c1c]


---------------  P R O C E S S  ---------------

Threads class SMR info:
_java_thread_list=0x0000015cfc75b630, length=68, elements={
0x0000015cd0b7cdc0, 0x0000015ce6951820, 0x0000015ce6952280, 0x0000015ce6953150,
0x0000015ce6953e10, 0x0000015ce6958f60, 0x0000015ce695d6b0, 0x0000015ce6966450,
0x0000015ce6976f00, 0x0000015ce6bfa240, 0x0000015ce6bf9520, 0x0000015ce6bf8e90,
0x0000015ce6bfa8d0, 0x0000015ce6bf8170, 0x0000015ce6bf9bb0, 0x0000015ce6bfaf60,
0x0000015ce6bf7ae0, 0x0000015ce6bf8800, 0x0000015cfa0eead0, 0x0000015cfa0ef160,
0x0000015cfa0ef7f0, 0x0000015cfa0efe80, 0x0000015cfa0f0510, 0x0000015cfa0f0ba0,
0x0000015cfa0f1230, 0x0000015cfa0eddb0, 0x0000015cfa0f18c0, 0x0000015cfa0ee440,
0x0000015cfa0f4d40, 0x0000015cfa0f1f50, 0x0000015cfa0f4020, 0x0000015cfa0f2c70,
0x0000015cfa0f46b0, 0x0000015cfa0f53d0, 0x0000015cfa0f3990, 0x0000015cfa0f3300,
0x0000015cfa0f25e0, 0x0000015cfa7c3390, 0x0000015cfa7c40b0, 0x0000015cfa7c4740,
0x0000015cfa7c4dd0, 0x0000015cfa7c3a20, 0x0000015cfa7c5460, 0x0000015cfa7c2d00,
0x0000015cfa7c1fe0, 0x0000015cfa7c2670, 0x0000015cfae07b00, 0x0000015cfae08190,
0x0000015cfae08eb0, 0x0000015cfae09540, 0x0000015cfae08820, 0x0000015cfae06750,
0x0000015cfae0d6e0, 0x0000015cfae0a260, 0x0000015cfae0c330, 0x0000015cfae0d050,
0x0000015cfae0bca0, 0x0000015cfae0b610, 0x0000015cfc977e70, 0x0000015cfc978500,
0x0000015cfc9777e0, 0x0000015cfc975da0, 0x0000015cfc9798b0, 0x0000015cf9995880,
0x0000015cf9994ae0, 0x0000015cfc976430, 0x0000015cfc979f40, 0x0000015cfc979220
}

Java Threads: ( => current thread )
  0x0000015cd0b7cdc0 JavaThread "main"                              [_thread_blocked, id=8788, stack(0x0000003b77500000,0x0000003b77600000) (1024K)]
  0x0000015ce6951820 JavaThread "Reference Handler"          daemon [_thread_blocked, id=16304, stack(0x0000003b77d00000,0x0000003b77e00000) (1024K)]
  0x0000015ce6952280 JavaThread "Finalizer"                  daemon [_thread_blocked, id=25072, stack(0x0000003b77e00000,0x0000003b77f00000) (1024K)]
  0x0000015ce6953150 JavaThread "Signal Dispatcher"          daemon [_thread_blocked, id=11380, stack(0x0000003b77f00000,0x0000003b78000000) (1024K)]
  0x0000015ce6953e10 JavaThread "Attach Listener"            daemon [_thread_blocked, id=13948, stack(0x0000003b78000000,0x0000003b78100000) (1024K)]
  0x0000015ce6958f60 JavaThread "Service Thread"             daemon [_thread_blocked, id=4360, stack(0x0000003b78100000,0x0000003b78200000) (1024K)]
  0x0000015ce695d6b0 JavaThread "Monitor Deflation Thread"   daemon [_thread_blocked, id=20852, stack(0x0000003b78200000,0x0000003b78300000) (1024K)]
  0x0000015ce6966450 JavaThread "C2 CompilerThread0"         daemon [_thread_in_native, id=4476, stack(0x0000003b78300000,0x0000003b78400000) (1024K)]
  0x0000015ce6976f00 JavaThread "C1 CompilerThread0"         daemon [_thread_blocked, id=20860, stack(0x0000003b78400000,0x0000003b78500000) (1024K)]
  0x0000015ce6bfa240 JavaThread "Common-Cleaner"             daemon [_thread_blocked, id=12152, stack(0x0000003b78600000,0x0000003b78700000) (1024K)]
  0x0000015ce6bf9520 JavaThread "Notification Thread"        daemon [_thread_blocked, id=3880, stack(0x0000003b78700000,0x0000003b78800000) (1024K)]
  0x0000015ce6bf8e90 JavaThread "Active Thread: Equinox Container: fafa5975-56e0-419d-acd7-90138b9c6cfe"        [_thread_blocked, id=26348, stack(0x0000003b78f00000,0x0000003b79000000) (1024K)]
  0x0000015ce6bfa8d0 JavaThread "Refresh Thread: Equinox Container: fafa5975-56e0-419d-acd7-90138b9c6cfe" daemon [_thread_blocked, id=26768, stack(0x0000003b78500000,0x0000003b78600000) (1024K)]
  0x0000015ce6bf8170 JavaThread "Framework Event Dispatcher: Equinox Container: fafa5975-56e0-419d-acd7-90138b9c6cfe" daemon [_thread_blocked, id=16664, stack(0x0000003b78800000,0x0000003b78900000) (1024K)]
  0x0000015ce6bf9bb0 JavaThread "Start Level: Equinox Container: fafa5975-56e0-419d-acd7-90138b9c6cfe" daemon [_thread_blocked, id=14308, stack(0x0000003b79000000,0x0000003b79100000) (1024K)]
  0x0000015ce6bfaf60 JavaThread "Bundle File Closer"         daemon [_thread_blocked, id=19932, stack(0x0000003b79300000,0x0000003b79400000) (1024K)]
  0x0000015ce6bf7ae0 JavaThread "SCR Component Actor"        daemon [_thread_blocked, id=10148, stack(0x0000003b79200000,0x0000003b79300000) (1024K)]
  0x0000015ce6bf8800 JavaThread "Worker-JM"                         [_thread_blocked, id=21608, stack(0x0000003b79600000,0x0000003b79700000) (1024K)]
  0x0000015cfa0eead0 JavaThread "JNA Cleaner"                daemon [_thread_blocked, id=16744, stack(0x0000003b79400000,0x0000003b79500000) (1024K)]
  0x0000015cfa0ef160 JavaThread "Worker-0"                          [_thread_blocked, id=24208, stack(0x0000003b79500000,0x0000003b79600000) (1024K)]
  0x0000015cfa0ef7f0 JavaThread "Worker-1: Initialize Workspace"        [_thread_blocked, id=3628, stack(0x0000003b79900000,0x0000003b79a00000) (1024K)]
  0x0000015cfa0efe80 JavaThread "Java indexing"              daemon [_thread_blocked, id=16092, stack(0x0000003b79e00000,0x0000003b79f00000) (1024K)]
  0x0000015cfa0f0510 JavaThread "Worker-2: Initialize workspace"        [_thread_blocked, id=12356, stack(0x0000003b7a100000,0x0000003b7a200000) (1024K)]
  0x0000015cfa0f0ba0 JavaThread "Worker-3: Building"                [_thread_in_native, id=18036, stack(0x0000003b7a200000,0x0000003b7a300000) (1024K)]
  0x0000015cfa0f1230 JavaThread "Thread-1"                   daemon [_thread_in_native, id=19460, stack(0x0000003b7a300000,0x0000003b7a400000) (1024K)]
  0x0000015cfa0eddb0 JavaThread "Thread-2"                   daemon [_thread_in_native, id=18712, stack(0x0000003b7a400000,0x0000003b7a500000) (1024K)]
  0x0000015cfa0f18c0 JavaThread "Thread-3"                   daemon [_thread_in_native, id=11692, stack(0x0000003b7a500000,0x0000003b7a600000) (1024K)]
  0x0000015cfa0ee440 JavaThread "Thread-4"                   daemon [_thread_in_native, id=10972, stack(0x0000003b7a600000,0x0000003b7a700000) (1024K)]
  0x0000015cfa0f4d40 JavaThread "Thread-5"                   daemon [_thread_in_native, id=15656, stack(0x0000003b7a700000,0x0000003b7a800000) (1024K)]
  0x0000015cfa0f1f50 JavaThread "Thread-6"                   daemon [_thread_in_native, id=25584, stack(0x0000003b7a800000,0x0000003b7a900000) (1024K)]
  0x0000015cfa0f4020 JavaThread "Thread-7"                   daemon [_thread_in_native, id=27472, stack(0x0000003b7a900000,0x0000003b7aa00000) (1024K)]
  0x0000015cfa0f2c70 JavaThread "Thread-8"                   daemon [_thread_in_native, id=20996, stack(0x0000003b7aa00000,0x0000003b7ab00000) (1024K)]
  0x0000015cfa0f46b0 JavaThread "Thread-9"                   daemon [_thread_in_native, id=4228, stack(0x0000003b7ab00000,0x0000003b7ac00000) (1024K)]
  0x0000015cfa0f53d0 JavaThread "Thread-10"                  daemon [_thread_in_native, id=7896, stack(0x0000003b7ac00000,0x0000003b7ad00000) (1024K)]
  0x0000015cfa0f3990 JavaThread "Thread-11"                  daemon [_thread_in_native, id=12324, stack(0x0000003b7ad00000,0x0000003b7ae00000) (1024K)]
  0x0000015cfa0f3300 JavaThread "Thread-12"                  daemon [_thread_in_native, id=22436, stack(0x0000003b7ae00000,0x0000003b7af00000) (1024K)]
  0x0000015cfa0f25e0 JavaThread "Thread-13"                  daemon [_thread_in_native, id=23680, stack(0x0000003b7af00000,0x0000003b7b000000) (1024K)]
  0x0000015cfa7c3390 JavaThread "pool-2-thread-1"                   [_thread_blocked, id=2900, stack(0x0000003b7b000000,0x0000003b7b100000) (1024K)]
  0x0000015cfa7c40b0 JavaThread "WorkspaceEventsHandler"            [_thread_blocked, id=12984, stack(0x0000003b7b100000,0x0000003b7b200000) (1024K)]
  0x0000015cfa7c4740 JavaThread "pool-1-thread-1"                   [_thread_blocked, id=17344, stack(0x0000003b7b200000,0x0000003b7b300000) (1024K)]
  0x0000015cfa7c4dd0 JavaThread "PatternSearchJob-worker-1"  daemon [_thread_blocked, id=21372, stack(0x0000003b7b300000,0x0000003b7b400000) (1024K)]
  0x0000015cfa7c3a20 JavaThread "PatternSearchJob-worker-2"  daemon [_thread_blocked, id=23072, stack(0x0000003b7b400000,0x0000003b7b500000) (1024K)]
  0x0000015cfa7c5460 JavaThread "PatternSearchJob-worker-3"  daemon [_thread_blocked, id=21164, stack(0x0000003b7b500000,0x0000003b7b600000) (1024K)]
  0x0000015cfa7c2d00 JavaThread "PatternSearchJob-worker-4"  daemon [_thread_blocked, id=14800, stack(0x0000003b7b600000,0x0000003b7b700000) (1024K)]
  0x0000015cfa7c1fe0 JavaThread "PatternSearchJob-worker-5"  daemon [_thread_blocked, id=9696, stack(0x0000003b7b700000,0x0000003b7b800000) (1024K)]
  0x0000015cfa7c2670 JavaThread "PatternSearchJob-worker-6"  daemon [_thread_blocked, id=19284, stack(0x0000003b7b800000,0x0000003b7b900000) (1024K)]
  0x0000015cfae07b00 JavaThread "PatternSearchJob-worker-7"  daemon [_thread_blocked, id=4548, stack(0x0000003b7b900000,0x0000003b7ba00000) (1024K)]
  0x0000015cfae08190 JavaThread "PatternSearchJob-worker-8"  daemon [_thread_blocked, id=10832, stack(0x0000003b7ba00000,0x0000003b7bb00000) (1024K)]
  0x0000015cfae08eb0 JavaThread "PatternSearchJob-worker-9"  daemon [_thread_blocked, id=2956, stack(0x0000003b7bb00000,0x0000003b7bc00000) (1024K)]
  0x0000015cfae09540 JavaThread "PatternSearchJob-worker-11" daemon [_thread_blocked, id=15488, stack(0x0000003b7bc00000,0x0000003b7bd00000) (1024K)]
  0x0000015cfae08820 JavaThread "PatternSearchJob-worker-10" daemon [_thread_blocked, id=18648, stack(0x0000003b7bd00000,0x0000003b7be00000) (1024K)]
  0x0000015cfae06750 JavaThread "ForkJoinPool.commonPool-worker-1" daemon [_thread_in_vm, id=14600, stack(0x0000003b7be00000,0x0000003b7bf00000) (1024K)]
  0x0000015cfae0d6e0 JavaThread "ForkJoinPool.commonPool-worker-2" daemon [_thread_blocked, id=7052, stack(0x0000003b7bf00000,0x0000003b7c000000) (1024K)]
  0x0000015cfae0a260 JavaThread "ForkJoinPool.commonPool-worker-3" daemon [_thread_blocked, id=13700, stack(0x0000003b7c000000,0x0000003b7c100000) (1024K)]
  0x0000015cfae0c330 JavaThread "ForkJoinPool.commonPool-worker-4" daemon [_thread_blocked, id=3048, stack(0x0000003b7c100000,0x0000003b7c200000) (1024K)]
  0x0000015cfae0d050 JavaThread "ForkJoinPool.commonPool-worker-5" daemon [_thread_blocked, id=1316, stack(0x0000003b7c200000,0x0000003b7c300000) (1024K)]
  0x0000015cfae0bca0 JavaThread "ForkJoinPool.commonPool-worker-6" daemon [_thread_blocked, id=6540, stack(0x0000003b7c300000,0x0000003b7c400000) (1024K)]
  0x0000015cfae0b610 JavaThread "Worker-4"                          [_thread_blocked, id=22068, stack(0x0000003b7c400000,0x0000003b7c500000) (1024K)]
  0x0000015cfc977e70 JavaThread "Worker-5"                          [_thread_blocked, id=19008, stack(0x0000003b7c900000,0x0000003b7ca00000) (1024K)]
  0x0000015cfc978500 JavaThread "ForkJoinPool.commonPool-worker-7" daemon [_thread_blocked, id=13220, stack(0x0000003b7ca00000,0x0000003b7cb00000) (1024K)]
  0x0000015cfc9777e0 JavaThread "Worker-6"                          [_thread_blocked, id=22704, stack(0x0000003b79d00000,0x0000003b79e00000) (1024K)]
  0x0000015cfc975da0 JavaThread "Worker-7"                          [_thread_blocked, id=22252, stack(0x0000003b7c500000,0x0000003b7c600000) (1024K)]
  0x0000015cfc9798b0 JavaThread "Worker-8"                          [_thread_blocked, id=4036, stack(0x0000003b7c600000,0x0000003b7c700000) (1024K)]
=>0x0000015cf9995880 JavaThread "C2 CompilerThread1"         daemon [_thread_in_native, id=19112, stack(0x0000003b79a00000,0x0000003b79b00000) (1024K)]
  0x0000015cf9994ae0 JavaThread "C2 CompilerThread2"         daemon [_thread_in_native, id=18956, stack(0x0000003b7c700000,0x0000003b7c800000) (1024K)]
  0x0000015cfc976430 JavaThread "Compiler Source File Reader" daemon [_thread_blocked, id=22124, stack(0x0000003b7c800000,0x0000003b7c900000) (1024K)]
  0x0000015cfc979f40 JavaThread "Compiler Processing Task"   daemon [_thread_blocked, id=16728, stack(0x0000003b7cb00000,0x0000003b7cc00000) (1024K)]
  0x0000015cfc979220 JavaThread "Cleaner-0"                  daemon [_thread_blocked, id=23584, stack(0x0000003b7cc00000,0x0000003b7cd00000) (1024K)]
Total: 68

Other Threads:
  0x0000015ce692ca00 VMThread "VM Thread"                           [id=13516, stack(0x0000003b77c00000,0x0000003b77d00000) (1024K)]
  0x0000015ce691d400 WatcherThread "VM Periodic Task Thread"        [id=11848, stack(0x0000003b77b00000,0x0000003b77c00000) (1024K)]
  0x0000015cd0baf690 WorkerThread "GC Thread#0"                     [id=14968, stack(0x0000003b77600000,0x0000003b77700000) (1024K)]
  0x0000015cf91f7c30 WorkerThread "GC Thread#1"                     [id=20636, stack(0x0000003b78900000,0x0000003b78a00000) (1024K)]
  0x0000015cf91f7fe0 WorkerThread "GC Thread#2"                     [id=19964, stack(0x0000003b78a00000,0x0000003b78b00000) (1024K)]
  0x0000015cf92df140 WorkerThread "GC Thread#3"                     [id=6908, stack(0x0000003b78b00000,0x0000003b78c00000) (1024K)]
  0x0000015cf93e3db0 WorkerThread "GC Thread#4"                     [id=4208, stack(0x0000003b78c00000,0x0000003b78d00000) (1024K)]
  0x0000015cf93e4160 WorkerThread "GC Thread#5"                     [id=18672, stack(0x0000003b78d00000,0x0000003b78e00000) (1024K)]
  0x0000015cf93e4510 WorkerThread "GC Thread#6"                     [id=20200, stack(0x0000003b78e00000,0x0000003b78f00000) (1024K)]
  0x0000015ce6aace40 WorkerThread "GC Thread#7"                     [id=19180, stack(0x0000003b79100000,0x0000003b79200000) (1024K)]
  0x0000015cf999a110 WorkerThread "GC Thread#8"                     [id=10792, stack(0x0000003b79700000,0x0000003b79800000) (1024K)]
  0x0000015cf9999250 WorkerThread "GC Thread#9"                     [id=14356, stack(0x0000003b79800000,0x0000003b79900000) (1024K)]
  0x0000015cd0bb4590 ConcurrentGCThread "G1 Main Marker"            [id=18196, stack(0x0000003b77700000,0x0000003b77800000) (1024K)]
  0x0000015cd0bb7480 WorkerThread "G1 Conc#0"                       [id=9064, stack(0x0000003b77800000,0x0000003b77900000) (1024K)]
  0x0000015cf9999600 WorkerThread "G1 Conc#1"                       [id=11616, stack(0x0000003b79b00000,0x0000003b79c00000) (1024K)]
  0x0000015cf9999d60 WorkerThread "G1 Conc#2"                       [id=27140, stack(0x0000003b79c00000,0x0000003b79d00000) (1024K)]
  0x0000015ce67dfd90 ConcurrentGCThread "G1 Refine#0"               [id=11136, stack(0x0000003b77900000,0x0000003b77a00000) (1024K)]
  0x0000015ce67e25d0 ConcurrentGCThread "G1 Service"                [id=18528, stack(0x0000003b77a00000,0x0000003b77b00000) (1024K)]
Total: 18

Threads with active compile tasks:
C2 CompilerThread0  35399 10832 %     4       org.lombokweb.asm.ClassReader::readCode @ 2037 (5117 bytes)
C2 CompilerThread1  35399 10836       4       org.lombokweb.asm.SymbolTable::<init> (554 bytes)
C2 CompilerThread2  35399 10692       4       org.eclipse.jdt.internal.compiler.lookup.BinaryTypeBinding::createMethod (1666 bytes)
Total: 3

VM state: not at safepoint (normal execution)

VM Mutex/Monitor currently owned by a thread: None

Heap address: 0x00000000e0000000, size: 512 MB, Compressed Oops mode: 32-bit

CDS archive(s) mapped at: [0x0000015ce7000000-0x0000015ce7ba0000-0x0000015ce7ba0000), size 12189696, SharedBaseAddress: 0x0000015ce7000000, ArchiveRelocationMode: 1.
Compressed class space mapped at: 0x0000015ce8000000-0x0000015cf5000000, reserved size: 218103808
Narrow klass base: 0x0000015ce7000000, Narrow klass shift: 0, Narrow klass range: 0x100000000

GC Precious Log:
 CardTable entry size: 512
 Card Set container configuration: InlinePtr #cards 5 size 8 Array Of Cards #cards 12 size 40 Howl #buckets 4 coarsen threshold 1843 Howl Bitmap #cards 512 size 80 coarsen threshold 460 Card regions per heap region 1 cards per card region 2048
 CPUs: 12 total, 12 available
 Memory: 16024M
 Large Page Support: Disabled
 NUMA Support: Disabled
 Compressed Oops: Enabled (32-bit)
 Heap Region Size: 1M
 Heap Min Capacity: 128M
 Heap Initial Capacity: 128M
 Heap Max Capacity: 512M
 Pre-touch: Disabled
 Parallel Workers: 10
 Concurrent Workers: 3
 Concurrent Refinement Workers: 10
 Periodic GC: Disabled

Heap:
 garbage-first heap   total 215040K, used 120829K [0x00000000e0000000, 0x0000000100000000)
  region size 1024K, 54 young (55296K), 7 survivors (7168K)
 Metaspace       used 67979K, committed 69440K, reserved 278528K
  class space    used 7213K, committed 7808K, reserved 212992K

Heap Regions: E=young(eden), S=young(survivor), O=old, HS=humongous(starts), HC=humongous(continues), CS=collection set, F=free, TAMS=top-at-mark-start, PB=parsable bottom
|   0|0x00000000e0000000, 0x00000000e0100000, 0x00000000e0100000|100%| O|  |TAMS 0x00000000e0000000| PB 0x00000000e0000000| Untracked 
|   1|0x00000000e0100000, 0x00000000e0200000, 0x00000000e0200000|100%| O|  |TAMS 0x00000000e0100000| PB 0x00000000e0100000| Untracked 
|   2|0x00000000e0200000, 0x00000000e0300000, 0x00000000e0300000|100%| O|  |TAMS 0x00000000e0200000| PB 0x00000000e0200000| Untracked 
|   3|0x00000000e0300000, 0x00000000e0400000, 0x00000000e0400000|100%| O|  |TAMS 0x00000000e0300000| PB 0x00000000e0300000| Untracked 
|   4|0x00000000e0400000, 0x00000000e0500000, 0x00000000e0500000|100%| O|  |TAMS 0x00000000e0400000| PB 0x00000000e0400000| Untracked 
|   5|0x00000000e0500000, 0x00000000e0600000, 0x00000000e0600000|100%| O|  |TAMS 0x00000000e0500000| PB 0x00000000e0500000| Untracked 
|   6|0x00000000e0600000, 0x00000000e0700000, 0x00000000e0700000|100%| O|  |TAMS 0x00000000e0600000| PB 0x00000000e0600000| Untracked 
|   7|0x00000000e0700000, 0x00000000e0800000, 0x00000000e0800000|100%| O|  |TAMS 0x00000000e0700000| PB 0x00000000e0700000| Untracked 
|   8|0x00000000e0800000, 0x00000000e0900000, 0x00000000e0900000|100%| O|  |TAMS 0x00000000e0800000| PB 0x00000000e0800000| Untracked 
|   9|0x00000000e0900000, 0x00000000e0a00000, 0x00000000e0a00000|100%| O|  |TAMS 0x00000000e0900000| PB 0x00000000e0900000| Untracked 
|  10|0x00000000e0a00000, 0x00000000e0b00000, 0x00000000e0b00000|100%| O|  |TAMS 0x00000000e0a00000| PB 0x00000000e0a00000| Untracked 
|  11|0x00000000e0b00000, 0x00000000e0c00000, 0x00000000e0c00000|100%| O|  |TAMS 0x00000000e0b00000| PB 0x00000000e0b00000| Untracked 
|  12|0x00000000e0c00000, 0x00000000e0d00000, 0x00000000e0d00000|100%|HS|  |TAMS 0x00000000e0c00000| PB 0x00000000e0c00000| Complete 
|  13|0x00000000e0d00000, 0x00000000e0e00000, 0x00000000e0e00000|100%|HS|  |TAMS 0x00000000e0d00000| PB 0x00000000e0d00000| Complete 
|  14|0x00000000e0e00000, 0x00000000e0f00000, 0x00000000e0f00000|100%| O|  |TAMS 0x00000000e0e00000| PB 0x00000000e0e00000| Untracked 
|  15|0x00000000e0f00000, 0x00000000e1000000, 0x00000000e1000000|100%| O|  |TAMS 0x00000000e0f00000| PB 0x00000000e0f00000| Untracked 
|  16|0x00000000e1000000, 0x00000000e1100000, 0x00000000e1100000|100%| O|  |TAMS 0x00000000e1000000| PB 0x00000000e1000000| Untracked 
|  17|0x00000000e1100000, 0x00000000e1200000, 0x00000000e1200000|100%| O|  |TAMS 0x00000000e1100000| PB 0x00000000e1100000| Untracked 
|  18|0x00000000e1200000, 0x00000000e1300000, 0x00000000e1300000|100%| O|  |TAMS 0x00000000e1200000| PB 0x00000000e1200000| Untracked 
|  19|0x00000000e1300000, 0x00000000e1400000, 0x00000000e1400000|100%| O|  |TAMS 0x00000000e1300000| PB 0x00000000e1300000| Untracked 
|  20|0x00000000e1400000, 0x00000000e1500000, 0x00000000e1500000|100%| O|  |TAMS 0x00000000e1400000| PB 0x00000000e1400000| Untracked 
|  21|0x00000000e1500000, 0x00000000e1600000, 0x00000000e1600000|100%| O|  |TAMS 0x00000000e1500000| PB 0x00000000e1500000| Untracked 
|  22|0x00000000e1600000, 0x00000000e1700000, 0x00000000e1700000|100%| O|  |TAMS 0x00000000e1600000| PB 0x00000000e1600000| Untracked 
|  23|0x00000000e1700000, 0x00000000e1800000, 0x00000000e1800000|100%| O|  |TAMS 0x00000000e1700000| PB 0x00000000e1700000| Untracked 
|  24|0x00000000e1800000, 0x00000000e1900000, 0x00000000e1900000|100%| O|  |TAMS 0x00000000e1800000| PB 0x00000000e1800000| Untracked 
|  25|0x00000000e1900000, 0x00000000e1a00000, 0x00000000e1a00000|100%| O|  |TAMS 0x00000000e1900000| PB 0x00000000e1900000| Untracked 
|  26|0x00000000e1a00000, 0x00000000e1b00000, 0x00000000e1b00000|100%| O|  |TAMS 0x00000000e1a00000| PB 0x00000000e1a00000| Untracked 
|  27|0x00000000e1b00000, 0x00000000e1c00000, 0x00000000e1c00000|100%| O|  |TAMS 0x00000000e1b00000| PB 0x00000000e1b00000| Untracked 
|  28|0x00000000e1c00000, 0x00000000e1d00000, 0x00000000e1d00000|100%| O|  |TAMS 0x00000000e1c00000| PB 0x00000000e1c00000| Untracked 
|  29|0x00000000e1d00000, 0x00000000e1e00000, 0x00000000e1e00000|100%| O|  |TAMS 0x00000000e1d00000| PB 0x00000000e1d00000| Untracked 
|  30|0x00000000e1e00000, 0x00000000e1f00000, 0x00000000e1f00000|100%| O|  |TAMS 0x00000000e1e00000| PB 0x00000000e1e00000| Untracked 
|  31|0x00000000e1f00000, 0x00000000e2000000, 0x00000000e2000000|100%| O|  |TAMS 0x00000000e1f00000| PB 0x00000000e1f00000| Untracked 
|  32|0x00000000e2000000, 0x00000000e2100000, 0x00000000e2100000|100%| O|  |TAMS 0x00000000e2000000| PB 0x00000000e2000000| Untracked 
|  33|0x00000000e2100000, 0x00000000e2200000, 0x00000000e2200000|100%| O|  |TAMS 0x00000000e2100000| PB 0x00000000e2100000| Untracked 
|  34|0x00000000e2200000, 0x00000000e2300000, 0x00000000e2300000|100%| O|  |TAMS 0x00000000e2200000| PB 0x00000000e2200000| Untracked 
|  35|0x00000000e2300000, 0x00000000e2400000, 0x00000000e2400000|100%| O|  |TAMS 0x00000000e2300000| PB 0x00000000e2300000| Untracked 
|  36|0x00000000e2400000, 0x00000000e2500000, 0x00000000e2500000|100%| O|  |TAMS 0x00000000e2400000| PB 0x00000000e2400000| Untracked 
|  37|0x00000000e2500000, 0x00000000e2600000, 0x00000000e2600000|100%| O|  |TAMS 0x00000000e2500000| PB 0x00000000e2500000| Untracked 
|  38|0x00000000e2600000, 0x00000000e2700000, 0x00000000e2700000|100%| O|  |TAMS 0x00000000e2600000| PB 0x00000000e2600000| Untracked 
|  39|0x00000000e2700000, 0x00000000e2800000, 0x00000000e2800000|100%| O|  |TAMS 0x00000000e2700000| PB 0x00000000e2700000| Untracked 
|  40|0x00000000e2800000, 0x00000000e2900000, 0x00000000e2900000|100%| O|  |TAMS 0x00000000e2800000| PB 0x00000000e2800000| Untracked 
|  41|0x00000000e2900000, 0x00000000e2a00000, 0x00000000e2a00000|100%| O|  |TAMS 0x00000000e2900000| PB 0x00000000e2900000| Untracked 
|  42|0x00000000e2a00000, 0x00000000e2b00000, 0x00000000e2b00000|100%| O|  |TAMS 0x00000000e2a00000| PB 0x00000000e2a00000| Untracked 
|  43|0x00000000e2b00000, 0x00000000e2c00000, 0x00000000e2c00000|100%| O|  |TAMS 0x00000000e2b00000| PB 0x00000000e2b00000| Untracked 
|  44|0x00000000e2c00000, 0x00000000e2d00000, 0x00000000e2d00000|100%| O|  |TAMS 0x00000000e2c00000| PB 0x00000000e2c00000| Untracked 
|  45|0x00000000e2d00000, 0x00000000e2e00000, 0x00000000e2e00000|100%|HS|  |TAMS 0x00000000e2d00000| PB 0x00000000e2d00000| Complete 
|  46|0x00000000e2e00000, 0x00000000e2f00000, 0x00000000e2f00000|100%| O|  |TAMS 0x00000000e2e00000| PB 0x00000000e2e00000| Untracked 
|  47|0x00000000e2f00000, 0x00000000e3000000, 0x00000000e3000000|100%| O|  |TAMS 0x00000000e2f00000| PB 0x00000000e2f00000| Untracked 
|  48|0x00000000e3000000, 0x00000000e3100000, 0x00000000e3100000|100%| O|  |TAMS 0x00000000e3000000| PB 0x00000000e3000000| Untracked 
|  49|0x00000000e3100000, 0x00000000e3200000, 0x00000000e3200000|100%| O|  |TAMS 0x00000000e3100000| PB 0x00000000e3100000| Untracked 
|  50|0x00000000e3200000, 0x00000000e3300000, 0x00000000e3300000|100%| O|  |TAMS 0x00000000e3200000| PB 0x00000000e3200000| Untracked 
|  51|0x00000000e3300000, 0x00000000e3400000, 0x00000000e3400000|100%|HS|  |TAMS 0x00000000e3300000| PB 0x00000000e3300000| Complete 
|  52|0x00000000e3400000, 0x00000000e3500000, 0x00000000e3500000|100%| O|  |TAMS 0x00000000e3400000| PB 0x00000000e3400000| Untracked 
|  53|0x00000000e3500000, 0x00000000e3600000, 0x00000000e3600000|100%| O|  |TAMS 0x00000000e3500000| PB 0x00000000e3500000| Untracked 
|  54|0x00000000e3600000, 0x00000000e3700000, 0x00000000e3700000|100%| O|  |TAMS 0x00000000e3600000| PB 0x00000000e3600000| Untracked 
|  55|0x00000000e3700000, 0x00000000e3700000, 0x00000000e3800000|  0%| F|  |TAMS 0x00000000e3700000| PB 0x00000000e3700000| Untracked 
|  56|0x00000000e3800000, 0x00000000e3900000, 0x00000000e3900000|100%| O|Cm|TAMS 0x00000000e3800000| PB 0x00000000e3800000| Complete 
|  57|0x00000000e3900000, 0x00000000e3a00000, 0x00000000e3a00000|100%| O|  |TAMS 0x00000000e3900000| PB 0x00000000e3900000| Untracked 
|  58|0x00000000e3a00000, 0x00000000e3b00000, 0x00000000e3b00000|100%| O|  |TAMS 0x00000000e3a00000| PB 0x00000000e3a00000| Untracked 
|  59|0x00000000e3b00000, 0x00000000e3c00000, 0x00000000e3c00000|100%| O|  |TAMS 0x00000000e3b00000| PB 0x00000000e3b00000| Untracked 
|  60|0x00000000e3c00000, 0x00000000e3cff440, 0x00000000e3d00000| 99%| O|  |TAMS 0x00000000e3c00000| PB 0x00000000e3c00000| Untracked 
|  61|0x00000000e3d00000, 0x00000000e3e00000, 0x00000000e3e00000|100%|HS|  |TAMS 0x00000000e3d00000| PB 0x00000000e3d00000| Complete 
|  62|0x00000000e3e00000, 0x00000000e3f00000, 0x00000000e3f00000|100%|HC|  |TAMS 0x00000000e3e00000| PB 0x00000000e3e00000| Complete 
|  63|0x00000000e3f00000, 0x00000000e4000000, 0x00000000e4000000|100%| O|Cm|TAMS 0x00000000e3f00000| PB 0x00000000e3f00000| Complete 
|  64|0x00000000e4000000, 0x00000000e4100000, 0x00000000e4100000|100%| O|  |TAMS 0x00000000e4000000| PB 0x00000000e4000000| Untracked 
|  65|0x00000000e4100000, 0x00000000e4200000, 0x00000000e4200000|100%| O|  |TAMS 0x00000000e4100000| PB 0x00000000e4100000| Untracked 
|  66|0x00000000e4200000, 0x00000000e4300000, 0x00000000e4300000|100%| O|  |TAMS 0x00000000e4200000| PB 0x00000000e4200000| Untracked 
|  67|0x00000000e4300000, 0x00000000e4300000, 0x00000000e4400000|  0%| F|  |TAMS 0x00000000e4300000| PB 0x00000000e4300000| Untracked 
|  68|0x00000000e4400000, 0x00000000e4400000, 0x00000000e4500000|  0%| F|  |TAMS 0x00000000e4400000| PB 0x00000000e4400000| Untracked 
|  69|0x00000000e4500000, 0x00000000e4500000, 0x00000000e4600000|  0%| F|  |TAMS 0x00000000e4500000| PB 0x00000000e4500000| Untracked 
|  70|0x00000000e4600000, 0x00000000e4600000, 0x00000000e4700000|  0%| F|  |TAMS 0x00000000e4600000| PB 0x00000000e4600000| Untracked 
|  71|0x00000000e4700000, 0x00000000e4700000, 0x00000000e4800000|  0%| F|  |TAMS 0x00000000e4700000| PB 0x00000000e4700000| Untracked 
|  72|0x00000000e4800000, 0x00000000e4800000, 0x00000000e4900000|  0%| F|  |TAMS 0x00000000e4800000| PB 0x00000000e4800000| Untracked 
|  73|0x00000000e4900000, 0x00000000e4900000, 0x00000000e4a00000|  0%| F|  |TAMS 0x00000000e4900000| PB 0x00000000e4900000| Untracked 
|  74|0x00000000e4a00000, 0x00000000e4a00000, 0x00000000e4b00000|  0%| F|  |TAMS 0x00000000e4a00000| PB 0x00000000e4a00000| Untracked 
|  75|0x00000000e4b00000, 0x00000000e4b00000, 0x00000000e4c00000|  0%| F|  |TAMS 0x00000000e4b00000| PB 0x00000000e4b00000| Untracked 
|  76|0x00000000e4c00000, 0x00000000e4c00000, 0x00000000e4d00000|  0%| F|  |TAMS 0x00000000e4c00000| PB 0x00000000e4c00000| Untracked 
|  77|0x00000000e4d00000, 0x00000000e4d00000, 0x00000000e4e00000|  0%| F|  |TAMS 0x00000000e4d00000| PB 0x00000000e4d00000| Untracked 
|  78|0x00000000e4e00000, 0x00000000e4e00000, 0x00000000e4f00000|  0%| F|  |TAMS 0x00000000e4e00000| PB 0x00000000e4e00000| Untracked 
|  79|0x00000000e4f00000, 0x00000000e4f00000, 0x00000000e5000000|  0%| F|  |TAMS 0x00000000e4f00000| PB 0x00000000e4f00000| Untracked 
|  80|0x00000000e5000000, 0x00000000e5000000, 0x00000000e5100000|  0%| F|  |TAMS 0x00000000e5000000| PB 0x00000000e5000000| Untracked 
|  81|0x00000000e5100000, 0x00000000e5100000, 0x00000000e5200000|  0%| F|  |TAMS 0x00000000e5100000| PB 0x00000000e5100000| Untracked 
|  82|0x00000000e5200000, 0x00000000e5200000, 0x00000000e5300000|  0%| F|  |TAMS 0x00000000e5200000| PB 0x00000000e5200000| Untracked 
|  83|0x00000000e5300000, 0x00000000e5300000, 0x00000000e5400000|  0%| F|  |TAMS 0x00000000e5300000| PB 0x00000000e5300000| Untracked 
|  84|0x00000000e5400000, 0x00000000e5400000, 0x00000000e5500000|  0%| F|  |TAMS 0x00000000e5400000| PB 0x00000000e5400000| Untracked 
|  85|0x00000000e5500000, 0x00000000e5500000, 0x00000000e5600000|  0%| F|  |TAMS 0x00000000e5500000| PB 0x00000000e5500000| Untracked 
|  86|0x00000000e5600000, 0x00000000e5600000, 0x00000000e5700000|  0%| F|  |TAMS 0x00000000e5600000| PB 0x00000000e5600000| Untracked 
|  87|0x00000000e5700000, 0x00000000e5700000, 0x00000000e5800000|  0%| F|  |TAMS 0x00000000e5700000| PB 0x00000000e5700000| Untracked 
|  88|0x00000000e5800000, 0x00000000e5800000, 0x00000000e5900000|  0%| F|  |TAMS 0x00000000e5800000| PB 0x00000000e5800000| Untracked 
|  89|0x00000000e5900000, 0x00000000e5900000, 0x00000000e5a00000|  0%| F|  |TAMS 0x00000000e5900000| PB 0x00000000e5900000| Untracked 
|  90|0x00000000e5a00000, 0x00000000e5a00000, 0x00000000e5b00000|  0%| F|  |TAMS 0x00000000e5a00000| PB 0x00000000e5a00000| Untracked 
|  91|0x00000000e5b00000, 0x00000000e5b00000, 0x00000000e5c00000|  0%| F|  |TAMS 0x00000000e5b00000| PB 0x00000000e5b00000| Untracked 
|  92|0x00000000e5c00000, 0x00000000e5c00000, 0x00000000e5d00000|  0%| F|  |TAMS 0x00000000e5c00000| PB 0x00000000e5c00000| Untracked 
|  93|0x00000000e5d00000, 0x00000000e5d00000, 0x00000000e5e00000|  0%| F|  |TAMS 0x00000000e5d00000| PB 0x00000000e5d00000| Untracked 
|  94|0x00000000e5e00000, 0x00000000e5e00000, 0x00000000e5f00000|  0%| F|  |TAMS 0x00000000e5e00000| PB 0x00000000e5e00000| Untracked 
|  95|0x00000000e5f00000, 0x00000000e5f00000, 0x00000000e6000000|  0%| F|  |TAMS 0x00000000e5f00000| PB 0x00000000e5f00000| Untracked 
|  96|0x00000000e6000000, 0x00000000e6000000, 0x00000000e6100000|  0%| F|  |TAMS 0x00000000e6000000| PB 0x00000000e6000000| Untracked 
|  97|0x00000000e6100000, 0x00000000e6100000, 0x00000000e6200000|  0%| F|  |TAMS 0x00000000e6100000| PB 0x00000000e6100000| Untracked 
|  98|0x00000000e6200000, 0x00000000e6200000, 0x00000000e6300000|  0%| F|  |TAMS 0x00000000e6200000| PB 0x00000000e6200000| Untracked 
|  99|0x00000000e6300000, 0x00000000e6300000, 0x00000000e6400000|  0%| F|  |TAMS 0x00000000e6300000| PB 0x00000000e6300000| Untracked 
| 100|0x00000000e6400000, 0x00000000e6400000, 0x00000000e6500000|  0%| F|  |TAMS 0x00000000e6400000| PB 0x00000000e6400000| Untracked 
| 101|0x00000000e6500000, 0x00000000e6500000, 0x00000000e6600000|  0%| F|  |TAMS 0x00000000e6500000| PB 0x00000000e6500000| Untracked 
| 102|0x00000000e6600000, 0x00000000e6600000, 0x00000000e6700000|  0%| F|  |TAMS 0x00000000e6600000| PB 0x00000000e6600000| Untracked 
| 103|0x00000000e6700000, 0x00000000e6700000, 0x00000000e6800000|  0%| F|  |TAMS 0x00000000e6700000| PB 0x00000000e6700000| Untracked 
| 104|0x00000000e6800000, 0x00000000e6800000, 0x00000000e6900000|  0%| F|  |TAMS 0x00000000e6800000| PB 0x00000000e6800000| Untracked 
| 105|0x00000000e6900000, 0x00000000e6900000, 0x00000000e6a00000|  0%| F|  |TAMS 0x00000000e6900000| PB 0x00000000e6900000| Untracked 
| 106|0x00000000e6a00000, 0x00000000e6a00000, 0x00000000e6b00000|  0%| F|  |TAMS 0x00000000e6a00000| PB 0x00000000e6a00000| Untracked 
| 107|0x00000000e6b00000, 0x00000000e6b00000, 0x00000000e6c00000|  0%| F|  |TAMS 0x00000000e6b00000| PB 0x00000000e6b00000| Untracked 
| 108|0x00000000e6c00000, 0x00000000e6c00000, 0x00000000e6d00000|  0%| F|  |TAMS 0x00000000e6c00000| PB 0x00000000e6c00000| Untracked 
| 109|0x00000000e6d00000, 0x00000000e6d00000, 0x00000000e6e00000|  0%| F|  |TAMS 0x00000000e6d00000| PB 0x00000000e6d00000| Untracked 
| 110|0x00000000e6e00000, 0x00000000e6e00000, 0x00000000e6f00000|  0%| F|  |TAMS 0x00000000e6e00000| PB 0x00000000e6e00000| Untracked 
| 111|0x00000000e6f00000, 0x00000000e6f00000, 0x00000000e7000000|  0%| F|  |TAMS 0x00000000e6f00000| PB 0x00000000e6f00000| Untracked 
| 112|0x00000000e7000000, 0x00000000e7000000, 0x00000000e7100000|  0%| F|  |TAMS 0x00000000e7000000| PB 0x00000000e7000000| Untracked 
| 113|0x00000000e7100000, 0x00000000e7100000, 0x00000000e7200000|  0%| F|  |TAMS 0x00000000e7100000| PB 0x00000000e7100000| Untracked 
| 114|0x00000000e7200000, 0x00000000e7200000, 0x00000000e7300000|  0%| F|  |TAMS 0x00000000e7200000| PB 0x00000000e7200000| Untracked 
| 115|0x00000000e7300000, 0x00000000e7300000, 0x00000000e7400000|  0%| F|  |TAMS 0x00000000e7300000| PB 0x00000000e7300000| Untracked 
| 116|0x00000000e7400000, 0x00000000e7400000, 0x00000000e7500000|  0%| F|  |TAMS 0x00000000e7400000| PB 0x00000000e7400000| Untracked 
| 117|0x00000000e7500000, 0x00000000e7500000, 0x00000000e7600000|  0%| F|  |TAMS 0x00000000e7500000| PB 0x00000000e7500000| Untracked 
| 118|0x00000000e7600000, 0x00000000e7600000, 0x00000000e7700000|  0%| F|  |TAMS 0x00000000e7600000| PB 0x00000000e7600000| Untracked 
| 119|0x00000000e7700000, 0x00000000e7700000, 0x00000000e7800000|  0%| F|  |TAMS 0x00000000e7700000| PB 0x00000000e7700000| Untracked 
| 120|0x00000000e7800000, 0x00000000e7800000, 0x00000000e7900000|  0%| F|  |TAMS 0x00000000e7800000| PB 0x00000000e7800000| Untracked 
| 121|0x00000000e7900000, 0x00000000e7900000, 0x00000000e7a00000|  0%| F|  |TAMS 0x00000000e7900000| PB 0x00000000e7900000| Untracked 
| 122|0x00000000e7a00000, 0x00000000e7a00000, 0x00000000e7b00000|  0%| F|  |TAMS 0x00000000e7a00000| PB 0x00000000e7a00000| Untracked 
| 123|0x00000000e7b00000, 0x00000000e7b00000, 0x00000000e7c00000|  0%| F|  |TAMS 0x00000000e7b00000| PB 0x00000000e7b00000| Untracked 
| 124|0x00000000e7c00000, 0x00000000e7c00000, 0x00000000e7d00000|  0%| F|  |TAMS 0x00000000e7c00000| PB 0x00000000e7c00000| Untracked 
| 125|0x00000000e7d00000, 0x00000000e7d00000, 0x00000000e7e00000|  0%| F|  |TAMS 0x00000000e7d00000| PB 0x00000000e7d00000| Untracked 
| 126|0x00000000e7e00000, 0x00000000e7e00000, 0x00000000e7f00000|  0%| F|  |TAMS 0x00000000e7e00000| PB 0x00000000e7e00000| Untracked 
| 127|0x00000000e7f00000, 0x00000000e7f00000, 0x00000000e8000000|  0%| F|  |TAMS 0x00000000e7f00000| PB 0x00000000e7f00000| Untracked 
| 128|0x00000000e8000000, 0x00000000e8000000, 0x00000000e8100000|  0%| F|  |TAMS 0x00000000e8000000| PB 0x00000000e8000000| Untracked 
| 129|0x00000000e8100000, 0x00000000e8100000, 0x00000000e8200000|  0%| F|  |TAMS 0x00000000e8100000| PB 0x00000000e8100000| Untracked 
| 130|0x00000000e8200000, 0x00000000e8200000, 0x00000000e8300000|  0%| F|  |TAMS 0x00000000e8200000| PB 0x00000000e8200000| Untracked 
| 131|0x00000000e8300000, 0x00000000e8300000, 0x00000000e8400000|  0%| F|  |TAMS 0x00000000e8300000| PB 0x00000000e8300000| Untracked 
| 132|0x00000000e8400000, 0x00000000e8400000, 0x00000000e8500000|  0%| F|  |TAMS 0x00000000e8400000| PB 0x00000000e8400000| Untracked 
| 133|0x00000000e8500000, 0x00000000e8500000, 0x00000000e8600000|  0%| F|  |TAMS 0x00000000e8500000| PB 0x00000000e8500000| Untracked 
| 134|0x00000000e8600000, 0x00000000e8600000, 0x00000000e8700000|  0%| F|  |TAMS 0x00000000e8600000| PB 0x00000000e8600000| Untracked 
| 135|0x00000000e8700000, 0x00000000e8700000, 0x00000000e8800000|  0%| F|  |TAMS 0x00000000e8700000| PB 0x00000000e8700000| Untracked 
| 136|0x00000000e8800000, 0x00000000e8800000, 0x00000000e8900000|  0%| F|  |TAMS 0x00000000e8800000| PB 0x00000000e8800000| Untracked 
| 137|0x00000000e8900000, 0x00000000e8900000, 0x00000000e8a00000|  0%| F|  |TAMS 0x00000000e8900000| PB 0x00000000e8900000| Untracked 
| 138|0x00000000e8a00000, 0x00000000e8a00000, 0x00000000e8b00000|  0%| F|  |TAMS 0x00000000e8a00000| PB 0x00000000e8a00000| Untracked 
| 139|0x00000000e8b00000, 0x00000000e8b00000, 0x00000000e8c00000|  0%| F|  |TAMS 0x00000000e8b00000| PB 0x00000000e8b00000| Untracked 
| 140|0x00000000e8c00000, 0x00000000e8c00000, 0x00000000e8d00000|  0%| F|  |TAMS 0x00000000e8c00000| PB 0x00000000e8c00000| Untracked 
| 141|0x00000000e8d00000, 0x00000000e8d00000, 0x00000000e8e00000|  0%| F|  |TAMS 0x00000000e8d00000| PB 0x00000000e8d00000| Untracked 
| 142|0x00000000e8e00000, 0x00000000e8e00000, 0x00000000e8f00000|  0%| F|  |TAMS 0x00000000e8e00000| PB 0x00000000e8e00000| Untracked 
| 143|0x00000000e8f00000, 0x00000000e8f00000, 0x00000000e9000000|  0%| F|  |TAMS 0x00000000e8f00000| PB 0x00000000e8f00000| Untracked 
| 144|0x00000000e9000000, 0x00000000e9000000, 0x00000000e9100000|  0%| F|  |TAMS 0x00000000e9000000| PB 0x00000000e9000000| Untracked 
| 145|0x00000000e9100000, 0x00000000e9100000, 0x00000000e9200000|  0%| F|  |TAMS 0x00000000e9100000| PB 0x00000000e9100000| Untracked 
| 146|0x00000000e9200000, 0x00000000e9200000, 0x00000000e9300000|  0%| F|  |TAMS 0x00000000e9200000| PB 0x00000000e9200000| Untracked 
| 147|0x00000000e9300000, 0x00000000e9300000, 0x00000000e9400000|  0%| F|  |TAMS 0x00000000e9300000| PB 0x00000000e9300000| Untracked 
| 148|0x00000000e9400000, 0x00000000e9400000, 0x00000000e9500000|  0%| F|  |TAMS 0x00000000e9400000| PB 0x00000000e9400000| Untracked 
| 149|0x00000000e9500000, 0x00000000e9500000, 0x00000000e9600000|  0%| F|  |TAMS 0x00000000e9500000| PB 0x00000000e9500000| Untracked 
| 150|0x00000000e9600000, 0x00000000e9600000, 0x00000000e9700000|  0%| F|  |TAMS 0x00000000e9600000| PB 0x00000000e9600000| Untracked 
| 151|0x00000000e9700000, 0x00000000e9700000, 0x00000000e9800000|  0%| F|  |TAMS 0x00000000e9700000| PB 0x00000000e9700000| Untracked 
| 152|0x00000000e9800000, 0x00000000e9800000, 0x00000000e9900000|  0%| F|  |TAMS 0x00000000e9800000| PB 0x00000000e9800000| Untracked 
| 153|0x00000000e9900000, 0x00000000e9900000, 0x00000000e9a00000|  0%| F|  |TAMS 0x00000000e9900000| PB 0x00000000e9900000| Untracked 
| 154|0x00000000e9a00000, 0x00000000e9a00000, 0x00000000e9b00000|  0%| F|  |TAMS 0x00000000e9a00000| PB 0x00000000e9a00000| Untracked 
| 155|0x00000000e9b00000, 0x00000000e9b4b0d8, 0x00000000e9c00000| 29%| E|  |TAMS 0x00000000e9b00000| PB 0x00000000e9b00000| Complete 
| 156|0x00000000e9c00000, 0x00000000e9d00000, 0x00000000e9d00000|100%| E|CS|TAMS 0x00000000e9c00000| PB 0x00000000e9c00000| Complete 
| 157|0x00000000e9d00000, 0x00000000e9e00000, 0x00000000e9e00000|100%| E|  |TAMS 0x00000000e9d00000| PB 0x00000000e9d00000| Complete 
| 158|0x00000000e9e00000, 0x00000000e9f00000, 0x00000000e9f00000|100%| E|CS|TAMS 0x00000000e9e00000| PB 0x00000000e9e00000| Complete 
| 159|0x00000000e9f00000, 0x00000000ea000000, 0x00000000ea000000|100%| E|CS|TAMS 0x00000000e9f00000| PB 0x00000000e9f00000| Complete 
| 160|0x00000000ea000000, 0x00000000ea100000, 0x00000000ea100000|100%| E|CS|TAMS 0x00000000ea000000| PB 0x00000000ea000000| Complete 
| 161|0x00000000ea100000, 0x00000000ea200000, 0x00000000ea200000|100%| E|CS|TAMS 0x00000000ea100000| PB 0x00000000ea100000| Complete 
| 162|0x00000000ea200000, 0x00000000ea300000, 0x00000000ea300000|100%| E|CS|TAMS 0x00000000ea200000| PB 0x00000000ea200000| Complete 
| 163|0x00000000ea300000, 0x00000000ea400000, 0x00000000ea400000|100%| E|CS|TAMS 0x00000000ea300000| PB 0x00000000ea300000| Complete 
| 164|0x00000000ea400000, 0x00000000ea500000, 0x00000000ea500000|100%| E|CS|TAMS 0x00000000ea400000| PB 0x00000000ea400000| Complete 
| 165|0x00000000ea500000, 0x00000000ea600000, 0x00000000ea600000|100%| E|CS|TAMS 0x00000000ea500000| PB 0x00000000ea500000| Complete 
| 166|0x00000000ea600000, 0x00000000ea700000, 0x00000000ea700000|100%| S|CS|TAMS 0x00000000ea600000| PB 0x00000000ea600000| Complete 
| 167|0x00000000ea700000, 0x00000000ea800000, 0x00000000ea800000|100%| S|CS|TAMS 0x00000000ea700000| PB 0x00000000ea700000| Complete 
| 168|0x00000000ea800000, 0x00000000ea900000, 0x00000000ea900000|100%| S|CS|TAMS 0x00000000ea800000| PB 0x00000000ea800000| Complete 
| 169|0x00000000ea900000, 0x00000000eaa00000, 0x00000000eaa00000|100%| S|CS|TAMS 0x00000000ea900000| PB 0x00000000ea900000| Complete 
| 170|0x00000000eaa00000, 0x00000000eab00000, 0x00000000eab00000|100%| S|CS|TAMS 0x00000000eaa00000| PB 0x00000000eaa00000| Complete 
| 171|0x00000000eab00000, 0x00000000eac00000, 0x00000000eac00000|100%| S|CS|TAMS 0x00000000eab00000| PB 0x00000000eab00000| Complete 
| 172|0x00000000eac00000, 0x00000000ead00000, 0x00000000ead00000|100%| S|CS|TAMS 0x00000000eac00000| PB 0x00000000eac00000| Complete 
| 173|0x00000000ead00000, 0x00000000eae00000, 0x00000000eae00000|100%| E|CS|TAMS 0x00000000ead00000| PB 0x00000000ead00000| Complete 
| 174|0x00000000eae00000, 0x00000000eaf00000, 0x00000000eaf00000|100%| E|CS|TAMS 0x00000000eae00000| PB 0x00000000eae00000| Complete 
| 175|0x00000000eaf00000, 0x00000000eb000000, 0x00000000eb000000|100%| E|CS|TAMS 0x00000000eaf00000| PB 0x00000000eaf00000| Complete 
| 176|0x00000000eb000000, 0x00000000eb100000, 0x00000000eb100000|100%| E|CS|TAMS 0x00000000eb000000| PB 0x00000000eb000000| Complete 
| 177|0x00000000eb100000, 0x00000000eb200000, 0x00000000eb200000|100%| E|CS|TAMS 0x00000000eb100000| PB 0x00000000eb100000| Complete 
| 178|0x00000000eb200000, 0x00000000eb300000, 0x00000000eb300000|100%| E|CS|TAMS 0x00000000eb200000| PB 0x00000000eb200000| Complete 
| 179|0x00000000eb300000, 0x00000000eb400000, 0x00000000eb400000|100%| E|CS|TAMS 0x00000000eb300000| PB 0x00000000eb300000| Complete 
| 180|0x00000000eb400000, 0x00000000eb500000, 0x00000000eb500000|100%| E|CS|TAMS 0x00000000eb400000| PB 0x00000000eb400000| Complete 
| 181|0x00000000eb500000, 0x00000000eb600000, 0x00000000eb600000|100%| E|CS|TAMS 0x00000000eb500000| PB 0x00000000eb500000| Complete 
| 182|0x00000000eb600000, 0x00000000eb700000, 0x00000000eb700000|100%| E|CS|TAMS 0x00000000eb600000| PB 0x00000000eb600000| Complete 
| 183|0x00000000eb700000, 0x00000000eb800000, 0x00000000eb800000|100%| E|CS|TAMS 0x00000000eb700000| PB 0x00000000eb700000| Complete 
| 184|0x00000000eb800000, 0x00000000eb900000, 0x00000000eb900000|100%| E|CS|TAMS 0x00000000eb800000| PB 0x00000000eb800000| Complete 
| 185|0x00000000eb900000, 0x00000000eba00000, 0x00000000eba00000|100%| E|CS|TAMS 0x00000000eb900000| PB 0x00000000eb900000| Complete 
| 186|0x00000000eba00000, 0x00000000ebb00000, 0x00000000ebb00000|100%| E|CS|TAMS 0x00000000eba00000| PB 0x00000000eba00000| Complete 
| 187|0x00000000ebb00000, 0x00000000ebc00000, 0x00000000ebc00000|100%| E|CS|TAMS 0x00000000ebb00000| PB 0x00000000ebb00000| Complete 
| 188|0x00000000ebc00000, 0x00000000ebd00000, 0x00000000ebd00000|100%| E|CS|TAMS 0x00000000ebc00000| PB 0x00000000ebc00000| Complete 
| 189|0x00000000ebd00000, 0x00000000ebe00000, 0x00000000ebe00000|100%| E|CS|TAMS 0x00000000ebd00000| PB 0x00000000ebd00000| Complete 
| 190|0x00000000ebe00000, 0x00000000ebf00000, 0x00000000ebf00000|100%| E|CS|TAMS 0x00000000ebe00000| PB 0x00000000ebe00000| Complete 
| 191|0x00000000ebf00000, 0x00000000ec000000, 0x00000000ec000000|100%| E|CS|TAMS 0x00000000ebf00000| PB 0x00000000ebf00000| Complete 
| 192|0x00000000ec000000, 0x00000000ec100000, 0x00000000ec100000|100%| E|CS|TAMS 0x00000000ec000000| PB 0x00000000ec000000| Complete 
| 193|0x00000000ec100000, 0x00000000ec200000, 0x00000000ec200000|100%| E|CS|TAMS 0x00000000ec100000| PB 0x00000000ec100000| Complete 
| 194|0x00000000ec200000, 0x00000000ec300000, 0x00000000ec300000|100%| E|CS|TAMS 0x00000000ec200000| PB 0x00000000ec200000| Complete 
| 195|0x00000000ec300000, 0x00000000ec400000, 0x00000000ec400000|100%| E|CS|TAMS 0x00000000ec300000| PB 0x00000000ec300000| Complete 
| 196|0x00000000ec400000, 0x00000000ec500000, 0x00000000ec500000|100%| E|CS|TAMS 0x00000000ec400000| PB 0x00000000ec400000| Complete 
| 197|0x00000000ec500000, 0x00000000ec600000, 0x00000000ec600000|100%| E|CS|TAMS 0x00000000ec500000| PB 0x00000000ec500000| Complete 
| 198|0x00000000ec600000, 0x00000000ec700000, 0x00000000ec700000|100%| E|CS|TAMS 0x00000000ec600000| PB 0x00000000ec600000| Complete 
| 199|0x00000000ec700000, 0x00000000ec800000, 0x00000000ec800000|100%| E|CS|TAMS 0x00000000ec700000| PB 0x00000000ec700000| Complete 
| 200|0x00000000ec800000, 0x00000000ec900000, 0x00000000ec900000|100%| E|CS|TAMS 0x00000000ec800000| PB 0x00000000ec800000| Complete 
| 201|0x00000000ec900000, 0x00000000eca00000, 0x00000000eca00000|100%| E|CS|TAMS 0x00000000ec900000| PB 0x00000000ec900000| Complete 
| 202|0x00000000eca00000, 0x00000000ecb00000, 0x00000000ecb00000|100%| E|CS|TAMS 0x00000000eca00000| PB 0x00000000eca00000| Complete 
| 203|0x00000000ecb00000, 0x00000000ecc00000, 0x00000000ecc00000|100%| E|CS|TAMS 0x00000000ecb00000| PB 0x00000000ecb00000| Complete 
| 204|0x00000000ecc00000, 0x00000000ecd00000, 0x00000000ecd00000|100%| E|CS|TAMS 0x00000000ecc00000| PB 0x00000000ecc00000| Complete 
| 205|0x00000000ecd00000, 0x00000000ece00000, 0x00000000ece00000|100%| E|CS|TAMS 0x00000000ecd00000| PB 0x00000000ecd00000| Complete 
| 206|0x00000000ece00000, 0x00000000ecf00000, 0x00000000ecf00000|100%| E|CS|TAMS 0x00000000ece00000| PB 0x00000000ece00000| Complete 
| 207|0x00000000ecf00000, 0x00000000ed000000, 0x00000000ed000000|100%| E|CS|TAMS 0x00000000ecf00000| PB 0x00000000ecf00000| Complete 
| 208|0x00000000ed000000, 0x00000000ed100000, 0x00000000ed100000|100%| E|CS|TAMS 0x00000000ed000000| PB 0x00000000ed000000| Complete 
| 511|0x00000000fff00000, 0x0000000100000000, 0x0000000100000000|100%| E|CS|TAMS 0x00000000fff00000| PB 0x00000000fff00000| Complete 

Card table byte_map: [0x0000015ce33d0000,0x0000015ce34d0000] _byte_map_base: 0x0000015ce2cd0000

Marking Bits: (CMBitMap*) 0x0000015cd0bafcb0
 Bits: [0x0000015ce34d0000, 0x0000015ce3cd0000)

Polling page: 0x0000015ccea20000

Metaspace:

Usage:
  Non-class:     59.35 MB used.
      Class:      7.04 MB used.
       Both:     66.39 MB used.

Virtual space:
  Non-class space:       64.00 MB reserved,      60.19 MB ( 94%) committed,  1 nodes.
      Class space:      208.00 MB reserved,       7.62 MB (  4%) committed,  1 nodes.
             Both:      272.00 MB reserved,      67.81 MB ( 25%) committed. 

Chunk freelists:
   Non-Class:  3.19 MB
       Class:  8.19 MB
        Both:  11.38 MB

MaxMetaspaceSize: 256.00 MB
CompressedClassSpaceSize: 208.00 MB
Initial GC threshold: 21.00 MB
Current GC threshold: 110.44 MB
CDS: on
 - commit_granule_bytes: 65536.
 - commit_granule_words: 8192.
 - virtual_space_node_default_size: 8388608.
 - enlarge_chunks_in_place: 1.
 - use_allocation_guard: 0.


Internal statistics:

num_allocs_failed_limit: 12.
num_arena_births: 1268.
num_arena_deaths: 22.
num_vsnodes_births: 2.
num_vsnodes_deaths: 0.
num_space_committed: 1085.
num_space_uncommitted: 0.
num_chunks_returned_to_freelist: 37.
num_chunks_taken_from_freelist: 4471.
num_chunk_merges: 17.
num_chunk_splits: 2786.
num_chunks_enlarged: 1585.
num_inconsistent_stats: 0.

CodeHeap 'non-profiled nmethods': size=120000Kb used=6697Kb max_used=6710Kb free=113302Kb
 bounds [0x0000015cdb850000, 0x0000015cdbee0000, 0x0000015ce2d80000]
CodeHeap 'profiled nmethods': size=120000Kb used=19937Kb max_used=19937Kb free=100063Kb
 bounds [0x0000015cd3d80000, 0x0000015cd5110000, 0x0000015cdb2b0000]
CodeHeap 'non-nmethods': size=5760Kb used=1627Kb max_used=1668Kb free=4132Kb
 bounds [0x0000015cdb2b0000, 0x0000015cdb520000, 0x0000015cdb850000]
CodeCache: size=245760Kb, used=28261Kb, max_used=28315Kb, free=217497Kb
 total_blobs=10070, nmethods=9296, adapters=677, full_count=0
Compilation: enabled, stopped_count=0, restarted_count=0

Compilation events (20 events):
Event: 33.293 Thread 0x0000015ce6976f00 11287       2       org.eclipse.jdt.internal.compiler.classfmt.TypeAnnotationWalker::toTarget (79 bytes)
Event: 33.294 Thread 0x0000015ce6976f00 nmethod 11287 0x0000015cd4b48390 code [0x0000015cd4b48560, 0x0000015cd4b48838]
Event: 33.294 Thread 0x0000015ce6976f00 11281       2       org.eclipse.jdt.core.dom.ASTNode$NodeList$Cursor::hasNext (21 bytes)
Event: 33.294 Thread 0x0000015ce6976f00 nmethod 11281 0x0000015cd4b47f10 code [0x0000015cd4b480c0, 0x0000015cd4b48218]
Event: 33.294 Thread 0x0000015ce6976f00 11280       2       org.eclipse.jdt.internal.corext.dom.GenericVisitor::endVisitNode (1 bytes)
Event: 33.294 Thread 0x0000015ce6976f00 nmethod 11280 0x0000015cd4b14010 code [0x0000015cd4b141a0, 0x0000015cd4b142a8]
Event: 33.294 Thread 0x0000015ce6976f00 11299       2       java.util.Arrays::binarySearch0 (95 bytes)
Event: 33.294 Thread 0x0000015ce6976f00 nmethod 11299 0x0000015cd4e33790 code [0x0000015cd4e33960, 0x0000015cd4e33bf0]
Event: 33.295 Thread 0x0000015ce6976f00 11297       2       org.eclipse.jdt.internal.compiler.lookup.BinaryTypeBinding::typeVariables (81 bytes)
Event: 33.295 Thread 0x0000015ce6976f00 nmethod 11297 0x0000015cd4e33090 code [0x0000015cd4e33260, 0x0000015cd4e33588]
Event: 33.295 Thread 0x0000015ce6976f00 11298       2       java.util.Arrays::binarySearch (17 bytes)
Event: 33.295 Thread 0x0000015ce6976f00 nmethod 11298 0x0000015cd4e32c90 code [0x0000015cd4e32e40, 0x0000015cd4e32fa8]
Event: 33.295 Thread 0x0000015ce6976f00 11295       2       org.eclipse.jdt.internal.compiler.lookup.LookupEnvironment::createBinaryTypeFrom (106 bytes)
Event: 33.296 Thread 0x0000015ce6976f00 nmethod 11295 0x0000015cd4e32290 code [0x0000015cd4e324c0, 0x0000015cd4e32960]
Event: 33.296 Thread 0x0000015ce6976f00 11300       2       java.util.regex.Pattern$CharPropertyGreedy::match (160 bytes)
Event: 33.297 Thread 0x0000015ce6976f00 nmethod 11300 0x0000015cd4e31a10 code [0x0000015cd4e31c20, 0x0000015cd4e32080]
Event: 33.297 Thread 0x0000015ce6976f00 11294       1       org.eclipse.jdt.internal.compiler.lookup.TypeBinding::isIntersectionType18 (2 bytes)
Event: 33.297 Thread 0x0000015ce6976f00 nmethod 11294 0x0000015cdbe6d290 code [0x0000015cdbe6d420, 0x0000015cdbe6d4e8]
Event: 33.297 Thread 0x0000015ce6976f00 11282       2       org.eclipse.jdt.core.dom.ASTNode$NodeList$Cursor::next (27 bytes)
Event: 33.297 Thread 0x0000015ce6976f00 nmethod 11282 0x0000015cd4e31510 code [0x0000015cd4e316c0, 0x0000015cd4e31848]

GC Heap History (20 events):
Event: 31.413 GC heap before
{Heap before GC invocations=28 (full 0):
 garbage-first heap   total 135168K, used 126039K [0x00000000e0000000, 0x0000000100000000)
  region size 1024K, 65 young (66560K), 4 survivors (4096K)
 Metaspace       used 61291K, committed 62784K, reserved 278528K
  class space    used 6527K, committed 7168K, reserved 212992K
}
Event: 31.415 GC heap after
{Heap after GC invocations=29 (full 0):
 garbage-first heap   total 135168K, used 64170K [0x00000000e0000000, 0x0000000100000000)
  region size 1024K, 5 young (5120K), 5 survivors (5120K)
 Metaspace       used 61291K, committed 62784K, reserved 278528K
  class space    used 6527K, committed 7168K, reserved 212992K
}
Event: 31.458 GC heap before
{Heap before GC invocations=30 (full 0):
 garbage-first heap   total 135168K, used 125610K [0x00000000e0000000, 0x0000000100000000)
  region size 1024K, 65 young (66560K), 5 survivors (5120K)
 Metaspace       used 61323K, committed 62784K, reserved 278528K
  class space    used 6531K, committed 7168K, reserved 212992K
}
Event: 31.460 GC heap after
{Heap after GC invocations=31 (full 0):
 garbage-first heap   total 135168K, used 64402K [0x00000000e0000000, 0x0000000100000000)
  region size 1024K, 5 young (5120K), 5 survivors (5120K)
 Metaspace       used 61323K, committed 62784K, reserved 278528K
  class space    used 6531K, committed 7168K, reserved 212992K
}
Event: 31.512 GC heap before
{Heap before GC invocations=31 (full 0):
 garbage-first heap   total 135168K, used 124818K [0x00000000e0000000, 0x0000000100000000)
  region size 1024K, 65 young (66560K), 5 survivors (5120K)
 Metaspace       used 61352K, committed 62848K, reserved 278528K
  class space    used 6533K, committed 7168K, reserved 212992K
}
Event: 31.514 GC heap after
{Heap after GC invocations=32 (full 0):
 garbage-first heap   total 135168K, used 63802K [0x00000000e0000000, 0x0000000100000000)
  region size 1024K, 6 young (6144K), 6 survivors (6144K)
 Metaspace       used 61352K, committed 62848K, reserved 278528K
  class space    used 6533K, committed 7168K, reserved 212992K
}
Event: 31.562 GC heap before
{Heap before GC invocations=32 (full 0):
 garbage-first heap   total 135168K, used 125242K [0x00000000e0000000, 0x0000000100000000)
  region size 1024K, 66 young (67584K), 6 survivors (6144K)
 Metaspace       used 61382K, committed 62848K, reserved 278528K
  class space    used 6533K, committed 7168K, reserved 212992K
}
Event: 31.564 GC heap after
{Heap after GC invocations=33 (full 0):
 garbage-first heap   total 135168K, used 64852K [0x00000000e0000000, 0x0000000100000000)
  region size 1024K, 6 young (6144K), 6 survivors (6144K)
 Metaspace       used 61382K, committed 62848K, reserved 278528K
  class space    used 6533K, committed 7168K, reserved 212992K
}
Event: 31.613 GC heap before
{Heap before GC invocations=34 (full 0):
 garbage-first heap   total 135168K, used 125268K [0x00000000e0000000, 0x0000000100000000)
  region size 1024K, 66 young (67584K), 6 survivors (6144K)
 Metaspace       used 61562K, committed 63040K, reserved 278528K
  class space    used 6553K, committed 7168K, reserved 212992K
}
Event: 31.617 GC heap after
{Heap after GC invocations=35 (full 0):
 garbage-first heap   total 136192K, used 67369K [0x00000000e0000000, 0x0000000100000000)
  region size 1024K, 8 young (8192K), 8 survivors (8192K)
 Metaspace       used 61562K, committed 63040K, reserved 278528K
  class space    used 6553K, committed 7168K, reserved 212992K
}
Event: 31.647 GC heap before
{Heap before GC invocations=35 (full 0):
 garbage-first heap   total 136192K, used 125737K [0x00000000e0000000, 0x0000000100000000)
  region size 1024K, 66 young (67584K), 8 survivors (8192K)
 Metaspace       used 61772K, committed 63232K, reserved 278528K
  class space    used 6574K, committed 7168K, reserved 212992K
}
Event: 31.650 GC heap after
{Heap after GC invocations=36 (full 0):
 garbage-first heap   total 137216K, used 67209K [0x00000000e0000000, 0x0000000100000000)
  region size 1024K, 5 young (5120K), 5 survivors (5120K)
 Metaspace       used 61772K, committed 63232K, reserved 278528K
  class space    used 6574K, committed 7168K, reserved 212992K
}
Event: 31.678 GC heap before
{Heap before GC invocations=36 (full 0):
 garbage-first heap   total 137216K, used 127625K [0x00000000e0000000, 0x0000000100000000)
  region size 1024K, 65 young (66560K), 5 survivors (5120K)
 Metaspace       used 61826K, committed 63360K, reserved 278528K
  class space    used 6579K, committed 7232K, reserved 212992K
}
Event: 31.682 GC heap after
{Heap after GC invocations=37 (full 0):
 garbage-first heap   total 215040K, used 68144K [0x00000000e0000000, 0x0000000100000000)
  region size 1024K, 6 young (6144K), 6 survivors (6144K)
 Metaspace       used 61826K, committed 63360K, reserved 278528K
  class space    used 6579K, committed 7232K, reserved 212992K
}
Event: 32.033 GC heap before
{Heap before GC invocations=38 (full 0):
 garbage-first heap   total 215040K, used 192048K [0x00000000e0000000, 0x0000000100000000)
  region size 1024K, 126 young (129024K), 6 survivors (6144K)
 Metaspace       used 61844K, committed 63360K, reserved 278528K
  class space    used 6579K, committed 7232K, reserved 212992K
}
Event: 32.037 GC heap after
{Heap after GC invocations=39 (full 0):
 garbage-first heap   total 215040K, used 70737K [0x00000000e0000000, 0x0000000100000000)
  region size 1024K, 8 young (8192K), 8 survivors (8192K)
 Metaspace       used 61844K, committed 63360K, reserved 278528K
  class space    used 6579K, committed 7232K, reserved 212992K
}
Event: 32.900 GC heap before
{Heap before GC invocations=39 (full 0):
 garbage-first heap   total 215040K, used 190545K [0x00000000e0000000, 0x0000000100000000)
  region size 1024K, 126 young (129024K), 8 survivors (8192K)
 Metaspace       used 63075K, committed 64512K, reserved 278528K
  class space    used 6750K, committed 7360K, reserved 212992K
}
Event: 32.904 GC heap after
{Heap after GC invocations=40 (full 0):
 garbage-first heap   total 215040K, used 76115K [0x00000000e0000000, 0x0000000100000000)
  region size 1024K, 13 young (13312K), 13 survivors (13312K)
 Metaspace       used 63075K, committed 64512K, reserved 278528K
  class space    used 6750K, committed 7360K, reserved 212992K
}
Event: 33.096 GC heap before
{Heap before GC invocations=40 (full 0):
 garbage-first heap   total 215040K, used 111955K [0x00000000e0000000, 0x0000000100000000)
  region size 1024K, 50 young (51200K), 13 survivors (13312K)
 Metaspace       used 66024K, committed 67584K, reserved 278528K
  class space    used 7059K, committed 7680K, reserved 212992K
}
Event: 33.100 GC heap after
{Heap after GC invocations=41 (full 0):
 garbage-first heap   total 215040K, used 71677K [0x00000000e0000000, 0x0000000100000000)
  region size 1024K, 7 young (7168K), 7 survivors (7168K)
 Metaspace       used 66024K, committed 67584K, reserved 278528K
  class space    used 7059K, committed 7680K, reserved 212992K
}

Dll operation events (10 events):
Event: 0.009 Loaded shared library c:\Users\K.Dharunika\.vscode\extensions\redhat.java-1.55.0-win32-x64\jre\21.0.11-win32-x86_64\bin\java.dll
Event: 0.050 Loaded shared library c:\Users\K.Dharunika\.vscode\extensions\redhat.java-1.55.0-win32-x64\jre\21.0.11-win32-x86_64\bin\zip.dll
Event: 0.061 Loaded shared library C:\Users\K.Dharunika\.vscode\extensions\redhat.java-1.55.0-win32-x64\jre\21.0.11-win32-x86_64\bin\instrument.dll
Event: 0.069 Loaded shared library C:\Users\K.Dharunika\.vscode\extensions\redhat.java-1.55.0-win32-x64\jre\21.0.11-win32-x86_64\bin\net.dll
Event: 0.096 Loaded shared library C:\Users\K.Dharunika\.vscode\extensions\redhat.java-1.55.0-win32-x64\jre\21.0.11-win32-x86_64\bin\nio.dll
Event: 0.099 Loaded shared library C:\Users\K.Dharunika\.vscode\extensions\redhat.java-1.55.0-win32-x64\jre\21.0.11-win32-x86_64\bin\zip.dll
Event: 0.112 Loaded shared library C:\Users\K.Dharunika\.vscode\extensions\redhat.java-1.55.0-win32-x64\jre\21.0.11-win32-x86_64\bin\jimage.dll
Event: 0.229 Loaded shared library c:\Users\K.Dharunika\.vscode\extensions\redhat.java-1.55.0-win32-x64\jre\21.0.11-win32-x86_64\bin\verify.dll
Event: 8.903 Loaded shared library C:\Users\K.Dharunika\AppData\Roaming\Code\User\globalStorage\redhat.java\1.55.0\config_win\org.eclipse.equinox.launcher\org.eclipse.equinox.launcher.win32.win32.x86_64_1.3.100.v20260613-0559\eclipse_11924.dll
Event: 23.570 Loaded shared library C:\Users\K.Dharunika\AppData\Local\Temp\jna--297555538\jna11681588811140567587.dll

Deoptimization events (20 events):
Event: 33.230 Thread 0x0000015cfa0f0ba0 DEOPT PACKING pc=0x0000015cdbe04998 sp=0x0000003b7a2fe700
Event: 33.230 Thread 0x0000015cfa0f0ba0 DEOPT UNPACKING pc=0x0000015cdb304422 sp=0x0000003b7a2fe690 mode 2
Event: 33.231 Thread 0x0000015cfa0f0ba0 Uncommon trap: trap_request=0xffffffde fr.pc=0x0000015cdbe02598 relative=0x0000000000000078
Event: 33.231 Thread 0x0000015cfa0f0ba0 Uncommon trap: reason=class_check action=maybe_recompile pc=0x0000015cdbe02598 method=java.util.Collections$UnmodifiableMap$UnmodifiableEntrySet$1.hasNext()Z @ 4 c2
Event: 33.231 Thread 0x0000015cfa0f0ba0 DEOPT PACKING pc=0x0000015cdbe02598 sp=0x0000003b7a2fe700
Event: 33.231 Thread 0x0000015cfa0f0ba0 DEOPT UNPACKING pc=0x0000015cdb304422 sp=0x0000003b7a2fe690 mode 2
Event: 33.231 Thread 0x0000015cfa0f0ba0 Uncommon trap: trap_request=0xffffffde fr.pc=0x0000015cdbe29c9c relative=0x000000000000007c
Event: 33.231 Thread 0x0000015cfa0f0ba0 Uncommon trap: reason=class_check action=maybe_recompile pc=0x0000015cdbe29c9c method=java.util.Collections$UnmodifiableMap.isEmpty()Z @ 4 c2
Event: 33.231 Thread 0x0000015cfa0f0ba0 DEOPT PACKING pc=0x0000015cdbe29c9c sp=0x0000003b7a2fe8a0
Event: 33.231 Thread 0x0000015cfa0f0ba0 DEOPT UNPACKING pc=0x0000015cdb304422 sp=0x0000003b7a2fe830 mode 2
Event: 33.231 Thread 0x0000015cfa0f0ba0 Uncommon trap: trap_request=0xffffffde fr.pc=0x0000015cdbe02598 relative=0x0000000000000078
Event: 33.231 Thread 0x0000015cfa0f0ba0 Uncommon trap: reason=class_check action=maybe_recompile pc=0x0000015cdbe02598 method=java.util.Collections$UnmodifiableMap$UnmodifiableEntrySet$1.hasNext()Z @ 4 c2
Event: 33.231 Thread 0x0000015cfa0f0ba0 DEOPT PACKING pc=0x0000015cdbe02598 sp=0x0000003b7a2fe700
Event: 33.231 Thread 0x0000015cfa0f0ba0 DEOPT UNPACKING pc=0x0000015cdb304422 sp=0x0000003b7a2fe690 mode 2
Event: 33.257 Thread 0x0000015cfae0b610 Uncommon trap: trap_request=0xffffff45 fr.pc=0x0000015cdba74368 relative=0x0000000000000148
Event: 33.257 Thread 0x0000015cfae0b610 Uncommon trap: reason=unstable_if action=reinterpret pc=0x0000015cdba74368 method=java.util.HashMap.getNode(Ljava/lang/Object;)Ljava/util/HashMap$Node; @ 66 c2
Event: 33.257 Thread 0x0000015cfae0b610 DEOPT PACKING pc=0x0000015cdba74368 sp=0x0000003b7c4fe060
Event: 33.257 Thread 0x0000015cfae0b610 DEOPT UNPACKING pc=0x0000015cdb304422 sp=0x0000003b7c4fdf10 mode 2
Event: 33.263 Thread 0x0000015cfc979f40 DEOPT PACKING pc=0x0000015cd42ff056 sp=0x0000003b7cbfdc80
Event: 33.263 Thread 0x0000015cfc979f40 DEOPT UNPACKING pc=0x0000015cdb304bc2 sp=0x0000003b7cbfd128 mode 0

Classes loaded (20 events):
Event: 32.834 Loading class java/util/stream/DistinctOps$1
Event: 32.834 Loading class java/util/stream/DistinctOps$1 done
Event: 32.834 Loading class java/util/stream/DistinctOps$1$2
Event: 32.834 Loading class java/util/stream/DistinctOps$1$2 done
Event: 32.840 Loading class java/util/stream/ReduceOps$4
Event: 32.840 Loading class java/util/stream/ReduceOps$4 done
Event: 32.840 Loading class java/util/stream/ReduceOps$4ReducingSink
Event: 32.840 Loading class java/util/stream/ReduceOps$4ReducingSink done
Event: 32.843 Loading class java/nio/file/Files$2
Event: 32.843 Loading class java/nio/file/Files$2 done
Event: 33.001 Loading class java/util/ImmutableCollections$SubList
Event: 33.002 Loading class java/util/ImmutableCollections$SubList done
Event: 33.025 Loading class java/util/zip/CheckedInputStream
Event: 33.025 Loading class java/util/zip/CheckedInputStream done
Event: 33.223 Loading class jdk/internal/module/IllegalAccessLogger
Event: 33.223 Loading class jdk/internal/module/IllegalAccessLogger done
Event: 33.233 Loading class java/util/concurrent/ArrayBlockingQueue
Event: 33.234 Loading class java/util/concurrent/ArrayBlockingQueue done
Event: 33.245 Loading class jdk/internal/ref/CleanerImpl$InnocuousThreadFactory
Event: 33.245 Loading class jdk/internal/ref/CleanerImpl$InnocuousThreadFactory done

Classes unloaded (11 events):
Event: 24.637 Thread 0x0000015ce692ca00 Unloading class 0x0000015ce81a3800 'java/lang/invoke/LambdaForm$MH+0x0000015ce81a3800'
Event: 24.637 Thread 0x0000015ce692ca00 Unloading class 0x0000015ce81a3400 'java/lang/invoke/LambdaForm$MH+0x0000015ce81a3400'
Event: 24.637 Thread 0x0000015ce692ca00 Unloading class 0x0000015ce81a3000 'java/lang/invoke/LambdaForm$MH+0x0000015ce81a3000'
Event: 24.637 Thread 0x0000015ce692ca00 Unloading class 0x0000015ce81a2c00 'java/lang/invoke/LambdaForm$MH+0x0000015ce81a2c00'
Event: 24.637 Thread 0x0000015ce692ca00 Unloading class 0x0000015ce81a2800 'java/lang/invoke/LambdaForm$BMH+0x0000015ce81a2800'
Event: 24.637 Thread 0x0000015ce692ca00 Unloading class 0x0000015ce81a2400 'java/lang/invoke/LambdaForm$DMH+0x0000015ce81a2400'
Event: 24.637 Thread 0x0000015ce692ca00 Unloading class 0x0000015ce81a1000 'java/lang/invoke/LambdaForm$DMH+0x0000015ce81a1000'
Event: 30.078 Thread 0x0000015ce692ca00 Unloading class 0x0000015ce8705000 'java/lang/invoke/LambdaForm$DMH+0x0000015ce8705000'
Event: 30.078 Thread 0x0000015ce692ca00 Unloading class 0x0000015ce8704c00 'java/lang/invoke/LambdaForm$DMH+0x0000015ce8704c00'
Event: 30.078 Thread 0x0000015ce692ca00 Unloading class 0x0000015ce8704800 'java/lang/invoke/LambdaForm$DMH+0x0000015ce8704800'
Event: 30.078 Thread 0x0000015ce692ca00 Unloading class 0x0000015ce8704400 'java/lang/invoke/LambdaForm$DMH+0x0000015ce8704400'

Classes redefined (0 events):
No events

Internal exceptions (20 events):
Event: 31.630 Thread 0x0000015cfae0bca0 Exception <a 'sun/nio/fs/WindowsException'{0x00000000e66b1318}> (0x00000000e66b1318) 
thrown [s\src\hotspot\share\prims\jni.cpp, line 520]
Event: 31.630 Thread 0x0000015cfae0bca0 Exception <a 'sun/nio/fs/WindowsException'{0x00000000e66b1c18}> (0x00000000e66b1c18) 
thrown [s\src\hotspot\share\prims\jni.cpp, line 520]
Event: 31.630 Thread 0x0000015cfae0bca0 Exception <a 'sun/nio/fs/WindowsException'{0x00000000e66b2978}> (0x00000000e66b2978) 
thrown [s\src\hotspot\share\prims\jni.cpp, line 520]
Event: 31.630 Thread 0x0000015cfae0bca0 Exception <a 'sun/nio/fs/WindowsException'{0x00000000e66b3258}> (0x00000000e66b3258) 
thrown [s\src\hotspot\share\prims\jni.cpp, line 520]
Event: 31.631 Thread 0x0000015cfae0bca0 Exception <a 'sun/nio/fs/WindowsException'{0x00000000e66b4ac0}> (0x00000000e66b4ac0) 
thrown [s\src\hotspot\share\prims\jni.cpp, line 520]
Event: 31.631 Thread 0x0000015cfae0bca0 Exception <a 'sun/nio/fs/WindowsException'{0x00000000e66b53a0}> (0x00000000e66b53a0) 
thrown [s\src\hotspot\share\prims\jni.cpp, line 520]
Event: 31.635 Thread 0x0000015cfae0bca0 Exception <a 'sun/nio/fs/WindowsException'{0x00000000e6001bc0}> (0x00000000e6001bc0) 
thrown [s\src\hotspot\share\prims\jni.cpp, line 520]
Event: 31.635 Thread 0x0000015cfae0bca0 Exception <a 'sun/nio/fs/WindowsException'{0x00000000e60024a0}> (0x00000000e60024a0) 
thrown [s\src\hotspot\share\prims\jni.cpp, line 520]
Event: 32.794 Thread 0x0000015cfae0a260 Exception <a 'java/lang/IncompatibleClassChangeError'{0x00000000e79caa20}: Found class java.lang.Object, but interface was expected> (0x00000000e79caa20) 
thrown [s\src\hotspot\share\interpreter\linkResolver.cpp, line 840]
Event: 32.844 Thread 0x0000015cfae0b610 Exception <a 'java/lang/NoSuchMethodError'{0x00000000e69328e8}: 'int java.lang.invoke.DirectMethodHandle$Holder.invokeSpecialIFC(java.lang.Object, java.lang.Object, java.lang.Object)'> (0x00000000e69328e8) 
thrown [s\src\hotspot\share\interpreter\linkResolver.cpp, line 773]
Event: 32.844 Thread 0x0000015cfae0a260 Exception <a 'java/lang/NoSuchMethodError'{0x00000000e6808380}: 'int java.lang.invoke.DirectMethodHandle$Holder.invokeSpecialIFC(java.lang.Object, java.lang.Object, java.lang.Object)'> (0x00000000e6808380) 
thrown [s\src\hotspot\share\interpreter\linkResolver.cpp, line 773]
Event: 32.844 Thread 0x0000015cfa0efe80 Exception <a 'java/lang/NoSuchMethodError'{0x00000000e6ae7c10}: 'int java.lang.invoke.DirectMethodHandle$Holder.invokeSpecialIFC(java.lang.Object, java.lang.Object, java.lang.Object)'> (0x00000000e6ae7c10) 
thrown [s\src\hotspot\share\interpreter\linkResolver.cpp, line 773]
Event: 32.844 Thread 0x0000015cfae0c330 Exception <a 'java/lang/NoSuchMethodError'{0x00000000e69a6178}: 'int java.lang.invoke.DirectMethodHandle$Holder.invokeSpecialIFC(java.lang.Object, java.lang.Object, java.lang.Object)'> (0x00000000e69a6178) 
thrown [s\src\hotspot\share\interpreter\linkResolver.cpp, line 773]
Event: 32.858 Thread 0x0000015cfae0c330 Exception <a 'java/lang/LinkageError'{0x00000000e68fcc00}: loader lombok.launch.ShadowClassLoader @326da119 attempted duplicate class definition for lombok.launch.PatchFixesHider$Delegate. (lombok.launch.PatchFixesHider$Delegate is in unnamed module of loader lombok.launch.ShadowClassLoader @326da119, parent loader org.eclipse.osgi.internal.loader.EquinoxClassLoader @9a3fb72)> (0x00000000e68fcc00) 
thrown [s\src\hotspot\share\classfile\systemDictionary.cpp, line 1673]
Event: 32.940 Thread 0x0000015cfae0a260 Exception <a 'java/lang/LinkageError'{0x00000000ecadb7c0}: loader lombok.launch.ShadowClassLoader @326da119 attempted duplicate class definition for lombok.launch.PatchFixesHider$ExtensionMethod. (lombok.launch.PatchFixesHider$ExtensionMethod is in unnamed module of loader lombok.launch.ShadowClassLoader @326da119, parent loader org.eclipse.osgi.internal.loader.EquinoxClassLoader @9a3fb72)> (0x00000000ecadb7c0) 
thrown [s\src\hotspot\share\classfile\systemDictionary.cpp, line 1673]
Event: 32.956 Thread 0x0000015cfa0efe80 Exception <a 'java/lang/NoSuchMethodError'{0x00000000ec315a40}: 'java.lang.Object java.lang.invoke.DirectMethodHandle$Holder.invokeStatic(java.lang.Object, java.lang.Object, int, java.lang.Object, java.lang.Object)'> (0x00000000ec315a40) 
thrown [s\src\hotspot\share\interpreter\linkResolver.cpp, line 773]
Event: 32.988 Thread 0x0000015cfa0f0ba0 Exception <a 'java/io/FileNotFoundException'{0x00000000ec081e80}> (0x00000000ec081e80) 
thrown [s\src\hotspot\share\prims\jni.cpp, line 520]
Event: 32.989 Thread 0x0000015cfa0f0ba0 Exception <a 'java/io/FileNotFoundException'{0x00000000ec083240}> (0x00000000ec083240) 
thrown [s\src\hotspot\share\prims\jni.cpp, line 520]
Event: 32.989 Thread 0x0000015cfa0f0ba0 Exception <a 'java/io/FileNotFoundException'{0x00000000ebf00b98}> (0x00000000ebf00b98) 
thrown [s\src\hotspot\share\prims\jni.cpp, line 520]
Event: 33.057 Thread 0x0000015cfae0b610 Implicit null exception at 0x0000015cdb9096cf to 0x0000015cdb909864

ZGC Phase Switch (0 events):
No events

VM Operations (20 events):
Event: 32.818 Executing non-safepoint VM operation: HandshakeAllThreads (Deoptimize)
Event: 32.818 Executing non-safepoint VM operation: HandshakeAllThreads (Deoptimize) done
Event: 32.841 Executing non-safepoint VM operation: HandshakeAllThreads (Deoptimize)
Event: 32.841 Executing non-safepoint VM operation: HandshakeAllThreads (Deoptimize) done
Event: 32.900 Executing safepoint VM operation: G1CollectForAllocation (G1 Evacuation Pause)
Event: 32.900 Executing safepoint VM operation: G1CollectForAllocation (G1 Evacuation Pause) done
Event: 32.900 Executing safepoint VM operation: G1CollectForAllocation (GCLocker Initiated GC)
Event: 32.904 Executing safepoint VM operation: G1CollectForAllocation (GCLocker Initiated GC) done
Event: 32.930 Executing non-safepoint VM operation: HandshakeAllThreads (Deoptimize)
Event: 32.933 Executing non-safepoint VM operation: HandshakeAllThreads (Deoptimize) done
Event: 33.008 Executing safepoint VM operation: ICBufferFull
Event: 33.009 Executing safepoint VM operation: ICBufferFull done
Event: 33.096 Executing safepoint VM operation: G1TryInitiateConcMark (G1 Humongous Allocation)
Event: 33.100 Executing safepoint VM operation: G1TryInitiateConcMark (G1 Humongous Allocation) done
Event: 33.128 Executing safepoint VM operation: G1PauseRemark
Event: 33.134 Executing safepoint VM operation: G1PauseRemark done
Event: 33.148 Executing safepoint VM operation: G1PauseCleanup
Event: 33.148 Executing safepoint VM operation: G1PauseCleanup done
Event: 33.231 Executing safepoint VM operation: ICBufferFull
Event: 33.232 Executing safepoint VM operation: ICBufferFull done

Memory protections (0 events):
No events

Nmethod flushes (20 events):
Event: 33.133 Thread 0x0000015ce692ca00 flushing  nmethod 0x0000015cd4cc7510
Event: 33.133 Thread 0x0000015ce692ca00 flushing  nmethod 0x0000015cdbd10710
Event: 33.133 Thread 0x0000015ce692ca00 flushing  nmethod 0x0000015cd3f37d10
Event: 33.133 Thread 0x0000015ce692ca00 flushing  nmethod 0x0000015cdbd73110
Event: 33.133 Thread 0x0000015ce692ca00 flushing  nmethod 0x0000015cd3eba190
Event: 33.133 Thread 0x0000015ce692ca00 flushing  nmethod 0x0000015cd4014090
Event: 33.133 Thread 0x0000015ce692ca00 flushing  nmethod 0x0000015cd4a2b490
Event: 33.133 Thread 0x0000015ce692ca00 flushing osr nmethod 0x0000015cdbe69210
Event: 33.133 Thread 0x0000015ce692ca00 flushing  nmethod 0x0000015cd4286910
Event: 33.133 Thread 0x0000015ce692ca00 flushing  nmethod 0x0000015cd45dad90
Event: 33.133 Thread 0x0000015ce692ca00 flushing  nmethod 0x0000015cd4709010
Event: 33.133 Thread 0x0000015ce692ca00 flushing  nmethod 0x0000015cd3d9a190
Event: 33.133 Thread 0x0000015ce692ca00 flushing  nmethod 0x0000015cd4154d90
Event: 33.133 Thread 0x0000015ce692ca00 flushing  nmethod 0x0000015cd42ff590
Event: 33.133 Thread 0x0000015ce692ca00 flushing  nmethod 0x0000015cd45bab90
Event: 33.133 Thread 0x0000015ce692ca00 flushing  nmethod 0x0000015cd4832c10
Event: 33.133 Thread 0x0000015ce692ca00 flushing  nmethod 0x0000015cd4948f90
Event: 33.133 Thread 0x0000015ce692ca00 flushing  nmethod 0x0000015cd4b1fe90
Event: 33.133 Thread 0x0000015ce692ca00 flushing  nmethod 0x0000015cd4b20f10
Event: 33.133 Thread 0x0000015ce692ca00 flushing  nmethod 0x0000015cd4b56a90

Events (20 events):
Event: 30.183 Thread 0x0000015cfc975710 Thread exited: 0x0000015cfc975710
Event: 30.183 Thread 0x0000015cfc9777e0 Thread exited: 0x0000015cfc9777e0
Event: 30.183 Thread 0x0000015cfc976ac0 Thread exited: 0x0000015cfc976ac0
Event: 30.192 Thread 0x0000015ce6976f00 Thread added: 0x0000015cf9994ae0
Event: 30.629 Thread 0x0000015cf99973c0 Thread exited: 0x0000015cf99973c0
Event: 30.629 Thread 0x0000015cf9994ae0 Thread exited: 0x0000015cf9994ae0
Event: 30.666 Thread 0x0000015ce6966450 Thread added: 0x0000015cf99973c0
Event: 31.005 Thread 0x0000015ce6976f00 Thread added: 0x0000015cf9995880
Event: 31.194 Thread 0x0000015cf9995880 Thread exited: 0x0000015cf9995880
Event: 31.602 Thread 0x0000015cfa0efe80 Thread added: 0x0000015cfc9777e0
Event: 31.603 Thread 0x0000015cfa0ef160 Thread added: 0x0000015cfc975da0
Event: 31.603 Thread 0x0000015cfc9777e0 Thread added: 0x0000015cfc9798b0
Event: 31.624 Thread 0x0000015ce6976f00 Thread added: 0x0000015cf9995880
Event: 31.998 Thread 0x0000015cf9995880 Thread exited: 0x0000015cf9995880
Event: 32.771 Thread 0x0000015cf99973c0 Thread exited: 0x0000015cf99973c0
Event: 32.793 Thread 0x0000015ce6976f00 Thread added: 0x0000015cf9995880
Event: 32.839 Thread 0x0000015ce6976f00 Thread added: 0x0000015cf9994ae0
Event: 33.103 Thread 0x0000015cfa0f0ba0 Thread added: 0x0000015cfc976430
Event: 33.234 Thread 0x0000015cfa0f0ba0 Thread added: 0x0000015cfc979f40
Event: 33.246 Thread 0x0000015cfae06750 Thread added: 0x0000015cfc979220


Dynamic libraries:
0x00007ff6fa520000 - 0x00007ff6fa52e000 	c:\Users\K.Dharunika\.vscode\extensions\redhat.java-1.55.0-win32-x64\jre\21.0.11-win32-x86_64\bin\java.exe
0x00007ffbf4580000 - 0x00007ffbf47e6000 	C:\WINDOWS\SYSTEM32\ntdll.dll
0x00007ffbf2e00000 - 0x00007ffbf2ec9000 	C:\WINDOWS\System32\KERNEL32.DLL
0x00007ffbf1a20000 - 0x00007ffbf1e1a000 	C:\WINDOWS\System32\KERNELBASE.dll
0x00007ffbf1810000 - 0x00007ffbf195c000 	C:\WINDOWS\System32\ucrtbase.dll
0x00007ffbad790000 - 0x00007ffbad7a8000 	c:\Users\K.Dharunika\.vscode\extensions\redhat.java-1.55.0-win32-x64\jre\21.0.11-win32-x86_64\bin\jli.dll
0x00007ffba8410000 - 0x00007ffba842e000 	c:\Users\K.Dharunika\.vscode\extensions\redhat.java-1.55.0-win32-x64\jre\21.0.11-win32-x86_64\bin\VCRUNTIME140.dll
0x00007ffbf2570000 - 0x00007ffbf2737000 	C:\WINDOWS\System32\USER32.dll
0x00007ffbf1fe0000 - 0x00007ffbf2007000 	C:\WINDOWS\System32\win32u.dll
0x00007ffbcca50000 - 0x00007ffbccce2000 	C:\WINDOWS\WinSxS\amd64_microsoft.windows.common-controls_6595b64144ccf1df_6.0.26100.8521_none_3e08b75ce33403b3\COMCTL32.dll
0x00007ffbf3640000 - 0x00007ffbf366b000 	C:\WINDOWS\System32\GDI32.dll
0x00007ffbf24b0000 - 0x00007ffbf2559000 	C:\WINDOWS\System32\msvcrt.dll
0x00007ffbf1eb0000 - 0x00007ffbf1fdb000 	C:\WINDOWS\System32\gdi32full.dll
0x00007ffbf2010000 - 0x00007ffbf20b3000 	C:\WINDOWS\System32\msvcp_win.dll
0x00007ffbf2dc0000 - 0x00007ffbf2df2000 	C:\WINDOWS\System32\IMM32.DLL
0x00007ffbd8f70000 - 0x00007ffbd8f7c000 	c:\Users\K.Dharunika\.vscode\extensions\redhat.java-1.55.0-win32-x64\jre\21.0.11-win32-x86_64\bin\vcruntime140_1.dll
0x00007ffba2260000 - 0x00007ffba22ed000 	c:\Users\K.Dharunika\.vscode\extensions\redhat.java-1.55.0-win32-x64\jre\21.0.11-win32-x86_64\bin\msvcp140.dll
0x00007ffb471f0000 - 0x00007ffb47f92000 	c:\Users\K.Dharunika\.vscode\extensions\redhat.java-1.55.0-win32-x64\jre\21.0.11-win32-x86_64\bin\server\jvm.dll
0x00007ffbf22f0000 - 0x00007ffbf23a6000 	C:\WINDOWS\System32\ADVAPI32.dll
0x00007ffbf2be0000 - 0x00007ffbf2c8a000 	C:\WINDOWS\System32\sechost.dll
0x00007ffbf28b0000 - 0x00007ffbf29c8000 	C:\WINDOWS\System32\RPCRT4.dll
0x00007ffbf3770000 - 0x00007ffbf37f0000 	C:\WINDOWS\System32\WS2_32.dll
0x00007ffbf0f80000 - 0x00007ffbf0fde000 	C:\WINDOWS\SYSTEM32\POWRPROF.dll
0x00007ffbe67f0000 - 0x00007ffbe67fb000 	C:\WINDOWS\SYSTEM32\VERSION.dll
0x00007ffbdd260000 - 0x00007ffbdd296000 	C:\WINDOWS\SYSTEM32\WINMM.dll
0x00007ffbf0f10000 - 0x00007ffbf0f24000 	C:\WINDOWS\SYSTEM32\UMPDC.dll
0x00007ffbf05a0000 - 0x00007ffbf05bb000 	C:\WINDOWS\SYSTEM32\kernel.appcore.dll
0x00007ffbd8870000 - 0x00007ffbd887a000 	c:\Users\K.Dharunika\.vscode\extensions\redhat.java-1.55.0-win32-x64\jre\21.0.11-win32-x86_64\bin\jimage.dll
0x00007ffbeecf0000 - 0x00007ffbeef32000 	C:\WINDOWS\SYSTEM32\DBGHELP.DLL
0x00007ffbf3f90000 - 0x00007ffbf4313000 	C:\WINDOWS\System32\combase.dll
0x00007ffbf3380000 - 0x00007ffbf3459000 	C:\WINDOWS\System32\OLEAUT32.dll
0x00007ffbc90d0000 - 0x00007ffbc910b000 	C:\WINDOWS\SYSTEM32\dbgcore.DLL
0x00007ffbf2240000 - 0x00007ffbf22e8000 	C:\WINDOWS\System32\bcryptPrimitives.dll
0x00007ffbd8750000 - 0x00007ffbd875f000 	c:\Users\K.Dharunika\.vscode\extensions\redhat.java-1.55.0-win32-x64\jre\21.0.11-win32-x86_64\bin\instrument.dll
0x00007ffba6100000 - 0x00007ffba6120000 	c:\Users\K.Dharunika\.vscode\extensions\redhat.java-1.55.0-win32-x64\jre\21.0.11-win32-x86_64\bin\java.dll
0x00007ffbf3800000 - 0x00007ffbf3f84000 	C:\WINDOWS\System32\SHELL32.dll
0x00007ffbef3a0000 - 0x00007ffbefc20000 	C:\WINDOWS\SYSTEM32\windows.storage.dll
0x00007ffbf23b0000 - 0x00007ffbf24a6000 	C:\WINDOWS\System32\SHCORE.dll
0x00007ffbf2c90000 - 0x00007ffbf2cf7000 	C:\WINDOWS\System32\shlwapi.dll
0x00007ffbf1730000 - 0x00007ffbf1759000 	C:\WINDOWS\SYSTEM32\profapi.dll
0x00007ffba60e0000 - 0x00007ffba60f8000 	c:\Users\K.Dharunika\.vscode\extensions\redhat.java-1.55.0-win32-x64\jre\21.0.11-win32-x86_64\bin\zip.dll
0x00007ffbd7a10000 - 0x00007ffbd7a20000 	C:\Users\K.Dharunika\.vscode\extensions\redhat.java-1.55.0-win32-x64\jre\21.0.11-win32-x86_64\bin\net.dll
0x00007ffbe8df0000 - 0x00007ffbe8f19000 	C:\WINDOWS\SYSTEM32\WINHTTP.dll
0x00007ffbf0b70000 - 0x00007ffbf0bdc000 	C:\WINDOWS\system32\mswsock.dll
0x00007ffba4770000 - 0x00007ffba4786000 	C:\Users\K.Dharunika\.vscode\extensions\redhat.java-1.55.0-win32-x64\jre\21.0.11-win32-x86_64\bin\nio.dll
0x00007ffbcb640000 - 0x00007ffbcb650000 	c:\Users\K.Dharunika\.vscode\extensions\redhat.java-1.55.0-win32-x64\jre\21.0.11-win32-x86_64\bin\verify.dll
0x00007ffba3660000 - 0x00007ffba36a5000 	C:\Users\K.Dharunika\AppData\Roaming\Code\User\globalStorage\redhat.java\1.55.0\config_win\org.eclipse.equinox.launcher\org.eclipse.equinox.launcher.win32.win32.x86_64_1.3.100.v20260613-0559\eclipse_11924.dll
0x00007ffbf2a40000 - 0x00007ffbf2bd8000 	C:\WINDOWS\System32\ole32.dll
0x00007ffbf0e80000 - 0x00007ffbf0e9b000 	C:\WINDOWS\SYSTEM32\CRYPTSP.dll
0x00007ffbf0500000 - 0x00007ffbf0539000 	C:\WINDOWS\system32\rsaenh.dll
0x00007ffbf0c20000 - 0x00007ffbf0c53000 	C:\WINDOWS\SYSTEM32\USERENV.dll
0x00007ffbf1700000 - 0x00007ffbf172a000 	C:\WINDOWS\SYSTEM32\bcrypt.dll
0x00007ffbf0ea0000 - 0x00007ffbf0eac000 	C:\WINDOWS\SYSTEM32\CRYPTBASE.dll
0x00007ffbeffb0000 - 0x00007ffbeffe3000 	C:\WINDOWS\SYSTEM32\IPHLPAPI.DLL
0x00007ffbf44b0000 - 0x00007ffbf44ba000 	C:\WINDOWS\System32\NSI.dll
0x00007ffba2210000 - 0x00007ffba2259000 	C:\Users\K.Dharunika\AppData\Local\Temp\jna--297555538\jna11681588811140567587.dll
0x00007ffbf2560000 - 0x00007ffbf2568000 	C:\WINDOWS\System32\PSAPI.DLL
0x00007ffbe9660000 - 0x00007ffbe967d000 	C:\WINDOWS\SYSTEM32\dhcpcsvc6.DLL
0x00007ffbe95b0000 - 0x00007ffbe95d5000 	C:\WINDOWS\SYSTEM32\dhcpcsvc.DLL

JVMTI agents:
c:\Users\K.Dharunika\.vscode\extensions\redhat.java-1.55.0-win32-x64\lombok\lombok-1.18.39-4050.jar path:c:\Users\K.Dharunika\.vscode\extensions\redhat.java-1.55.0-win32-x64\jre\21.0.11-win32-x86_64\bin\instrument.dll, loaded, initialized, instrumentlib options:none

dbghelp: loaded successfully - version: 4.0.5 - missing functions: none
symbol engine: initialized successfully - sym options: 0x614 - pdb path: .;c:\Users\K.Dharunika\.vscode\extensions\redhat.java-1.55.0-win32-x64\jre\21.0.11-win32-x86_64\bin;C:\WINDOWS\SYSTEM32;C:\WINDOWS\WinSxS\amd64_microsoft.windows.common-controls_6595b64144ccf1df_6.0.26100.8521_none_3e08b75ce33403b3;c:\Users\K.Dharunika\.vscode\extensions\redhat.java-1.55.0-win32-x64\jre\21.0.11-win32-x86_64\bin\server;C:\Users\K.Dharunika\AppData\Roaming\Code\User\globalStorage\redhat.java\1.55.0\config_win\org.eclipse.equinox.launcher\org.eclipse.equinox.launcher.win32.win32.x86_64_1.3.100.v20260613-0559;C:\Users\K.Dharunika\AppData\Local\Temp\jna--297555538

VM Arguments:
jvm_args: --add-modules=ALL-SYSTEM --add-opens=java.base/java.util=ALL-UNNAMED --add-opens=java.base/java.lang=ALL-UNNAMED --add-opens=java.base/sun.nio.fs=ALL-UNNAMED -Declipse.application=org.eclipse.jdt.ls.core.id1 -Dosgi.bundles.defaultStartLevel=4 -Declipse.product=org.eclipse.jdt.ls.core.product -Djava.import.generatesMetadataFilesAtProjectRoot=false -DDetectVMInstallationsJob.disabled=true -Dfile.encoding=utf8 -Xlog:disable -Xms128m -Xmx512m -XX:MaxMetaspaceSize=256m -javaagent:c:\Users\K.Dharunika\.vscode\extensions\redhat.java-1.55.0-win32-x64\lombok\lombok-1.18.39-4050.jar -XX:+HeapDumpOnOutOfMemoryError -XX:HeapDumpPath=c:\Users\K.Dharunika\AppData\Roaming\Code\User\workspaceStorage\5506443e8e7393d70c30ee31ca624cd7\redhat.java -Daether.dependencyCollector.impl=bf 
java_command: c:\Users\K.Dharunika\.vscode\extensions\redhat.java-1.55.0-win32-x64\server\plugins\org.eclipse.equinox.launcher_1.7.200.v20260619-2039.jar -configuration c:\Users\K.Dharunika\AppData\Roaming\Code\User\globalStorage\redhat.java\1.55.0\config_win -data c:\Users\K.Dharunika\AppData\Roaming\Code\User\workspaceStorage\5506443e8e7393d70c30ee31ca624cd7\redhat.java\jdt_ws --pipe=\\.\pipe\lsp-8afa5b13a2295aec11df82d24c1881ef-sock
java_class_path (initial): c:\Users\K.Dharunika\.vscode\extensions\redhat.java-1.55.0-win32-x64\server\plugins\org.eclipse.equinox.launcher_1.7.200.v20260619-2039.jar
Launcher Type: SUN_STANDARD

[Global flags]
     intx CICompilerCount                          = 4                                         {product} {ergonomic}
   size_t CompressedClassSpaceSize                 = 218103808                                 {product} {ergonomic}
     uint ConcGCThreads                            = 3                                         {product} {ergonomic}
     uint G1ConcRefinementThreads                  = 10                                        {product} {ergonomic}
   size_t G1HeapRegionSize                         = 1048576                                   {product} {ergonomic}
    uintx GCDrainStackTargetSize                   = 64                                        {product} {ergonomic}
     bool HeapDumpOnOutOfMemoryError               = true                                   {manageable} {command line}
    ccstr HeapDumpPath                             = c:\Users\K.Dharunika\AppData\Roaming\Code\User\workspaceStorage\5506443e8e7393d70c30ee31ca624cd7\redhat.java         {manageable} {command line}
   size_t InitialHeapSize                          = 134217728                                 {product} {command line}
   size_t MarkStackSize                            = 4194304                                   {product} {ergonomic}
   size_t MaxHeapSize                              = 536870912                                 {product} {command line}
   size_t MaxMetaspaceSize                         = 268435456                                 {product} {command line}
   size_t MaxNewSize                               = 321912832                                 {product} {ergonomic}
   size_t MinHeapDeltaBytes                        = 1048576                                   {product} {ergonomic}
   size_t MinHeapSize                              = 134217728                                 {product} {command line}
    uintx NonNMethodCodeHeapSize                   = 5839372                                {pd product} {ergonomic}
    uintx NonProfiledCodeHeapSize                  = 122909434                              {pd product} {ergonomic}
    uintx ProfiledCodeHeapSize                     = 122909434                              {pd product} {ergonomic}
    uintx ReservedCodeCacheSize                    = 251658240                              {pd product} {ergonomic}
     bool SegmentedCodeCache                       = true                                      {product} {ergonomic}
   size_t SoftMaxHeapSize                          = 536870912                              {manageable} {ergonomic}
     bool UseCompressedOops                        = true                           {product lp64_product} {ergonomic}
     bool UseG1GC                                  = true                                      {product} {ergonomic}
     bool UseLargePagesIndividualAllocation        = false                                  {pd product} {ergonomic}

Logging:
Log output configuration:
 #0: stdout all=off uptime,level,tags foldmultilines=false
 #1: stderr all=off uptime,level,tags foldmultilines=false

Release file:
JAVA_VERSION="21.0.11" 
MODULES="java.base java.compiler java.datatransfer java.xml java.prefs java.desktop java.instrument java.logging java.management java.security.sasl java.naming java.rmi java.management.rmi java.net.http java.scripting java.security.jgss java.transaction.xa java.sql java.sql.rowset java.xml.crypto java.se java.smartcardio jdk.accessibility jdk.internal.jvmstat jdk.attach jdk.charsets jdk.internal.opt jdk.zipfs jdk.compiler jdk.crypto.ec jdk.crypto.cryptoki jdk.crypto.mscapi jdk.dynalink jdk.internal.ed jdk.editpad jdk.hotspot.agent jdk.httpserver jdk.internal.le jdk.internal.vm.ci jdk.internal.vm.compiler jdk.internal.vm.compiler.management jdk.jartool jdk.javadoc jdk.jcmd jdk.management jdk.management.agent jdk.jconsole jdk.jdeps jdk.jdwp.agent jdk.jdi jdk.jfr jdk.jshell jdk.jsobject jdk.jstatd jdk.localedata jdk.management.jfr jdk.naming.dns jdk.naming.rmi jdk.net jdk.nio.mapmode jdk.random jdk.sctp jdk.security.auth jdk.security.jgss jdk.unsupported jdk.unsupported.desktop jdk.xml.dom" 

Environment Variables:
JAVA_HOME=C:\Program Files\Java\jdk-17
PATH=C:\Program Files\Common Files\Oracle\Java\javapath;C:\windows\system32;C:\windows;C:\windows\System32\Wbem;C:\windows\System32\WindowsPowerShell\v1.0\;C:\windows\System32\OpenSSH\;C:\Program Files (x86)\NVIDIA Corporation\PhysX\Common;C:\Program Files\NVIDIA Corporation\NVIDIA NvDLISR;C:\Users\Administrator\AppData\Local\Microsoft\WindowsApps;C:\Program Files\HP\OMEN-Broadcast\Common;C:\Program Files\cursor\resources\app\bin;C:\Program Files\nodejs\;C:\WINDOWS\system32;C:\WINDOWS;C:\WINDOWS\System32\Wbem;C:\WINDOWS\System32\WindowsPowerShell\v1.0\;C:\WINDOWS\System32\OpenSSH\;C:\Program Files\Java\jdk-17\bin;D:\Spring\apache-maven-3.9.16\bin;C:\Program Files\MySQL\MySQL Server 8.0\bin;C:\Program Files\MySQL\MySQL Shell 8.0\bin\;c:\Users\K.Dharunika\AppData\Local\Programs\cursor\resources\app\codeBin;C:\Users\K.Dharunika\AppData\Local\Programs\Python\Python314\Scripts\;C:\Users\K.Dharunika\AppData\Local\Programs\Python\Python314\;C:\Users\K.Dharunika\AppData\Local\Programs\Python\Launcher\;C:\Users\K.Dharunika\AppData\Local\Microsoft\WindowsApps;C:\Users\K.Dharunika\AppData\Roaming\npm;C:\Users\K.Dharunika\AppData\Local\Programs\Microsoft VS Code\bin;C:\Users\K.Dharunika\AppData\Local\Programs\cursor\resources\app\bin;C:\Program Files\Java\jdk-17\bin;D:\Spring\apache-maven-3.9.16\bin;C:\Program Files\nodejs;C:\Program Files\MySQL\MySQL Server 8.0\bin;C:\Users\K.Dharunika\AppData\Local\Programs\Antigravity IDE\bin
USERNAME=K.Dharunika
OS=Windows_NT
PROCESSOR_IDENTIFIER=Intel64 Family 6 Model 154 Stepping 3, GenuineIntel
TMP=C:\Users\KC0AA~1.DHA\AppData\Local\Temp
TEMP=C:\Users\KC0AA~1.DHA\AppData\Local\Temp




Periodic native trim disabled

---------------  S Y S T E M  ---------------

OS:
 Windows 11 , 64 bit Build 26100 (10.0.26100.8521)
OS uptime: 0 days 1:04 hours
Hyper-V role detected

CPU: total 12 (initial active 12) (6 cores per cpu, 2 threads per core) family 6 model 154 stepping 3 microcode 0x434, cx8, cmov, fxsr, ht, mmx, 3dnowpref, sse, sse2, sse3, ssse3, sse4.1, sse4.2, popcnt, lzcnt, tsc, tscinvbit, avx, avx2, aes, erms, clmul, bmi1, bmi2, adx, sha, fma, vzeroupper, clflush, clflushopt, clwb, hv, serialize, rdtscp, rdpid, fsrm, f16c, cet_ibt, cet_ss
Processor Information for processor 0
  Max Mhz: 2000, Current Mhz: 2000, Mhz Limit: 2000
Processor Information for processor 1
  Max Mhz: 2000, Current Mhz: 2000, Mhz Limit: 2000
Processor Information for processor 2
  Max Mhz: 2000, Current Mhz: 2000, Mhz Limit: 2000
Processor Information for processor 3
  Max Mhz: 2000, Current Mhz: 2000, Mhz Limit: 2000
Processor Information for processor 4
  Max Mhz: 2000, Current Mhz: 2000, Mhz Limit: 2000
Processor Information for processor 5
  Max Mhz: 2000, Current Mhz: 2000, Mhz Limit: 2000
Processor Information for processor 6
  Max Mhz: 2000, Current Mhz: 2000, Mhz Limit: 2000
Processor Information for processor 7
  Max Mhz: 2000, Current Mhz: 2000, Mhz Limit: 2000
Processor Information for processor 8
  Max Mhz: 2000, Current Mhz: 2000, Mhz Limit: 2000
Processor Information for processor 9
  Max Mhz: 2000, Current Mhz: 2000, Mhz Limit: 2000
Processor Information for processor 10
  Max Mhz: 2000, Current Mhz: 1466, Mhz Limit: 2000
Processor Information for processor 11
  Max Mhz: 2000, Current Mhz: 2000, Mhz Limit: 2000

Memory: 4k page, system-wide physical 16024M (3898M free)
TotalPageFile size 18072M (AvailPageFile size 81M)
current process WorkingSet (physical memory assigned to process): 454M, peak: 454M
current process commit charge ("private bytes"): 492M, peak: 494M

vm_info: OpenJDK 64-Bit Server VM (21.0.11+10-LTS) for windows-amd64 JRE (21.0.11+10-LTS), built on 2026-04-21T00:00:00Z by "admin" with MS VC++ 17.12 (VS2022)

END.
