#
# There is insufficient memory for the Java Runtime Environment to continue.
# Native memory allocation (malloc) failed to allocate 1267376 bytes for Chunk::new
# Possible reasons:
#   The system is out of physical RAM or swap space
#   The process is running with CompressedOops enabled, and the Java Heap may be blocking the growth of the native heap
# Possible solutions:
#   Reduce memory load on the system
#   Increase physical memory or swap space
#   Check if swap backing store is full
#   Decrease Java heap size (-Xmx/-Xms)
#   Decrease number of Java threads
#   Decrease Java thread stack sizes (-Xss)
#   Set larger code cache with -XX:ReservedCodeCacheSize=
#   JVM is running with Unscaled Compressed Oops mode in which the Java heap is
#     placed in the first 4GB address space. The Java Heap base address is the
#     maximum limit for the native heap growth. Please use -XX:HeapBaseMinAddress
#     to set the Java Heap base and to place the Java Heap above 4GB virtual address.
# This output file may be truncated or incomplete.
#
#  Out of Memory Error (arena.cpp:189), pid=14584, tid=16248
#
# JRE version: Java(TM) SE Runtime Environment (17.0.12+8) (build 17.0.12+8-LTS-286)
# Java VM: Java HotSpot(TM) 64-Bit Server VM (17.0.12+8-LTS-286, mixed mode, sharing, tiered, compressed oops, compressed class ptrs, serial gc, windows-amd64)
# No core dump will be written. Minidumps are not enabled by default on client versions of Windows
#

---------------  S U M M A R Y ------------

Command Line: -Xms128m -Xmx512m -XX:MaxMetaspaceSize=256m -XX:+UseSerialGC --enable-native-access=ALL-UNNAMED -Dclassworlds.conf=D:\Spring\apache-maven-3.9.16\bin\m2.conf -Dmaven.home=D:\Spring\apache-maven-3.9.16 -Dlibrary.jansi.path=D:\Spring\apache-maven-3.9.16\lib\jansi-native -Dmaven.multiModuleProjectDirectory=D:\Hirespere\demo org.codehaus.plexus.classworlds.launcher.Launcher clean install

Host: 12th Gen Intel(R) Core(TM) i5-12450H, 12 cores, 15G,  Windows 11 , 64 bit Build 26100 (10.0.26100.8521)
Time: Wed Jul  8 19:36:17 2026 India Standard Time elapsed time: 7.906258 seconds (0d 0h 0m 7s)

---------------  T H R E A D  ---------------

Current thread (0x0000027fce0eb030):  JavaThread "C2 CompilerThread1" daemon [_thread_in_native, id=16248, stack(0x000000c4d7d00000,0x000000c4d7e00000)]


Current CompileTask:
C2:   7906 8192   !   4       com.sun.tools.javac.jvm.ClassReader::classSigToType (497 bytes)

Stack: [0x000000c4d7d00000,0x000000c4d7e00000]
Native frames: (J=compiled Java code, j=interpreted, Vv=VM code, C=native code)
V  [jvm.dll+0x67a04a]
V  [jvm.dll+0x7da4ed]
V  [jvm.dll+0x7dbe33]
V  [jvm.dll+0x7dc4a3]
V  [jvm.dll+0x24508f]
V  [jvm.dll+0xab773]
V  [jvm.dll+0xabd3c]
V  [jvm.dll+0x361b9f]
V  [jvm.dll+0x1ba45a]
V  [jvm.dll+0x216997]
V  [jvm.dll+0x215c6f]
V  [jvm.dll+0x1a2960]
V  [jvm.dll+0x22610b]
V  [jvm.dll+0x2242ab]
V  [jvm.dll+0x79075c]
V  [jvm.dll+0x78abea]
V  [jvm.dll+0x678f35]
C  [ucrtbase.dll+0x2cd30]
C  [KERNEL32.DLL+0x2e957]
C  [ntdll.dll+0x87c1c]


---------------  P R O C E S S  ---------------

Threads class SMR info:
_java_thread_list=0x0000027fcdbcd150, length=14, elements={
0x0000027fa3a61d80, 0x0000027fa365d350, 0x0000027fa365e0e0, 0x0000027fa3673bb0,
0x0000027fa3676590, 0x0000027fa367ce00, 0x0000027fa3680280, 0x0000027fa367e250,
0x0000027fa367ec10, 0x0000027fa368c320, 0x0000027fa37c7040, 0x0000027fa37cb7d0,
0x0000027fbaf16540, 0x0000027fce0eb030
}

Java Threads: ( => current thread )
  0x0000027fa3a61d80 JavaThread "main" [_thread_in_native, id=23420, stack(0x000000c4d6f00000,0x000000c4d7000000)]
  0x0000027fa365d350 JavaThread "Reference Handler" daemon [_thread_blocked, id=26688, stack(0x000000c4d7100000,0x000000c4d7200000)]
  0x0000027fa365e0e0 JavaThread "Finalizer" daemon [_thread_blocked, id=23216, stack(0x000000c4d7200000,0x000000c4d7300000)]
  0x0000027fa3673bb0 JavaThread "Signal Dispatcher" daemon [_thread_blocked, id=20464, stack(0x000000c4d7300000,0x000000c4d7400000)]
  0x0000027fa3676590 JavaThread "Attach Listener" daemon [_thread_blocked, id=26768, stack(0x000000c4d7400000,0x000000c4d7500000)]
  0x0000027fa367ce00 JavaThread "Service Thread" daemon [_thread_blocked, id=1204, stack(0x000000c4d7500000,0x000000c4d7600000)]
  0x0000027fa3680280 JavaThread "Monitor Deflation Thread" daemon [_thread_blocked, id=3400, stack(0x000000c4d7600000,0x000000c4d7700000)]
  0x0000027fa367e250 JavaThread "C2 CompilerThread0" daemon [_thread_blocked, id=30544, stack(0x000000c4d7700000,0x000000c4d7800000)]
  0x0000027fa367ec10 JavaThread "C1 CompilerThread0" daemon [_thread_blocked, id=12264, stack(0x000000c4d7800000,0x000000c4d7900000)]
  0x0000027fa368c320 JavaThread "Sweeper thread" daemon [_thread_blocked, id=19496, stack(0x000000c4d7900000,0x000000c4d7a00000)]
  0x0000027fa37c7040 JavaThread "Notification Thread" daemon [_thread_blocked, id=7688, stack(0x000000c4d7a00000,0x000000c4d7b00000)]
  0x0000027fa37cb7d0 JavaThread "Common-Cleaner" daemon [_thread_blocked, id=3612, stack(0x000000c4d7c00000,0x000000c4d7d00000)]
  0x0000027fbaf16540 JavaThread "Thread-1" daemon [_thread_blocked, id=27900, stack(0x000000c4d7f00000,0x000000c4d8000000)]
=>0x0000027fce0eb030 JavaThread "C2 CompilerThread1" daemon [_thread_in_native, id=16248, stack(0x000000c4d7d00000,0x000000c4d7e00000)]

Other Threads:
  0x0000027fa36553b0 VMThread "VM Thread" [stack: 0x000000c4d7000000,0x000000c4d7100000] [id=30124]
  0x0000027fa37cb540 WatcherThread [stack: 0x000000c4d7b00000,0x000000c4d7c00000] [id=12744]

Threads with active compile tasks:
C2 CompilerThread1     7926 8192   !   4       com.sun.tools.javac.jvm.ClassReader::classSigToType (497 bytes)

VM state: not at safepoint (normal execution)

VM Mutex/Monitor currently owned by a thread: None

Heap address: 0x00000000e0000000, size: 512 MB, Compressed Oops mode: 32-bit

CDS archive(s) mapped at: [0x0000027fbb000000-0x0000027fbbbd0000-0x0000027fbbbd0000), size 12386304, SharedBaseAddress: 0x0000027fbb000000, ArchiveRelocationMode: 1.
Compressed class space mapped at: 0x0000027fbc000000-0x0000027fc9000000, reserved size: 218103808
Narrow klass base: 0x0000027fbb000000, Narrow klass shift: 0, Narrow klass range: 0x100000000

GC Precious Log:
 CPUs: 12 total, 12 available
 Memory: 16024M
 Large Page Support: Disabled
 NUMA Support: Disabled
 Compressed Oops: Enabled (32-bit)
 Heap Min Capacity: 128M
 Heap Initial Capacity: 128M
 Heap Max Capacity: 512M
 Pre-touch: Disabled

Heap:
 def new generation   total 39424K, used 30460K [0x00000000e0000000, 0x00000000e2ac0000, 0x00000000eaaa0000)
  eden space 35072K,  74% used [0x00000000e0000000, 0x00000000e197f3d8, 0x00000000e2240000)
  from space 4352K, 100% used [0x00000000e2240000, 0x00000000e2680000, 0x00000000e2680000)
  to   space 4352K,   0% used [0x00000000e2680000, 0x00000000e2680000, 0x00000000e2ac0000)
 tenured generation   total 87424K, used 55265K [0x00000000eaaa0000, 0x00000000f0000000, 0x0000000100000000)
   the space 87424K,  63% used [0x00000000eaaa0000, 0x00000000ee098548, 0x00000000ee098600, 0x00000000f0000000)
 Metaspace       used 31469K, committed 31872K, reserved 278528K
  class space    used 3585K, committed 3776K, reserved 212992K

Card table byte_map: [0x0000027fa3410000,0x0000027fa3520000] _byte_map_base: 0x0000027fa2d10000

Polling page: 0x0000027fa19c0000

Metaspace:

Usage:
  Non-class:     27.23 MB used.
      Class:      3.50 MB used.
       Both:     30.73 MB used.

Virtual space:
  Non-class space:       64.00 MB reserved,      27.44 MB ( 43%) committed,  1 nodes.
      Class space:      208.00 MB reserved,       3.69 MB (  2%) committed,  1 nodes.
             Both:      272.00 MB reserved,      31.12 MB ( 11%) committed. 

Chunk freelists:
   Non-Class:  4.45 MB
       Class:  12.30 MB
        Both:  16.75 MB

MaxMetaspaceSize: 256.00 MB
CompressedClassSpaceSize: 208.00 MB
Initial GC threshold: 21.00 MB
Current GC threshold: 35.00 MB
CDS: on
MetaspaceReclaimPolicy: balanced
 - commit_granule_bytes: 65536.
 - commit_granule_words: 8192.
 - virtual_space_node_default_size: 8388608.
 - enlarge_chunks_in_place: 1.
 - new_chunks_are_fully_committed: 0.
 - uncommit_free_chunks: 1.
 - use_allocation_guard: 0.
 - handle_deallocations: 1.


Internal statistics:

num_allocs_failed_limit: 3.
num_arena_births: 234.
num_arena_deaths: 0.
num_vsnodes_births: 2.
num_vsnodes_deaths: 0.
num_space_committed: 498.
num_space_uncommitted: 0.
num_chunks_returned_to_freelist: 3.
num_chunks_taken_from_freelist: 1424.
num_chunk_merges: 3.
num_chunk_splits: 991.
num_chunks_enlarged: 761.
num_inconsistent_stats: 0.

CodeHeap 'non-profiled nmethods': size=120000Kb used=4488Kb max_used=4488Kb free=115512Kb
 bounds [0x0000027fb2df0000, 0x0000027fb3260000, 0x0000027fba320000]
CodeHeap 'profiled nmethods': size=120000Kb used=16043Kb max_used=16043Kb free=103956Kb
 bounds [0x0000027fab320000, 0x0000027fac2d0000, 0x0000027fb2850000]
CodeHeap 'non-nmethods': size=5760Kb used=1212Kb max_used=1292Kb free=4547Kb
 bounds [0x0000027fb2850000, 0x0000027fb2ac0000, 0x0000027fb2df0000]
 total_blobs=7889 nmethods=7370 adapters=433
 compilation: enabled
              stopped_count=0, restarted_count=0
 full_count=0

Compilation events (20 events):
Event: 6.784 Thread 0x0000027fa367ec10 8226       3       java.net.URL::<init> (438 bytes)
Event: 6.787 Thread 0x0000027fa367ec10 nmethod 8226 0x0000027fac2bea90 code [0x0000027fac2bf260, 0x0000027fac2c31a8]
Event: 6.801 Thread 0x0000027fcedf0030 nmethod 8222 0x0000027fb3245110 code [0x0000027fb3245380, 0x0000027fb3246480]
Event: 6.820 Thread 0x0000027fa367e250 nmethod 8189 0x0000027fb3246f90 code [0x0000027fb32472e0, 0x0000027fb324a338]
Event: 6.827 Thread 0x0000027fa367ec10 8227       3       jdk.internal.reflect.UnsafeQualifiedStaticObjectFieldAccessorImpl::get (15 bytes)
Event: 6.827 Thread 0x0000027fa367ec10 nmethod 8227 0x0000027fac2c4810 code [0x0000027fac2c49a0, 0x0000027fac2c4ab8]
Event: 6.827 Thread 0x0000027fa367ec10 8228       3       sun.misc.Unsafe::putBoolean (11 bytes)
Event: 6.827 Thread 0x0000027fa367ec10 nmethod 8228 0x0000027fac2c4b90 code [0x0000027fac2c4d20, 0x0000027fac2c4e38]
Event: 6.831 Thread 0x0000027fa367e250 8229 %     4       lombok.launch.PackageShader::apply @ 76 (252 bytes)
Event: 6.841 Thread 0x0000027fcedf0030 8230       4       java.util.HashSet::contains (9 bytes)
Event: 6.841 Thread 0x0000027fa367e250 nmethod 8229% 0x0000027fb324bb10 code [0x0000027fb324bcc0, 0x0000027fb324c618]
Event: 6.842 Thread 0x0000027fa367e250 8231       4       java.net.URI$Parser::checkChars (44 bytes)
Event: 6.845 Thread 0x0000027fcedf0030 nmethod 8230 0x0000027fb324cb90 code [0x0000027fb324cd40, 0x0000027fb324d278]
Event: 6.845 Thread 0x0000027fa367e250 nmethod 8231 0x0000027fb324d610 code [0x0000027fb324d7c0, 0x0000027fb324da58]
Event: 6.845 Thread 0x0000027fa367e250 8232       4       lombok.launch.PackageShader::apply (252 bytes)
Event: 6.869 Thread 0x0000027fa367e250 nmethod 8232 0x0000027fb324dd90 code [0x0000027fb324e0a0, 0x0000027fb324f908]
Event: 6.872 Thread 0x0000027fcedf0030 8233       4       java.util.WeakHashMap::put (160 bytes)
Event: 6.881 Thread 0x0000027fa367ec10 8234       3       java.net.URL::openStream (8 bytes)
Event: 6.881 Thread 0x0000027fa367ec10 nmethod 8234 0x0000027fac2c4f10 code [0x0000027fac2c50c0, 0x0000027fac2c53b8]
Event: 6.883 Thread 0x0000027fcedf0030 nmethod 8233 0x0000027fb3250690 code [0x0000027fb3250880, 0x0000027fb32517c8]

GC Heap History (20 events):
Event: 1.849 GC heap before
{Heap before GC invocations=3 (full 0):
 def new generation   total 39296K, used 39296K [0x00000000e0000000, 0x00000000e2aa0000, 0x00000000eaaa0000)
  eden space 34944K, 100% used [0x00000000e0000000, 0x00000000e2220000, 0x00000000e2220000)
  from space 4352K, 100% used [0x00000000e2660000, 0x00000000e2aa0000, 0x00000000e2aa0000)
  to   space 4352K,   0% used [0x00000000e2220000, 0x00000000e2220000, 0x00000000e2660000)
 tenured generation   total 87424K, used 4844K [0x00000000eaaa0000, 0x00000000f0000000, 0x0000000100000000)
   the space 87424K,   5% used [0x00000000eaaa0000, 0x00000000eaf5b158, 0x00000000eaf5b200, 0x00000000f0000000)
 Metaspace       used 15412K, committed 15616K, reserved 278528K
  class space    used 1853K, committed 1920K, reserved 212992K
}
Event: 1.865 GC heap after
{Heap after GC invocations=4 (full 0):
 def new generation   total 39296K, used 3919K [0x00000000e0000000, 0x00000000e2aa0000, 0x00000000eaaa0000)
  eden space 34944K,   0% used [0x00000000e0000000, 0x00000000e0000000, 0x00000000e2220000)
  from space 4352K,  90% used [0x00000000e2220000, 0x00000000e25f3e88, 0x00000000e2660000)
  to   space 4352K,   0% used [0x00000000e2660000, 0x00000000e2660000, 0x00000000e2aa0000)
 tenured generation   total 87424K, used 9065K [0x00000000eaaa0000, 0x00000000f0000000, 0x0000000100000000)
   the space 87424K,  10% used [0x00000000eaaa0000, 0x00000000eb37a638, 0x00000000eb37a800, 0x00000000f0000000)
 Metaspace       used 15412K, committed 15616K, reserved 278528K
  class space    used 1853K, committed 1920K, reserved 212992K
}
Event: 2.293 GC heap before
{Heap before GC invocations=4 (full 0):
 def new generation   total 39296K, used 38863K [0x00000000e0000000, 0x00000000e2aa0000, 0x00000000eaaa0000)
  eden space 34944K, 100% used [0x00000000e0000000, 0x00000000e2220000, 0x00000000e2220000)
  from space 4352K,  90% used [0x00000000e2220000, 0x00000000e25f3e88, 0x00000000e2660000)
  to   space 4352K,   0% used [0x00000000e2660000, 0x00000000e2660000, 0x00000000e2aa0000)
 tenured generation   total 87424K, used 9065K [0x00000000eaaa0000, 0x00000000f0000000, 0x0000000100000000)
   the space 87424K,  10% used [0x00000000eaaa0000, 0x00000000eb37a638, 0x00000000eb37a800, 0x00000000f0000000)
 Metaspace       used 15912K, committed 16192K, reserved 278528K
  class space    used 1869K, committed 1984K, reserved 212992K
}
Event: 2.299 GC heap after
{Heap after GC invocations=5 (full 0):
 def new generation   total 39296K, used 1326K [0x00000000e0000000, 0x00000000e2aa0000, 0x00000000eaaa0000)
  eden space 34944K,   0% used [0x00000000e0000000, 0x00000000e0000000, 0x00000000e2220000)
  from space 4352K,  30% used [0x00000000e2660000, 0x00000000e27aba70, 0x00000000e2aa0000)
  to   space 4352K,   0% used [0x00000000e2220000, 0x00000000e2220000, 0x00000000e2660000)
 tenured generation   total 87424K, used 12599K [0x00000000eaaa0000, 0x00000000f0000000, 0x0000000100000000)
   the space 87424K,  14% used [0x00000000eaaa0000, 0x00000000eb6ede58, 0x00000000eb6ee000, 0x00000000f0000000)
 Metaspace       used 15912K, committed 16192K, reserved 278528K
  class space    used 1869K, committed 1984K, reserved 212992K
}
Event: 2.789 GC heap before
{Heap before GC invocations=5 (full 0):
 def new generation   total 39296K, used 36270K [0x00000000e0000000, 0x00000000e2aa0000, 0x00000000eaaa0000)
  eden space 34944K, 100% used [0x00000000e0000000, 0x00000000e2220000, 0x00000000e2220000)
  from space 4352K,  30% used [0x00000000e2660000, 0x00000000e27aba70, 0x00000000e2aa0000)
  to   space 4352K,   0% used [0x00000000e2220000, 0x00000000e2220000, 0x00000000e2660000)
 tenured generation   total 87424K, used 12599K [0x00000000eaaa0000, 0x00000000f0000000, 0x0000000100000000)
   the space 87424K,  14% used [0x00000000eaaa0000, 0x00000000eb6ede58, 0x00000000eb6ee000, 0x00000000f0000000)
 Metaspace       used 19592K, committed 19904K, reserved 278528K
  class space    used 2290K, committed 2432K, reserved 212992K
}
Event: 2.796 GC heap after
{Heap after GC invocations=6 (full 0):
 def new generation   total 39296K, used 3481K [0x00000000e0000000, 0x00000000e2aa0000, 0x00000000eaaa0000)
  eden space 34944K,   0% used [0x00000000e0000000, 0x00000000e0000000, 0x00000000e2220000)
  from space 4352K,  79% used [0x00000000e2220000, 0x00000000e2586638, 0x00000000e2660000)
  to   space 4352K,   0% used [0x00000000e2660000, 0x00000000e2660000, 0x00000000e2aa0000)
 tenured generation   total 87424K, used 12599K [0x00000000eaaa0000, 0x00000000f0000000, 0x0000000100000000)
   the space 87424K,  14% used [0x00000000eaaa0000, 0x00000000eb6ede58, 0x00000000eb6ee000, 0x00000000f0000000)
 Metaspace       used 19592K, committed 19904K, reserved 278528K
  class space    used 2290K, committed 2432K, reserved 212992K
}
Event: 2.914 GC heap before
{Heap before GC invocations=6 (full 0):
 def new generation   total 39296K, used 16530K [0x00000000e0000000, 0x00000000e2aa0000, 0x00000000eaaa0000)
  eden space 34944K,  37% used [0x00000000e0000000, 0x00000000e0cbe240, 0x00000000e2220000)
  from space 4352K,  79% used [0x00000000e2220000, 0x00000000e2586638, 0x00000000e2660000)
  to   space 4352K,   0% used [0x00000000e2660000, 0x00000000e2660000, 0x00000000e2aa0000)
 tenured generation   total 87424K, used 12599K [0x00000000eaaa0000, 0x00000000f0000000, 0x0000000100000000)
   the space 87424K,  14% used [0x00000000eaaa0000, 0x00000000eb6ede58, 0x00000000eb6ee000, 0x00000000f0000000)
 Metaspace       used 21197K, committed 21504K, reserved 278528K
  class space    used 2520K, committed 2688K, reserved 212992K
}
Event: 2.948 GC heap after
{Heap after GC invocations=7 (full 1):
 def new generation   total 39424K, used 0K [0x00000000e0000000, 0x00000000e2ac0000, 0x00000000eaaa0000)
  eden space 35072K,   0% used [0x00000000e0000000, 0x00000000e0000000, 0x00000000e2240000)
  from space 4352K,   0% used [0x00000000e2240000, 0x00000000e2240000, 0x00000000e2680000)
  to   space 4352K,   0% used [0x00000000e2680000, 0x00000000e2680000, 0x00000000e2ac0000)
 tenured generation   total 87424K, used 22581K [0x00000000eaaa0000, 0x00000000f0000000, 0x0000000100000000)
   the space 87424K,  25% used [0x00000000eaaa0000, 0x00000000ec0ad668, 0x00000000ec0ad800, 0x00000000f0000000)
 Metaspace       used 21197K, committed 21504K, reserved 278528K
  class space    used 2520K, committed 2688K, reserved 212992K
}
Event: 3.406 GC heap before
{Heap before GC invocations=7 (full 1):
 def new generation   total 39424K, used 35072K [0x00000000e0000000, 0x00000000e2ac0000, 0x00000000eaaa0000)
  eden space 35072K, 100% used [0x00000000e0000000, 0x00000000e2240000, 0x00000000e2240000)
  from space 4352K,   0% used [0x00000000e2240000, 0x00000000e2240000, 0x00000000e2680000)
  to   space 4352K,   0% used [0x00000000e2680000, 0x00000000e2680000, 0x00000000e2ac0000)
 tenured generation   total 87424K, used 22581K [0x00000000eaaa0000, 0x00000000f0000000, 0x0000000100000000)
   the space 87424K,  25% used [0x00000000eaaa0000, 0x00000000ec0ad668, 0x00000000ec0ad800, 0x00000000f0000000)
 Metaspace       used 25713K, committed 26048K, reserved 278528K
  class space    used 3014K, committed 3136K, reserved 212992K
}
Event: 3.426 GC heap after
{Heap after GC invocations=8 (full 1):
 def new generation   total 39424K, used 4351K [0x00000000e0000000, 0x00000000e2ac0000, 0x00000000eaaa0000)
  eden space 35072K,   0% used [0x00000000e0000000, 0x00000000e0000000, 0x00000000e2240000)
  from space 4352K,  99% used [0x00000000e2680000, 0x00000000e2abfff8, 0x00000000e2ac0000)
  to   space 4352K,   0% used [0x00000000e2240000, 0x00000000e2240000, 0x00000000e2680000)
 tenured generation   total 87424K, used 29989K [0x00000000eaaa0000, 0x00000000f0000000, 0x0000000100000000)
   the space 87424K,  34% used [0x00000000eaaa0000, 0x00000000ec7e9600, 0x00000000ec7e9600, 0x00000000f0000000)
 Metaspace       used 25713K, committed 26048K, reserved 278528K
  class space    used 3014K, committed 3136K, reserved 212992K
}
Event: 3.911 GC heap before
{Heap before GC invocations=8 (full 1):
 def new generation   total 39424K, used 39423K [0x00000000e0000000, 0x00000000e2ac0000, 0x00000000eaaa0000)
  eden space 35072K, 100% used [0x00000000e0000000, 0x00000000e2240000, 0x00000000e2240000)
  from space 4352K,  99% used [0x00000000e2680000, 0x00000000e2abfff8, 0x00000000e2ac0000)
  to   space 4352K,   0% used [0x00000000e2240000, 0x00000000e2240000, 0x00000000e2680000)
 tenured generation   total 87424K, used 29989K [0x00000000eaaa0000, 0x00000000f0000000, 0x0000000100000000)
   the space 87424K,  34% used [0x00000000eaaa0000, 0x00000000ec7e9600, 0x00000000ec7e9600, 0x00000000f0000000)
 Metaspace       used 27075K, committed 27392K, reserved 278528K
  class space    used 3113K, committed 3264K, reserved 212992K
}
Event: 3.937 GC heap after
{Heap after GC invocations=9 (full 1):
 def new generation   total 39424K, used 4352K [0x00000000e0000000, 0x00000000e2ac0000, 0x00000000eaaa0000)
  eden space 35072K,   0% used [0x00000000e0000000, 0x00000000e0000000, 0x00000000e2240000)
  from space 4352K, 100% used [0x00000000e2240000, 0x00000000e2680000, 0x00000000e2680000)
  to   space 4352K,   0% used [0x00000000e2680000, 0x00000000e2680000, 0x00000000e2ac0000)
 tenured generation   total 87424K, used 35812K [0x00000000eaaa0000, 0x00000000f0000000, 0x0000000100000000)
   the space 87424K,  40% used [0x00000000eaaa0000, 0x00000000ecd990e0, 0x00000000ecd99200, 0x00000000f0000000)
 Metaspace       used 27075K, committed 27392K, reserved 278528K
  class space    used 3113K, committed 3264K, reserved 212992K
}
Event: 5.389 GC heap before
{Heap before GC invocations=9 (full 1):
 def new generation   total 39424K, used 39424K [0x00000000e0000000, 0x00000000e2ac0000, 0x00000000eaaa0000)
  eden space 35072K, 100% used [0x00000000e0000000, 0x00000000e2240000, 0x00000000e2240000)
  from space 4352K, 100% used [0x00000000e2240000, 0x00000000e2680000, 0x00000000e2680000)
  to   space 4352K,   0% used [0x00000000e2680000, 0x00000000e2680000, 0x00000000e2ac0000)
 tenured generation   total 87424K, used 35812K [0x00000000eaaa0000, 0x00000000f0000000, 0x0000000100000000)
   the space 87424K,  40% used [0x00000000eaaa0000, 0x00000000ecd990e0, 0x00000000ecd99200, 0x00000000f0000000)
 Metaspace       used 28470K, committed 28864K, reserved 278528K
  class space    used 3272K, committed 3456K, reserved 212992K
}
Event: 5.398 GC heap after
{Heap after GC invocations=10 (full 1):
 def new generation   total 39424K, used 624K [0x00000000e0000000, 0x00000000e2ac0000, 0x00000000eaaa0000)
  eden space 35072K,   0% used [0x00000000e0000000, 0x00000000e0000000, 0x00000000e2240000)
  from space 4352K,  14% used [0x00000000e2680000, 0x00000000e271c190, 0x00000000e2ac0000)
  to   space 4352K,   0% used [0x00000000e2240000, 0x00000000e2240000, 0x00000000e2680000)
 tenured generation   total 87424K, used 40156K [0x00000000eaaa0000, 0x00000000f0000000, 0x0000000100000000)
   the space 87424K,  45% used [0x00000000eaaa0000, 0x00000000ed1d7250, 0x00000000ed1d7400, 0x00000000f0000000)
 Metaspace       used 28470K, committed 28864K, reserved 278528K
  class space    used 3272K, committed 3456K, reserved 212992K
}
Event: 5.551 GC heap before
{Heap before GC invocations=10 (full 1):
 def new generation   total 39424K, used 35696K [0x00000000e0000000, 0x00000000e2ac0000, 0x00000000eaaa0000)
  eden space 35072K, 100% used [0x00000000e0000000, 0x00000000e2240000, 0x00000000e2240000)
  from space 4352K,  14% used [0x00000000e2680000, 0x00000000e271c190, 0x00000000e2ac0000)
  to   space 4352K,   0% used [0x00000000e2240000, 0x00000000e2240000, 0x00000000e2680000)
 tenured generation   total 87424K, used 40156K [0x00000000eaaa0000, 0x00000000f0000000, 0x0000000100000000)
   the space 87424K,  45% used [0x00000000eaaa0000, 0x00000000ed1d7250, 0x00000000ed1d7400, 0x00000000f0000000)
 Metaspace       used 28806K, committed 29184K, reserved 278528K
  class space    used 3290K, committed 3456K, reserved 212992K
}
Event: 5.554 GC heap after
{Heap after GC invocations=11 (full 1):
 def new generation   total 39424K, used 1099K [0x00000000e0000000, 0x00000000e2ac0000, 0x00000000eaaa0000)
  eden space 35072K,   0% used [0x00000000e0000000, 0x00000000e0000000, 0x00000000e2240000)
  from space 4352K,  25% used [0x00000000e2240000, 0x00000000e2352e40, 0x00000000e2680000)
  to   space 4352K,   0% used [0x00000000e2680000, 0x00000000e2680000, 0x00000000e2ac0000)
 tenured generation   total 87424K, used 40156K [0x00000000eaaa0000, 0x00000000f0000000, 0x0000000100000000)
   the space 87424K,  45% used [0x00000000eaaa0000, 0x00000000ed1d7250, 0x00000000ed1d7400, 0x00000000f0000000)
 Metaspace       used 28806K, committed 29184K, reserved 278528K
  class space    used 3290K, committed 3456K, reserved 212992K
}
Event: 6.202 GC heap before
{Heap before GC invocations=11 (full 1):
 def new generation   total 39424K, used 36171K [0x00000000e0000000, 0x00000000e2ac0000, 0x00000000eaaa0000)
  eden space 35072K, 100% used [0x00000000e0000000, 0x00000000e2240000, 0x00000000e2240000)
  from space 4352K,  25% used [0x00000000e2240000, 0x00000000e2352e40, 0x00000000e2680000)
  to   space 4352K,   0% used [0x00000000e2680000, 0x00000000e2680000, 0x00000000e2ac0000)
 tenured generation   total 87424K, used 40156K [0x00000000eaaa0000, 0x00000000f0000000, 0x0000000100000000)
   the space 87424K,  45% used [0x00000000eaaa0000, 0x00000000ed1d7250, 0x00000000ed1d7400, 0x00000000f0000000)
 Metaspace       used 30870K, committed 31232K, reserved 278528K
  class space    used 3516K, committed 3712K, reserved 212992K
}
Event: 6.214 GC heap after
{Heap after GC invocations=12 (full 1):
 def new generation   total 39424K, used 3948K [0x00000000e0000000, 0x00000000e2ac0000, 0x00000000eaaa0000)
  eden space 35072K,   0% used [0x00000000e0000000, 0x00000000e0000000, 0x00000000e2240000)
  from space 4352K,  90% used [0x00000000e2680000, 0x00000000e2a5b278, 0x00000000e2ac0000)
  to   space 4352K,   0% used [0x00000000e2240000, 0x00000000e2240000, 0x00000000e2680000)
 tenured generation   total 87424K, used 40156K [0x00000000eaaa0000, 0x00000000f0000000, 0x0000000100000000)
   the space 87424K,  45% used [0x00000000eaaa0000, 0x00000000ed1d7250, 0x00000000ed1d7400, 0x00000000f0000000)
 Metaspace       used 30870K, committed 31232K, reserved 278528K
  class space    used 3516K, committed 3712K, reserved 212992K
}
Event: 6.532 GC heap before
{Heap before GC invocations=12 (full 1):
 def new generation   total 39424K, used 39020K [0x00000000e0000000, 0x00000000e2ac0000, 0x00000000eaaa0000)
  eden space 35072K, 100% used [0x00000000e0000000, 0x00000000e2240000, 0x00000000e2240000)
  from space 4352K,  90% used [0x00000000e2680000, 0x00000000e2a5b278, 0x00000000e2ac0000)
  to   space 4352K,   0% used [0x00000000e2240000, 0x00000000e2240000, 0x00000000e2680000)
 tenured generation   total 87424K, used 40156K [0x00000000eaaa0000, 0x00000000f0000000, 0x0000000100000000)
   the space 87424K,  45% used [0x00000000eaaa0000, 0x00000000ed1d7250, 0x00000000ed1d7400, 0x00000000f0000000)
 Metaspace       used 30935K, committed 31360K, reserved 278528K
  class space    used 3517K, committed 3712K, reserved 212992K
}
Event: 6.559 GC heap after
{Heap after GC invocations=13 (full 1):
 def new generation   total 39424K, used 4352K [0x00000000e0000000, 0x00000000e2ac0000, 0x00000000eaaa0000)
  eden space 35072K,   0% used [0x00000000e0000000, 0x00000000e0000000, 0x00000000e2240000)
  from space 4352K, 100% used [0x00000000e2240000, 0x00000000e2680000, 0x00000000e2680000)
  to   space 4352K,   0% used [0x00000000e2680000, 0x00000000e2680000, 0x00000000e2ac0000)
 tenured generation   total 87424K, used 55265K [0x00000000eaaa0000, 0x00000000f0000000, 0x0000000100000000)
   the space 87424K,  63% used [0x00000000eaaa0000, 0x00000000ee098548, 0x00000000ee098600, 0x00000000f0000000)
 Metaspace       used 30935K, committed 31360K, reserved 278528K
  class space    used 3517K, committed 3712K, reserved 212992K
}

Deoptimization events (20 events):
Event: 6.669 Thread 0x0000027fa3a61d80 Uncommon trap: trap_request=0xffffffc6 fr.pc=0x0000027fb31aaa78 relative=0x0000000000001298
Event: 6.669 Thread 0x0000027fa3a61d80 Uncommon trap: reason=bimorphic_or_optimized_type_check action=maybe_recompile pc=0x0000027fb31aaa78 method=com.sun.tools.javac.file.BaseFileManager.getKind(Ljava/nio/file/Path;)Ljavax/tools/JavaFileObject$Kind; @ 1 c2
Event: 6.669 Thread 0x0000027fa3a61d80 DEOPT PACKING pc=0x0000027fb31aaa78 sp=0x000000c4d6ffd260
Event: 6.669 Thread 0x0000027fa3a61d80 DEOPT UNPACKING pc=0x0000027fb28a20a3 sp=0x000000c4d6ffd1e8 mode 2
Event: 6.669 Thread 0x0000027fa3a61d80 Uncommon trap: trap_request=0xffffffc6 fr.pc=0x0000027fb31aaa78 relative=0x0000000000001298
Event: 6.669 Thread 0x0000027fa3a61d80 Uncommon trap: reason=bimorphic_or_optimized_type_check action=maybe_recompile pc=0x0000027fb31aaa78 method=com.sun.tools.javac.file.BaseFileManager.getKind(Ljava/nio/file/Path;)Ljavax/tools/JavaFileObject$Kind; @ 1 c2
Event: 6.669 Thread 0x0000027fa3a61d80 DEOPT PACKING pc=0x0000027fb31aaa78 sp=0x000000c4d6ffd180
Event: 6.669 Thread 0x0000027fa3a61d80 DEOPT UNPACKING pc=0x0000027fb28a20a3 sp=0x000000c4d6ffd108 mode 2
Event: 6.777 Thread 0x0000027fa3a61d80 DEOPT PACKING pc=0x0000027fabd6f10b sp=0x000000c4d6ffb730
Event: 6.777 Thread 0x0000027fa3a61d80 DEOPT UNPACKING pc=0x0000027fb28a2843 sp=0x000000c4d6ffac68 mode 0
Event: 6.845 Thread 0x0000027fa3a61d80 DEOPT PACKING pc=0x0000027fac2be353 sp=0x000000c4d6ff8f60
Event: 6.845 Thread 0x0000027fa3a61d80 DEOPT UNPACKING pc=0x0000027fb28a2843 sp=0x000000c4d6ff8410 mode 0
Event: 6.847 Thread 0x0000027fa3a61d80 DEOPT PACKING pc=0x0000027fac2be353 sp=0x000000c4d6ff8f60
Event: 6.847 Thread 0x0000027fa3a61d80 DEOPT UNPACKING pc=0x0000027fb28a2843 sp=0x000000c4d6ff8410 mode 0
Event: 6.853 Thread 0x0000027fa3a61d80 DEOPT PACKING pc=0x0000027fac2be353 sp=0x000000c4d6ffc5b0
Event: 6.853 Thread 0x0000027fa3a61d80 DEOPT UNPACKING pc=0x0000027fb28a2843 sp=0x000000c4d6ffba60 mode 0
Event: 6.860 Thread 0x0000027fa3a61d80 DEOPT PACKING pc=0x0000027fac2be353 sp=0x000000c4d6ffc7f0
Event: 6.860 Thread 0x0000027fa3a61d80 DEOPT UNPACKING pc=0x0000027fb28a2843 sp=0x000000c4d6ffbca0 mode 0
Event: 6.867 Thread 0x0000027fa3a61d80 DEOPT PACKING pc=0x0000027fac2be353 sp=0x000000c4d6ff8fe0
Event: 6.867 Thread 0x0000027fa3a61d80 DEOPT UNPACKING pc=0x0000027fb28a2843 sp=0x000000c4d6ff8490 mode 0

Classes unloaded (0 events):
No events

Classes redefined (0 events):
No events

Internal exceptions (20 events):
Event: 6.683 Thread 0x0000027fa3a61d80 Exception <a 'sun/nio/fs/WindowsException'{0x00000000e0bbb5b0}> (0x00000000e0bbb5b0) 
thrown [s\open\src\hotspot\share\prims\jni.cpp, line 516]
Event: 6.683 Thread 0x0000027fa3a61d80 Exception <a 'sun/nio/fs/WindowsException'{0x00000000e0bbb820}> (0x00000000e0bbb820) 
thrown [s\open\src\hotspot\share\prims\jni.cpp, line 516]
Event: 6.683 Thread 0x0000027fa3a61d80 Exception <a 'sun/nio/fs/WindowsException'{0x00000000e0bd5d58}> (0x00000000e0bd5d58) 
thrown [s\open\src\hotspot\share\prims\jni.cpp, line 516]
Event: 6.683 Thread 0x0000027fa3a61d80 Exception <a 'sun/nio/fs/WindowsException'{0x00000000e0bd6010}> (0x00000000e0bd6010) 
thrown [s\open\src\hotspot\share\prims\jni.cpp, line 516]
Event: 6.684 Thread 0x0000027fa3a61d80 Exception <a 'sun/nio/fs/WindowsException'{0x00000000e0bd8e50}> (0x00000000e0bd8e50) 
thrown [s\open\src\hotspot\share\prims\jni.cpp, line 516]
Event: 6.684 Thread 0x0000027fa3a61d80 Exception <a 'sun/nio/fs/WindowsException'{0x00000000e0bd9120}> (0x00000000e0bd9120) 
thrown [s\open\src\hotspot\share\prims\jni.cpp, line 516]
Event: 6.684 Thread 0x0000027fa3a61d80 Exception <a 'sun/nio/fs/WindowsException'{0x00000000e0bda4f0}> (0x00000000e0bda4f0) 
thrown [s\open\src\hotspot\share\prims\jni.cpp, line 516]
Event: 6.684 Thread 0x0000027fa3a61d80 Exception <a 'sun/nio/fs/WindowsException'{0x00000000e0bda7a8}> (0x00000000e0bda7a8) 
thrown [s\open\src\hotspot\share\prims\jni.cpp, line 516]
Event: 6.684 Thread 0x0000027fa3a61d80 Exception <a 'sun/nio/fs/WindowsException'{0x00000000e0be3820}> (0x00000000e0be3820) 
thrown [s\open\src\hotspot\share\prims\jni.cpp, line 516]
Event: 6.684 Thread 0x0000027fa3a61d80 Exception <a 'sun/nio/fs/WindowsException'{0x00000000e0be3a88}> (0x00000000e0be3a88) 
thrown [s\open\src\hotspot\share\prims\jni.cpp, line 516]
Event: 6.684 Thread 0x0000027fa3a61d80 Exception <a 'sun/nio/fs/WindowsException'{0x00000000e0c015d8}> (0x00000000e0c015d8) 
thrown [s\open\src\hotspot\share\prims\jni.cpp, line 516]
Event: 6.684 Thread 0x0000027fa3a61d80 Exception <a 'sun/nio/fs/WindowsException'{0x00000000e0c01888}> (0x00000000e0c01888) 
thrown [s\open\src\hotspot\share\prims\jni.cpp, line 516]
Event: 6.685 Thread 0x0000027fa3a61d80 Exception <a 'sun/nio/fs/WindowsException'{0x00000000e0c04cd8}> (0x00000000e0c04cd8) 
thrown [s\open\src\hotspot\share\prims\jni.cpp, line 516]
Event: 6.685 Thread 0x0000027fa3a61d80 Exception <a 'sun/nio/fs/WindowsException'{0x00000000e0c04fc8}> (0x00000000e0c04fc8) 
thrown [s\open\src\hotspot\share\prims\jni.cpp, line 516]
Event: 6.685 Thread 0x0000027fa3a61d80 Exception <a 'sun/nio/fs/WindowsException'{0x00000000e0c063c0}> (0x00000000e0c063c0) 
thrown [s\open\src\hotspot\share\prims\jni.cpp, line 516]
Event: 6.685 Thread 0x0000027fa3a61d80 Exception <a 'sun/nio/fs/WindowsException'{0x00000000e0c06690}> (0x00000000e0c06690) 
thrown [s\open\src\hotspot\share\prims\jni.cpp, line 516]
Event: 6.685 Thread 0x0000027fa3a61d80 Exception <a 'sun/nio/fs/WindowsException'{0x00000000e0c12f48}> (0x00000000e0c12f48) 
thrown [s\open\src\hotspot\share\prims\jni.cpp, line 516]
Event: 6.685 Thread 0x0000027fa3a61d80 Exception <a 'sun/nio/fs/WindowsException'{0x00000000e0c131c8}> (0x00000000e0c131c8) 
thrown [s\open\src\hotspot\share\prims\jni.cpp, line 516]
Event: 6.685 Thread 0x0000027fa3a61d80 Exception <a 'sun/nio/fs/WindowsException'{0x00000000e0c3e1f8}> (0x00000000e0c3e1f8) 
thrown [s\open\src\hotspot\share\prims\jni.cpp, line 516]
Event: 6.685 Thread 0x0000027fa3a61d80 Exception <a 'sun/nio/fs/WindowsException'{0x00000000e0c3e4c0}> (0x00000000e0c3e4c0) 
thrown [s\open\src\hotspot\share\prims\jni.cpp, line 516]

VM Operations (20 events):
Event: 5.820 Executing VM operation: ICBufferFull done
Event: 5.876 Executing VM operation: ICBufferFull
Event: 5.876 Executing VM operation: ICBufferFull done
Event: 5.929 Executing VM operation: ICBufferFull
Event: 5.929 Executing VM operation: ICBufferFull done
Event: 5.931 Executing VM operation: HandshakeAllThreads
Event: 5.931 Executing VM operation: HandshakeAllThreads done
Event: 5.939 Executing VM operation: ICBufferFull
Event: 5.939 Executing VM operation: ICBufferFull done
Event: 5.964 Executing VM operation: HandshakeAllThreads
Event: 5.964 Executing VM operation: HandshakeAllThreads done
Event: 5.997 Executing VM operation: ICBufferFull
Event: 5.997 Executing VM operation: ICBufferFull done
Event: 6.149 Executing VM operation: ICBufferFull
Event: 6.149 Executing VM operation: ICBufferFull done
Event: 6.202 Executing VM operation: GenCollectForAllocation
Event: 6.214 Executing VM operation: GenCollectForAllocation done
Event: 6.532 Executing VM operation: GenCollectForAllocation
Event: 6.559 Executing VM operation: GenCollectForAllocation done
Event: 7.569 Executing VM operation: Cleanup

Events (20 events):
Event: 5.872 loading class java/io/DataOutputStream done
Event: 5.886 loading class java/util/stream/ReduceOps$2
Event: 5.886 loading class java/util/stream/ReduceOps$2 done
Event: 5.886 loading class java/util/stream/ReduceOps$2ReducingSink
Event: 5.886 loading class java/util/stream/ReduceOps$2ReducingSink done
Event: 5.935 Thread 0x0000027fa368c320 flushing nmethod 0x0000027fab90f390
Event: 5.938 Thread 0x0000027fa368c320 flushing nmethod 0x0000027fabe20e90
Event: 5.938 Thread 0x0000027fa368c320 flushing nmethod 0x0000027fabe21490
Event: 5.938 Thread 0x0000027fa368c320 flushing nmethod 0x0000027fabe22390
Event: 5.938 Thread 0x0000027fa368c320 flushing nmethod 0x0000027fabe2b010
Event: 6.072 loading class java/util/EnumMap$Values
Event: 6.072 loading class java/util/EnumMap$Values done
Event: 6.072 loading class java/util/EnumMap$ValueIterator
Event: 6.072 loading class java/util/EnumMap$ValueIterator done
Event: 6.072 loading class java/util/WeakHashMap$KeyIterator
Event: 6.072 loading class java/util/WeakHashMap$KeyIterator done
Event: 6.075 loading class java/text/MessageFormat$Field
Event: 6.075 loading class java/text/MessageFormat$Field done
Event: 6.709 loading class jdk/internal/module/IllegalAccessLogger
Event: 6.709 loading class jdk/internal/module/IllegalAccessLogger done


Dynamic libraries:
0x00007ff7e84a0000 - 0x00007ff7e84b0000 	C:\Program Files\Java\jdk-17\bin\java.exe
0x00007fff6c4c0000 - 0x00007fff6c726000 	C:\WINDOWS\SYSTEM32\ntdll.dll
0x00007fff6a310000 - 0x00007fff6a3d9000 	C:\WINDOWS\System32\KERNEL32.DLL
0x00007fff69a40000 - 0x00007fff69e3a000 	C:\WINDOWS\System32\KERNELBASE.dll
0x00007fff69f20000 - 0x00007fff6a06c000 	C:\WINDOWS\System32\ucrtbase.dll
0x00007fff5fa40000 - 0x00007fff5fa5b000 	C:\Program Files\Java\jdk-17\bin\VCRUNTIME140.dll
0x00007fff61b70000 - 0x00007fff61b89000 	C:\Program Files\Java\jdk-17\bin\jli.dll
0x00007fff6af10000 - 0x00007fff6afc6000 	C:\WINDOWS\System32\ADVAPI32.dll
0x00007fff6a4b0000 - 0x00007fff6a559000 	C:\WINDOWS\System32\msvcrt.dll
0x00007fff6a400000 - 0x00007fff6a4aa000 	C:\WINDOWS\System32\sechost.dll
0x00007fff6a5d0000 - 0x00007fff6a6e8000 	C:\WINDOWS\System32\RPCRT4.dll
0x00007fff6b730000 - 0x00007fff6b8f7000 	C:\WINDOWS\System32\USER32.dll
0x00007fff69ef0000 - 0x00007fff69f17000 	C:\WINDOWS\System32\win32u.dll
0x00007fff467f0000 - 0x00007fff46a82000 	C:\WINDOWS\WinSxS\amd64_microsoft.windows.common-controls_6595b64144ccf1df_6.0.26100.8521_none_3e08b75ce33403b3\COMCTL32.dll
0x00007fff6a2b0000 - 0x00007fff6a2db000 	C:\WINDOWS\System32\GDI32.dll
0x00007fff6a100000 - 0x00007fff6a22b000 	C:\WINDOWS\System32\gdi32full.dll
0x00007fff698d0000 - 0x00007fff69973000 	C:\WINDOWS\System32\msvcp_win.dll
0x00007fff5e730000 - 0x00007fff5e73b000 	C:\WINDOWS\SYSTEM32\VERSION.dll
0x00007fff6b5a0000 - 0x00007fff6b5d2000 	C:\WINDOWS\System32\IMM32.DLL
0x00007fff47280000 - 0x00007fff4728c000 	C:\Program Files\Java\jdk-17\bin\vcruntime140_1.dll
0x00007fff2f350000 - 0x00007fff2f3de000 	C:\Program Files\Java\jdk-17\bin\msvcp140.dll
0x00007ffec0c40000 - 0x00007ffec1820000 	C:\Program Files\Java\jdk-17\bin\server\jvm.dll
0x00007fff6b530000 - 0x00007fff6b538000 	C:\WINDOWS\System32\PSAPI.DLL
0x00007fff09940000 - 0x00007fff0994a000 	C:\WINDOWS\SYSTEM32\WSOCK32.dll
0x00007fff5a3b0000 - 0x00007fff5a3e6000 	C:\WINDOWS\SYSTEM32\WINMM.dll
0x00007fff6ae80000 - 0x00007fff6af00000 	C:\WINDOWS\System32\WS2_32.dll
0x00007fff684d0000 - 0x00007fff684eb000 	C:\WINDOWS\SYSTEM32\kernel.appcore.dll
0x00007fff47270000 - 0x00007fff4727a000 	C:\Program Files\Java\jdk-17\bin\jimage.dll
0x00007fff66e20000 - 0x00007fff67062000 	C:\WINDOWS\SYSTEM32\DBGHELP.DLL
0x00007fff6b980000 - 0x00007fff6bd03000 	C:\WINDOWS\System32\combase.dll
0x00007fff6afd0000 - 0x00007fff6b0a9000 	C:\WINDOWS\System32\OLEAUT32.dll
0x00007fff411d0000 - 0x00007fff4120b000 	C:\WINDOWS\SYSTEM32\dbgcore.DLL
0x00007fff69e40000 - 0x00007fff69ee8000 	C:\WINDOWS\System32\bcryptPrimitives.dll
0x00007fff2f320000 - 0x00007fff2f345000 	C:\Program Files\Java\jdk-17\bin\java.dll
0x00007ffee39b0000 - 0x00007ffee3a87000 	C:\Program Files\Java\jdk-17\bin\jsvml.dll
0x00007fff6a6f0000 - 0x00007fff6ae74000 	C:\WINDOWS\System32\SHELL32.dll
0x00007fff672e0000 - 0x00007fff67b60000 	C:\WINDOWS\SYSTEM32\windows.storage.dll
0x00007fff6bef0000 - 0x00007fff6bfe6000 	C:\WINDOWS\System32\SHCORE.dll
0x00007fff6a560000 - 0x00007fff6a5c7000 	C:\WINDOWS\System32\shlwapi.dll
0x00007fff69670000 - 0x00007fff69699000 	C:\WINDOWS\SYSTEM32\profapi.dll
0x00007fff422b0000 - 0x00007fff422c9000 	C:\Program Files\Java\jdk-17\bin\net.dll
0x00007fff60d90000 - 0x00007fff60eb9000 	C:\WINDOWS\SYSTEM32\WINHTTP.dll
0x00007fff68ae0000 - 0x00007fff68b4c000 	C:\WINDOWS\system32\mswsock.dll
0x00007fff3be40000 - 0x00007fff3be56000 	C:\Program Files\Java\jdk-17\bin\nio.dll
0x00007fff2f3f0000 - 0x00007fff2f408000 	C:\Program Files\Java\jdk-17\bin\zip.dll
0x00007fff0cb30000 - 0x00007fff0cb54000 	D:\Spring\apache-maven-3.9.16\lib\jansi-native\Windows\x86_64\jansi.dll
0x00007fff2f2e0000 - 0x00007fff2f2f0000 	C:\Program Files\Java\jdk-17\bin\verify.dll

dbghelp: loaded successfully - version: 4.0.5 - missing functions: none
symbol engine: initialized successfully - sym options: 0x614 - pdb path: .;C:\Program Files\Java\jdk-17\bin;C:\WINDOWS\SYSTEM32;C:\WINDOWS\WinSxS\amd64_microsoft.windows.common-controls_6595b64144ccf1df_6.0.26100.8521_none_3e08b75ce33403b3;C:\Program Files\Java\jdk-17\bin\server;D:\Spring\apache-maven-3.9.16\lib\jansi-native\Windows\x86_64

VM Arguments:
jvm_args: -Xms128m -Xmx512m -XX:MaxMetaspaceSize=256m -XX:+UseSerialGC --enable-native-access=ALL-UNNAMED -Dclassworlds.conf=D:\Spring\apache-maven-3.9.16\bin\m2.conf -Dmaven.home=D:\Spring\apache-maven-3.9.16 -Dlibrary.jansi.path=D:\Spring\apache-maven-3.9.16\lib\jansi-native -Dmaven.multiModuleProjectDirectory=D:\Hirespere\demo 
java_command: org.codehaus.plexus.classworlds.launcher.Launcher clean install
java_class_path (initial): D:\Spring\apache-maven-3.9.16\boot\plexus-classworlds-2.11.0.jar
Launcher Type: SUN_STANDARD

[Global flags]
     intx CICompilerCount                          = 4                                         {product} {ergonomic}
   size_t CompressedClassSpaceSize                 = 218103808                                 {product} {ergonomic}
   size_t InitialHeapSize                          = 134217728                                 {product} {command line}
   size_t MaxHeapSize                              = 536870912                                 {product} {command line}
   size_t MaxMetaspaceSize                         = 268435456                                 {product} {command line}
   size_t MaxNewSize                               = 178913280                                 {product} {ergonomic}
   size_t MinHeapDeltaBytes                        = 196608                                    {product} {ergonomic}
   size_t MinHeapSize                              = 134217728                                 {product} {command line}
   size_t NewSize                                  = 44695552                                  {product} {ergonomic}
    uintx NonNMethodCodeHeapSize                   = 5839372                                {pd product} {ergonomic}
    uintx NonProfiledCodeHeapSize                  = 122909434                              {pd product} {ergonomic}
   size_t OldSize                                  = 89522176                                  {product} {ergonomic}
    uintx ProfiledCodeHeapSize                     = 122909434                              {pd product} {ergonomic}
    uintx ReservedCodeCacheSize                    = 251658240                              {pd product} {ergonomic}
     bool SegmentedCodeCache                       = true                                      {product} {ergonomic}
   size_t SoftMaxHeapSize                          = 536870912                              {manageable} {ergonomic}
     bool UseCompressedClassPointers               = true                           {product lp64_product} {ergonomic}
     bool UseCompressedOops                        = true                           {product lp64_product} {ergonomic}
     bool UseLargePagesIndividualAllocation        = false                                  {pd product} {ergonomic}
     bool UseSerialGC                              = true                                      {product} {command line}

Logging:
Log output configuration:
 #0: stdout all=warning uptime,level,tags
 #1: stderr all=off uptime,level,tags

Environment Variables:
JAVA_HOME=C:\Program Files\Java\jdk-17
PATH=C:\Program Files\Common Files\Oracle\Java\javapath;C:\windows\system32;C:\windows;C:\windows\System32\Wbem;C:\windows\System32\WindowsPowerShell\v1.0\;C:\windows\System32\OpenSSH\;C:\Program Files (x86)\NVIDIA Corporation\PhysX\Common;C:\Program Files\NVIDIA Corporation\NVIDIA NvDLISR;C:\Users\Administrator\AppData\Local\Microsoft\WindowsApps;C:\Program Files\HP\OMEN-Broadcast\Common;C:\Program Files\cursor\resources\app\bin;C:\Program Files\nodejs\;C:\WINDOWS\system32;C:\WINDOWS;C:\WINDOWS\System32\Wbem;C:\WINDOWS\System32\WindowsPowerShell\v1.0\;C:\WINDOWS\System32\OpenSSH\;C:\Program Files\Java\jdk-17\bin;D:\Spring\apache-maven-3.9.16\bin;C:\Program Files\MySQL\MySQL Server 8.0\bin;C:\Program Files\Git\cmd;C:\Program Files\MySQL\MySQL Shell 8.0\bin\;c:\Users\K.Dharunika\AppData\Local\Programs\cursor\resources\app\codeBin;C:\Users\K.Dharunika\AppData\Local\Programs\Python\Python314\Scripts\;C:\Users\K.Dharunika\AppData\Local\Programs\Python\Python314\;C:\Users\K.Dharunika\AppData\Local\Programs\Python\Launcher\;C:\Users\K.Dharunika\AppData\Local\Microsoft\WindowsApps;C:\Users\K.Dharunika\AppData\Roaming\npm;C:\Users\K.Dharunika\AppData\Local\Programs\Microsoft VS Code\bin;C:\Users\K.Dharunika\AppData\Local\Programs\cursor\resources\app\bin;C:\Program Files\Java\jdk-17\bin;D:\Spring\apache-maven-3.9.16\bin;C:\Program Files\nodejs;C:\Program Files\MySQL\MySQL Server 8.0\bin;C:\Users\K.Dharunika\AppData\Local\Programs\Antigravity IDE\bin;C:\Program Files\Git\cmd;
USERNAME=K.Dharunika
LANG=en_US.UTF-8
OS=Windows_NT
PROCESSOR_IDENTIFIER=Intel64 Family 6 Model 154 Stepping 3, GenuineIntel



---------------  S Y S T E M  ---------------

OS:
 Windows 11 , 64 bit Build 26100 (10.0.26100.8521)
OS uptime: 0 days 8:51 hours
Hyper-V role detected

CPU: total 12 (initial active 12) (6 cores per cpu, 2 threads per core) family 6 model 154 stepping 3 microcode 0x434, cx8, cmov, fxsr, ht, mmx, 3dnowpref, sse, sse2, sse3, ssse3, sse4.1, sse4.2, popcnt, lzcnt, tsc, tscinvbit, avx, avx2, aes, erms, clmul, bmi1, bmi2, adx, sha, fma, vzeroupper, clflush, clflushopt, clwb, hv

Memory: 4k page, system-wide physical 16024M (2388M free)
TotalPageFile size 18072M (AvailPageFile size 92M)
current process WorkingSet (physical memory assigned to process): 282M, peak: 285M
current process commit charge ("private bytes"): 293M, peak: 298M

vm_info: Java HotSpot(TM) 64-Bit Server VM (17.0.12+8-LTS-286) for windows-amd64 JRE (17.0.12+8-LTS-286), built on Jun  5 2024 06:46:59 by "mach5one" with MS VC++ 17.6 (VS2022)

END.
