#
# There is insufficient memory for the Java Runtime Environment to continue.
# Native memory allocation (malloc) failed to allocate 1525056 bytes for Chunk::new
# Possible reasons:
#   The system is out of physical RAM or swap space
#   The process is running with CompressedOops enabled, and the Java Heap may be blocking the growth of the native heap
# Possible solutions:
#   Reduce memory load on the system
#   Increase physical memory or swap space
#   Check if swap backing store is full
#   Decrease Java heap size (-Xmx/-Xms)
#   Decrease number of Java threads
#   Decrease Java thread stack sizes (-Xss)
#   Set larger code cache with -XX:ReservedCodeCacheSize=
#   JVM is running with Unscaled Compressed Oops mode in which the Java heap is
#     placed in the first 4GB address space. The Java Heap base address is the
#     maximum limit for the native heap growth. Please use -XX:HeapBaseMinAddress
#     to set the Java Heap base and to place the Java Heap above 4GB virtual address.
# This output file may be truncated or incomplete.
#
#  Out of Memory Error (arena.cpp:189), pid=1852, tid=21096
#
# JRE version: Java(TM) SE Runtime Environment (17.0.12+8) (build 17.0.12+8-LTS-286)
# Java VM: Java HotSpot(TM) 64-Bit Server VM (17.0.12+8-LTS-286, mixed mode, sharing, tiered, compressed oops, compressed class ptrs, serial gc, windows-amd64)
# No core dump will be written. Minidumps are not enabled by default on client versions of Windows
#

---------------  S U M M A R Y ------------

Command Line: -Xms128m -Xmx512m -XX:MaxMetaspaceSize=256m -XX:+UseSerialGC -Dclassworlds.conf=D:\Spring\apache-maven-3.9.16\bin\m2.conf -Dmaven.home=D:\Spring\apache-maven-3.9.16 -Dlibrary.jansi.path=D:\Spring\apache-maven-3.9.16\lib\jansi-native -Dmaven.multiModuleProjectDirectory=D:\Hirespere\demo org.codehaus.plexus.classworlds.launcher.Launcher clean install

Host: 12th Gen Intel(R) Core(TM) i5-12450H, 12 cores, 15G,  Windows 11 , 64 bit Build 26100 (10.0.26100.8521)
Time: Wed Jul  8 10:34:47 2026 India Standard Time elapsed time: 5.715106 seconds (0d 0h 0m 5s)

---------------  T H R E A D  ---------------

Current thread (0x0000026782631fd0):  JavaThread "C2 CompilerThread0" daemon [_thread_in_native, id=21096, stack(0x0000009fbe400000,0x0000009fbe500000)]


Current CompileTask:
C2:   5715 7542       4       com.sun.tools.javac.jvm.PoolReader::resolve (344 bytes)

Stack: [0x0000009fbe400000,0x0000009fbe500000]
Native frames: (J=compiled Java code, j=interpreted, Vv=VM code, C=native code)
V  [jvm.dll+0x67a04a]
V  [jvm.dll+0x7da4ed]
V  [jvm.dll+0x7dbe33]
V  [jvm.dll+0x7dc4a3]
V  [jvm.dll+0x24508f]
V  [jvm.dll+0xab773]
V  [jvm.dll+0xabd3c]
V  [jvm.dll+0x361bee]
V  [jvm.dll+0x32c431]
V  [jvm.dll+0x32b8ca]
V  [jvm.dll+0x21683f]
V  [jvm.dll+0x215c6f]
V  [jvm.dll+0x1a2960]
V  [jvm.dll+0x22610b]
V  [jvm.dll+0x2242ab]
V  [jvm.dll+0x79075c]
V  [jvm.dll+0x78abea]
V  [jvm.dll+0x678f35]
C  [ucrtbase.dll+0x2cd30]
C  [KERNEL32.DLL+0x2e957]
C  [ntdll.dll+0x87c1c]


---------------  P R O C E S S  ---------------

Threads class SMR info:
_java_thread_list=0x00000267ac618f70, length=15, elements={
0x0000026782a11df0, 0x000002678260b420, 0x000002678260d1c0, 0x0000026782624d10,
0x00000267826257e0, 0x00000267826261b0, 0x0000026782629650, 0x0000026782631fd0,
0x0000026782637010, 0x0000026782639ce0, 0x0000026782767750, 0x0000026782771d30,
0x00000267ac426620, 0x00000267ad0b3a00, 0x00000267ac6d0770
}

Java Threads: ( => current thread )
  0x0000026782a11df0 JavaThread "main" [_thread_in_native, id=13040, stack(0x0000009fbdc00000,0x0000009fbdd00000)]
  0x000002678260b420 JavaThread "Reference Handler" daemon [_thread_blocked, id=23928, stack(0x0000009fbde00000,0x0000009fbdf00000)]
  0x000002678260d1c0 JavaThread "Finalizer" daemon [_thread_blocked, id=2716, stack(0x0000009fbdf00000,0x0000009fbe000000)]
  0x0000026782624d10 JavaThread "Signal Dispatcher" daemon [_thread_blocked, id=11908, stack(0x0000009fbe000000,0x0000009fbe100000)]
  0x00000267826257e0 JavaThread "Attach Listener" daemon [_thread_blocked, id=12000, stack(0x0000009fbe100000,0x0000009fbe200000)]
  0x00000267826261b0 JavaThread "Service Thread" daemon [_thread_blocked, id=20984, stack(0x0000009fbe200000,0x0000009fbe300000)]
  0x0000026782629650 JavaThread "Monitor Deflation Thread" daemon [_thread_blocked, id=26628, stack(0x0000009fbe300000,0x0000009fbe400000)]
=>0x0000026782631fd0 JavaThread "C2 CompilerThread0" daemon [_thread_in_native, id=21096, stack(0x0000009fbe400000,0x0000009fbe500000)]
  0x0000026782637010 JavaThread "C1 CompilerThread0" daemon [_thread_blocked, id=1992, stack(0x0000009fbe500000,0x0000009fbe600000)]
  0x0000026782639ce0 JavaThread "Sweeper thread" daemon [_thread_blocked, id=20204, stack(0x0000009fbe600000,0x0000009fbe700000)]
  0x0000026782767750 JavaThread "Notification Thread" daemon [_thread_blocked, id=13248, stack(0x0000009fbe700000,0x0000009fbe800000)]
  0x0000026782771d30 JavaThread "Common-Cleaner" daemon [_thread_blocked, id=19096, stack(0x0000009fbe900000,0x0000009fbea00000)]
  0x00000267ac426620 JavaThread "Thread-1" daemon [_thread_blocked, id=1684, stack(0x0000009fbec00000,0x0000009fbed00000)]
  0x00000267ad0b3a00 JavaThread "C2 CompilerThread1" daemon [_thread_in_native, id=11936, stack(0x0000009fbea00000,0x0000009fbeb00000)]
  0x00000267ac6d0770 JavaThread "C2 CompilerThread2" daemon [_thread_in_native, id=17656, stack(0x0000009fbeb00000,0x0000009fbec00000)]

Other Threads:
  0x0000026782604490 VMThread "VM Thread" [stack: 0x0000009fbdd00000,0x0000009fbde00000] [id=27628]
  0x000002678276d370 WatcherThread [stack: 0x0000009fbe800000,0x0000009fbe900000] [id=27616]

Threads with active compile tasks:
C2 CompilerThread0     5735 7542       4       com.sun.tools.javac.jvm.PoolReader::resolve (344 bytes)
C2 CompilerThread1     5735 7600       4       com.sun.tools.javac.comp.Attr::selectSym (457 bytes)
C2 CompilerThread2     5735 7620       4       com.sun.tools.javac.code.ClassFinder$$Lambda$286/0x000002679b2a1050::complete (9 bytes)

VM state: not at safepoint (normal execution)

VM Mutex/Monitor currently owned by a thread: None

Heap address: 0x00000000e0000000, size: 512 MB, Compressed Oops mode: 32-bit

CDS archive(s) mapped at: [0x000002679a000000-0x000002679abd0000-0x000002679abd0000), size 12386304, SharedBaseAddress: 0x000002679a000000, ArchiveRelocationMode: 1.
Compressed class space mapped at: 0x000002679b000000-0x00000267a8000000, reserved size: 218103808
Narrow klass base: 0x000002679a000000, Narrow klass shift: 0, Narrow klass range: 0x100000000

GC Precious Log:
 CPUs: 12 total, 12 available
 Memory: 16024M
 Large Page Support: Disabled
 NUMA Support: Disabled
 Compressed Oops: Enabled (32-bit)
 Heap Min Capacity: 128M
 Heap Initial Capacity: 128M
 Heap Max Capacity: 512M
 Pre-touch: Disabled

Heap:
 def new generation   total 39424K, used 13412K [0x00000000e0000000, 0x00000000e2ac0000, 0x00000000eaaa0000)
  eden space 35072K,  32% used [0x00000000e0000000, 0x00000000e0b35c00, 0x00000000e2240000)
  from space 4352K,  44% used [0x00000000e2240000, 0x00000000e2423538, 0x00000000e2680000)
  to   space 4352K,   0% used [0x00000000e2680000, 0x00000000e2680000, 0x00000000e2ac0000)
 tenured generation   total 87424K, used 39946K [0x00000000eaaa0000, 0x00000000f0000000, 0x0000000100000000)
   the space 87424K,  45% used [0x00000000eaaa0000, 0x00000000ed1a2a98, 0x00000000ed1a2c00, 0x00000000f0000000)
 Metaspace       used 30646K, committed 31040K, reserved 278528K
  class space    used 3502K, committed 3648K, reserved 212992K

Card table byte_map: [0x00000267823c0000,0x00000267824d0000] _byte_map_base: 0x0000026781cc0000

Polling page: 0x0000026780710000

Metaspace:

Usage:
  Non-class:     26.51 MB used.
      Class:      3.42 MB used.
       Both:     29.93 MB used.

Virtual space:
  Non-class space:       64.00 MB reserved,      26.75 MB ( 42%) committed,  1 nodes.
      Class space:      208.00 MB reserved,       3.56 MB (  2%) committed,  1 nodes.
             Both:      272.00 MB reserved,      30.31 MB ( 11%) committed. 

Chunk freelists:
   Non-Class:  4.67 MB
       Class:  12.41 MB
        Both:  17.08 MB

MaxMetaspaceSize: 256.00 MB
CompressedClassSpaceSize: 208.00 MB
Initial GC threshold: 21.00 MB
Current GC threshold: 35.00 MB
CDS: on
MetaspaceReclaimPolicy: balanced
 - commit_granule_bytes: 65536.
 - commit_granule_words: 8192.
 - virtual_space_node_default_size: 8388608.
 - enlarge_chunks_in_place: 1.
 - new_chunks_are_fully_committed: 0.
 - uncommit_free_chunks: 1.
 - use_allocation_guard: 0.
 - handle_deallocations: 1.


Internal statistics:

num_allocs_failed_limit: 3.
num_arena_births: 226.
num_arena_deaths: 0.
num_vsnodes_births: 2.
num_vsnodes_deaths: 0.
num_space_committed: 485.
num_space_uncommitted: 0.
num_chunks_returned_to_freelist: 3.
num_chunks_taken_from_freelist: 1388.
num_chunk_merges: 3.
num_chunk_splits: 957.
num_chunks_enlarged: 728.
num_inconsistent_stats: 0.

CodeHeap 'non-profiled nmethods': size=120000Kb used=3769Kb max_used=3769Kb free=116230Kb
 bounds [0x0000026791da0000, 0x0000026792150000, 0x00000267992d0000]
CodeHeap 'profiled nmethods': size=120000Kb used=14983Kb max_used=14983Kb free=105016Kb
 bounds [0x000002678a2d0000, 0x000002678b180000, 0x0000026791800000]
CodeHeap 'non-nmethods': size=5760Kb used=1240Kb max_used=1336Kb free=4519Kb
 bounds [0x0000026791800000, 0x0000026791a70000, 0x0000026791da0000]
 total_blobs=7396 nmethods=6874 adapters=433
 compilation: enabled
              stopped_count=0, restarted_count=0
 full_count=0

Compilation events (20 events):
Event: 4.693 Thread 0x0000026782637010 7729       2       com.sun.tools.javac.comp.Lower::boxArgs (297 bytes)
Event: 4.694 Thread 0x0000026782637010 nmethod 7729 0x000002678b16cf90 code [0x000002678b16d240, 0x000002678b16ddf8]
Event: 4.694 Thread 0x0000026782637010 7716       2       com.sun.tools.javac.code.Types$4::visitType (269 bytes)
Event: 4.695 Thread 0x0000026782637010 nmethod 7716 0x000002678b16e510 code [0x000002678b16e860, 0x000002678b16f338]
Event: 4.695 Thread 0x0000026782637010 7723       2       com.sun.tools.javac.tree.TreeScanner::visitBinary (17 bytes)
Event: 4.695 Thread 0x0000026782637010 nmethod 7723 0x000002678b16f990 code [0x000002678b16fb40, 0x000002678b16fcb8]
Event: 4.695 Thread 0x0000026782637010 7730       2       com.sun.tools.javac.tree.TreeScanner::visitNewClass (41 bytes)
Event: 4.696 Thread 0x0000026782637010 nmethod 7730 0x000002678b16fd90 code [0x000002678b16ff80, 0x000002678b170348]
Event: 4.696 Thread 0x0000026782637010 7725       2       com.sun.tools.javac.resources.CompilerProperties$Errors::VarMightNotHaveBeenInitialized (21 bytes)
Event: 4.696 Thread 0x0000026782637010 nmethod 7725 0x000002678b170590 code [0x000002678b170740, 0x000002678b170a08]
Event: 4.696 Thread 0x0000026782637010 7726       2       com.sun.tools.javac.comp.Flow$AssignAnalyzer::checkInit (83 bytes)
Event: 4.697 Thread 0x0000026782637010 nmethod 7726 0x000002678b170b10 code [0x000002678b170ce0, 0x000002678b170f38]
Event: 4.697 Thread 0x0000026782637010 7733       2       com.sun.tools.javac.jvm.Items::makeMemberItem (11 bytes)
Event: 4.697 Thread 0x0000026782637010 nmethod 7733 0x000002678b171110 code [0x000002678b1712c0, 0x000002678b171518]
Event: 4.697 Thread 0x0000026782637010 7734       2       com.sun.tools.javac.jvm.Items$MemberItem::<init> (32 bytes)
Event: 4.697 Thread 0x0000026782637010 nmethod 7734 0x000002678b171610 code [0x000002678b1717c0, 0x000002678b171998]
Event: 4.697 Thread 0x0000026782637010 7724       2       com.sun.tools.javac.comp.Flow$AliveAnalyzer::visitApply (17 bytes)
Event: 4.698 Thread 0x0000026782637010 nmethod 7724 0x000002678b171a90 code [0x000002678b171c60, 0x000002678b171f38]
Event: 4.698 Thread 0x0000026782637010 7743       1       com.sun.tools.javac.code.Symbol$VarSymbol::poolTag (3 bytes)
Event: 4.698 Thread 0x0000026782637010 nmethod 7743 0x0000026792148390 code [0x0000026792148520, 0x00000267921485f8]

GC Heap History (20 events):
Event: 0.968 GC heap before
{Heap before GC invocations=1 (full 0):
 def new generation   total 39296K, used 38670K [0x00000000e0000000, 0x00000000e2aa0000, 0x00000000eaaa0000)
  eden space 34944K, 100% used [0x00000000e0000000, 0x00000000e2220000, 0x00000000e2220000)
  from space 4352K,  85% used [0x00000000e2660000, 0x00000000e2a03928, 0x00000000e2aa0000)
  to   space 4352K,   0% used [0x00000000e2220000, 0x00000000e2220000, 0x00000000e2660000)
 tenured generation   total 87424K, used 0K [0x00000000eaaa0000, 0x00000000f0000000, 0x0000000100000000)
   the space 87424K,   0% used [0x00000000eaaa0000, 0x00000000eaaa0000, 0x00000000eaaa0200, 0x00000000f0000000)
 Metaspace       used 10509K, committed 10624K, reserved 278528K
  class space    used 1292K, committed 1344K, reserved 212992K
}
Event: 0.974 GC heap after
{Heap after GC invocations=2 (full 0):
 def new generation   total 39296K, used 1819K [0x00000000e0000000, 0x00000000e2aa0000, 0x00000000eaaa0000)
  eden space 34944K,   0% used [0x00000000e0000000, 0x00000000e0000000, 0x00000000e2220000)
  from space 4352K,  41% used [0x00000000e2220000, 0x00000000e23e6ed0, 0x00000000e2660000)
  to   space 4352K,   0% used [0x00000000e2660000, 0x00000000e2660000, 0x00000000e2aa0000)
 tenured generation   total 87424K, used 3618K [0x00000000eaaa0000, 0x00000000f0000000, 0x0000000100000000)
   the space 87424K,   4% used [0x00000000eaaa0000, 0x00000000eae28890, 0x00000000eae28a00, 0x00000000f0000000)
 Metaspace       used 10509K, committed 10624K, reserved 278528K
  class space    used 1292K, committed 1344K, reserved 212992K
}
Event: 1.466 GC heap before
{Heap before GC invocations=2 (full 0):
 def new generation   total 39296K, used 36763K [0x00000000e0000000, 0x00000000e2aa0000, 0x00000000eaaa0000)
  eden space 34944K, 100% used [0x00000000e0000000, 0x00000000e2220000, 0x00000000e2220000)
  from space 4352K,  41% used [0x00000000e2220000, 0x00000000e23e6ed0, 0x00000000e2660000)
  to   space 4352K,   0% used [0x00000000e2660000, 0x00000000e2660000, 0x00000000e2aa0000)
 tenured generation   total 87424K, used 3618K [0x00000000eaaa0000, 0x00000000f0000000, 0x0000000100000000)
   the space 87424K,   4% used [0x00000000eaaa0000, 0x00000000eae28890, 0x00000000eae28a00, 0x00000000f0000000)
 Metaspace       used 14595K, committed 14784K, reserved 278528K
  class space    used 1781K, committed 1856K, reserved 212992K
}
Event: 1.474 GC heap after
{Heap after GC invocations=3 (full 0):
 def new generation   total 39296K, used 4352K [0x00000000e0000000, 0x00000000e2aa0000, 0x00000000eaaa0000)
  eden space 34944K,   0% used [0x00000000e0000000, 0x00000000e0000000, 0x00000000e2220000)
  from space 4352K, 100% used [0x00000000e2660000, 0x00000000e2aa0000, 0x00000000e2aa0000)
  to   space 4352K,   0% used [0x00000000e2220000, 0x00000000e2220000, 0x00000000e2660000)
 tenured generation   total 87424K, used 4843K [0x00000000eaaa0000, 0x00000000f0000000, 0x0000000100000000)
   the space 87424K,   5% used [0x00000000eaaa0000, 0x00000000eaf5ac08, 0x00000000eaf5ae00, 0x00000000f0000000)
 Metaspace       used 14595K, committed 14784K, reserved 278528K
  class space    used 1781K, committed 1856K, reserved 212992K
}
Event: 1.798 GC heap before
{Heap before GC invocations=3 (full 0):
 def new generation   total 39296K, used 39296K [0x00000000e0000000, 0x00000000e2aa0000, 0x00000000eaaa0000)
  eden space 34944K, 100% used [0x00000000e0000000, 0x00000000e2220000, 0x00000000e2220000)
  from space 4352K, 100% used [0x00000000e2660000, 0x00000000e2aa0000, 0x00000000e2aa0000)
  to   space 4352K,   0% used [0x00000000e2220000, 0x00000000e2220000, 0x00000000e2660000)
 tenured generation   total 87424K, used 4843K [0x00000000eaaa0000, 0x00000000f0000000, 0x0000000100000000)
   the space 87424K,   5% used [0x00000000eaaa0000, 0x00000000eaf5ac08, 0x00000000eaf5ae00, 0x00000000f0000000)
 Metaspace       used 15404K, committed 15616K, reserved 278528K
  class space    used 1855K, committed 1920K, reserved 212992K
}
Event: 1.807 GC heap after
{Heap after GC invocations=4 (full 0):
 def new generation   total 39296K, used 3918K [0x00000000e0000000, 0x00000000e2aa0000, 0x00000000eaaa0000)
  eden space 34944K,   0% used [0x00000000e0000000, 0x00000000e0000000, 0x00000000e2220000)
  from space 4352K,  90% used [0x00000000e2220000, 0x00000000e25f3a38, 0x00000000e2660000)
  to   space 4352K,   0% used [0x00000000e2660000, 0x00000000e2660000, 0x00000000e2aa0000)
 tenured generation   total 87424K, used 9062K [0x00000000eaaa0000, 0x00000000f0000000, 0x0000000100000000)
   the space 87424K,  10% used [0x00000000eaaa0000, 0x00000000eb379be8, 0x00000000eb379c00, 0x00000000f0000000)
 Metaspace       used 15404K, committed 15616K, reserved 278528K
  class space    used 1855K, committed 1920K, reserved 212992K
}
Event: 2.207 GC heap before
{Heap before GC invocations=4 (full 0):
 def new generation   total 39296K, used 38862K [0x00000000e0000000, 0x00000000e2aa0000, 0x00000000eaaa0000)
  eden space 34944K, 100% used [0x00000000e0000000, 0x00000000e2220000, 0x00000000e2220000)
  from space 4352K,  90% used [0x00000000e2220000, 0x00000000e25f3a38, 0x00000000e2660000)
  to   space 4352K,   0% used [0x00000000e2660000, 0x00000000e2660000, 0x00000000e2aa0000)
 tenured generation   total 87424K, used 9062K [0x00000000eaaa0000, 0x00000000f0000000, 0x0000000100000000)
   the space 87424K,  10% used [0x00000000eaaa0000, 0x00000000eb379be8, 0x00000000eb379c00, 0x00000000f0000000)
 Metaspace       used 15894K, committed 16128K, reserved 278528K
  class space    used 1871K, committed 1984K, reserved 212992K
}
Event: 2.213 GC heap after
{Heap after GC invocations=5 (full 0):
 def new generation   total 39296K, used 1325K [0x00000000e0000000, 0x00000000e2aa0000, 0x00000000eaaa0000)
  eden space 34944K,   0% used [0x00000000e0000000, 0x00000000e0000000, 0x00000000e2220000)
  from space 4352K,  30% used [0x00000000e2660000, 0x00000000e27ab6f0, 0x00000000e2aa0000)
  to   space 4352K,   0% used [0x00000000e2220000, 0x00000000e2220000, 0x00000000e2660000)
 tenured generation   total 87424K, used 12598K [0x00000000eaaa0000, 0x00000000f0000000, 0x0000000100000000)
   the space 87424K,  14% used [0x00000000eaaa0000, 0x00000000eb6eda00, 0x00000000eb6eda00, 0x00000000f0000000)
 Metaspace       used 15894K, committed 16128K, reserved 278528K
  class space    used 1871K, committed 1984K, reserved 212992K
}
Event: 2.813 GC heap before
{Heap before GC invocations=5 (full 0):
 def new generation   total 39296K, used 36269K [0x00000000e0000000, 0x00000000e2aa0000, 0x00000000eaaa0000)
  eden space 34944K, 100% used [0x00000000e0000000, 0x00000000e2220000, 0x00000000e2220000)
  from space 4352K,  30% used [0x00000000e2660000, 0x00000000e27ab6f0, 0x00000000e2aa0000)
  to   space 4352K,   0% used [0x00000000e2220000, 0x00000000e2220000, 0x00000000e2660000)
 tenured generation   total 87424K, used 12598K [0x00000000eaaa0000, 0x00000000f0000000, 0x0000000100000000)
   the space 87424K,  14% used [0x00000000eaaa0000, 0x00000000eb6eda00, 0x00000000eb6eda00, 0x00000000f0000000)
 Metaspace       used 19621K, committed 19904K, reserved 278528K
  class space    used 2293K, committed 2432K, reserved 212992K
}
Event: 2.818 GC heap after
{Heap after GC invocations=6 (full 0):
 def new generation   total 39296K, used 3483K [0x00000000e0000000, 0x00000000e2aa0000, 0x00000000eaaa0000)
  eden space 34944K,   0% used [0x00000000e0000000, 0x00000000e0000000, 0x00000000e2220000)
  from space 4352K,  80% used [0x00000000e2220000, 0x00000000e2586ff8, 0x00000000e2660000)
  to   space 4352K,   0% used [0x00000000e2660000, 0x00000000e2660000, 0x00000000e2aa0000)
 tenured generation   total 87424K, used 12598K [0x00000000eaaa0000, 0x00000000f0000000, 0x0000000100000000)
   the space 87424K,  14% used [0x00000000eaaa0000, 0x00000000eb6eda00, 0x00000000eb6eda00, 0x00000000f0000000)
 Metaspace       used 19621K, committed 19904K, reserved 278528K
  class space    used 2293K, committed 2432K, reserved 212992K
}
Event: 2.929 GC heap before
{Heap before GC invocations=6 (full 0):
 def new generation   total 39296K, used 15849K [0x00000000e0000000, 0x00000000e2aa0000, 0x00000000eaaa0000)
  eden space 34944K,  35% used [0x00000000e0000000, 0x00000000e0c13660, 0x00000000e2220000)
  from space 4352K,  80% used [0x00000000e2220000, 0x00000000e2586ff8, 0x00000000e2660000)
  to   space 4352K,   0% used [0x00000000e2660000, 0x00000000e2660000, 0x00000000e2aa0000)
 tenured generation   total 87424K, used 12598K [0x00000000eaaa0000, 0x00000000f0000000, 0x0000000100000000)
   the space 87424K,  14% used [0x00000000eaaa0000, 0x00000000eb6eda00, 0x00000000eb6eda00, 0x00000000f0000000)
 Metaspace       used 21160K, committed 21504K, reserved 278528K
  class space    used 2513K, committed 2688K, reserved 212992K
}
Event: 2.958 GC heap after
{Heap after GC invocations=7 (full 1):
 def new generation   total 39424K, used 0K [0x00000000e0000000, 0x00000000e2ac0000, 0x00000000eaaa0000)
  eden space 35072K,   0% used [0x00000000e0000000, 0x00000000e0000000, 0x00000000e2240000)
  from space 4352K,   0% used [0x00000000e2240000, 0x00000000e2240000, 0x00000000e2680000)
  to   space 4352K,   0% used [0x00000000e2680000, 0x00000000e2680000, 0x00000000e2ac0000)
 tenured generation   total 87424K, used 22573K [0x00000000eaaa0000, 0x00000000f0000000, 0x0000000100000000)
   the space 87424K,  25% used [0x00000000eaaa0000, 0x00000000ec0ab7e8, 0x00000000ec0ab800, 0x00000000f0000000)
 Metaspace       used 21160K, committed 21504K, reserved 278528K
  class space    used 2513K, committed 2688K, reserved 212992K
}
Event: 3.360 GC heap before
{Heap before GC invocations=7 (full 1):
 def new generation   total 39424K, used 35072K [0x00000000e0000000, 0x00000000e2ac0000, 0x00000000eaaa0000)
  eden space 35072K, 100% used [0x00000000e0000000, 0x00000000e2240000, 0x00000000e2240000)
  from space 4352K,   0% used [0x00000000e2240000, 0x00000000e2240000, 0x00000000e2680000)
  to   space 4352K,   0% used [0x00000000e2680000, 0x00000000e2680000, 0x00000000e2ac0000)
 tenured generation   total 87424K, used 22573K [0x00000000eaaa0000, 0x00000000f0000000, 0x0000000100000000)
   the space 87424K,  25% used [0x00000000eaaa0000, 0x00000000ec0ab7e8, 0x00000000ec0ab800, 0x00000000f0000000)
 Metaspace       used 25891K, committed 26240K, reserved 278528K
  class space    used 3033K, committed 3200K, reserved 212992K
}
Event: 3.373 GC heap after
{Heap after GC invocations=8 (full 1):
 def new generation   total 39424K, used 4352K [0x00000000e0000000, 0x00000000e2ac0000, 0x00000000eaaa0000)
  eden space 35072K,   0% used [0x00000000e0000000, 0x00000000e0000000, 0x00000000e2240000)
  from space 4352K, 100% used [0x00000000e2680000, 0x00000000e2ac0000, 0x00000000e2ac0000)
  to   space 4352K,   0% used [0x00000000e2240000, 0x00000000e2240000, 0x00000000e2680000)
 tenured generation   total 87424K, used 29937K [0x00000000eaaa0000, 0x00000000f0000000, 0x0000000100000000)
   the space 87424K,  34% used [0x00000000eaaa0000, 0x00000000ec7dc538, 0x00000000ec7dc600, 0x00000000f0000000)
 Metaspace       used 25891K, committed 26240K, reserved 278528K
  class space    used 3033K, committed 3200K, reserved 212992K
}
Event: 3.733 GC heap before
{Heap before GC invocations=8 (full 1):
 def new generation   total 39424K, used 39424K [0x00000000e0000000, 0x00000000e2ac0000, 0x00000000eaaa0000)
  eden space 35072K, 100% used [0x00000000e0000000, 0x00000000e2240000, 0x00000000e2240000)
  from space 4352K, 100% used [0x00000000e2680000, 0x00000000e2ac0000, 0x00000000e2ac0000)
  to   space 4352K,   0% used [0x00000000e2240000, 0x00000000e2240000, 0x00000000e2680000)
 tenured generation   total 87424K, used 29937K [0x00000000eaaa0000, 0x00000000f0000000, 0x0000000100000000)
   the space 87424K,  34% used [0x00000000eaaa0000, 0x00000000ec7dc538, 0x00000000ec7dc600, 0x00000000f0000000)
 Metaspace       used 27304K, committed 27648K, reserved 278528K
  class space    used 3127K, committed 3264K, reserved 212992K
}
Event: 3.749 GC heap after
{Heap after GC invocations=9 (full 1):
 def new generation   total 39424K, used 4352K [0x00000000e0000000, 0x00000000e2ac0000, 0x00000000eaaa0000)
  eden space 35072K,   0% used [0x00000000e0000000, 0x00000000e0000000, 0x00000000e2240000)
  from space 4352K, 100% used [0x00000000e2240000, 0x00000000e2680000, 0x00000000e2680000)
  to   space 4352K,   0% used [0x00000000e2680000, 0x00000000e2680000, 0x00000000e2ac0000)
 tenured generation   total 87424K, used 35603K [0x00000000eaaa0000, 0x00000000f0000000, 0x0000000100000000)
   the space 87424K,  40% used [0x00000000eaaa0000, 0x00000000ecd64d28, 0x00000000ecd64e00, 0x00000000f0000000)
 Metaspace       used 27304K, committed 27648K, reserved 278528K
  class space    used 3127K, committed 3264K, reserved 212992K
}
Event: 4.113 GC heap before
{Heap before GC invocations=9 (full 1):
 def new generation   total 39424K, used 39424K [0x00000000e0000000, 0x00000000e2ac0000, 0x00000000eaaa0000)
  eden space 35072K, 100% used [0x00000000e0000000, 0x00000000e2240000, 0x00000000e2240000)
  from space 4352K, 100% used [0x00000000e2240000, 0x00000000e2680000, 0x00000000e2680000)
  to   space 4352K,   0% used [0x00000000e2680000, 0x00000000e2680000, 0x00000000e2ac0000)
 tenured generation   total 87424K, used 35603K [0x00000000eaaa0000, 0x00000000f0000000, 0x0000000100000000)
   the space 87424K,  40% used [0x00000000eaaa0000, 0x00000000ecd64d28, 0x00000000ecd64e00, 0x00000000f0000000)
 Metaspace       used 28481K, committed 28800K, reserved 278528K
  class space    used 3272K, committed 3392K, reserved 212992K
}
Event: 4.120 GC heap after
{Heap after GC invocations=10 (full 1):
 def new generation   total 39424K, used 375K [0x00000000e0000000, 0x00000000e2ac0000, 0x00000000eaaa0000)
  eden space 35072K,   0% used [0x00000000e0000000, 0x00000000e0000000, 0x00000000e2240000)
  from space 4352K,   8% used [0x00000000e2680000, 0x00000000e26ddca8, 0x00000000e2ac0000)
  to   space 4352K,   0% used [0x00000000e2240000, 0x00000000e2240000, 0x00000000e2680000)
 tenured generation   total 87424K, used 39946K [0x00000000eaaa0000, 0x00000000f0000000, 0x0000000100000000)
   the space 87424K,  45% used [0x00000000eaaa0000, 0x00000000ed1a2a98, 0x00000000ed1a2c00, 0x00000000f0000000)
 Metaspace       used 28481K, committed 28800K, reserved 278528K
  class space    used 3272K, committed 3392K, reserved 212992K
}
Event: 4.466 GC heap before
{Heap before GC invocations=10 (full 1):
 def new generation   total 39424K, used 35447K [0x00000000e0000000, 0x00000000e2ac0000, 0x00000000eaaa0000)
  eden space 35072K, 100% used [0x00000000e0000000, 0x00000000e2240000, 0x00000000e2240000)
  from space 4352K,   8% used [0x00000000e2680000, 0x00000000e26ddca8, 0x00000000e2ac0000)
  to   space 4352K,   0% used [0x00000000e2240000, 0x00000000e2240000, 0x00000000e2680000)
 tenured generation   total 87424K, used 39946K [0x00000000eaaa0000, 0x00000000f0000000, 0x0000000100000000)
   the space 87424K,  45% used [0x00000000eaaa0000, 0x00000000ed1a2a98, 0x00000000ed1a2c00, 0x00000000f0000000)
 Metaspace       used 30158K, committed 30464K, reserved 278528K
  class space    used 3465K, committed 3584K, reserved 212992K
}
Event: 4.472 GC heap after
{Heap after GC invocations=11 (full 1):
 def new generation   total 39424K, used 1933K [0x00000000e0000000, 0x00000000e2ac0000, 0x00000000eaaa0000)
  eden space 35072K,   0% used [0x00000000e0000000, 0x00000000e0000000, 0x00000000e2240000)
  from space 4352K,  44% used [0x00000000e2240000, 0x00000000e2423538, 0x00000000e2680000)
  to   space 4352K,   0% used [0x00000000e2680000, 0x00000000e2680000, 0x00000000e2ac0000)
 tenured generation   total 87424K, used 39946K [0x00000000eaaa0000, 0x00000000f0000000, 0x0000000100000000)
   the space 87424K,  45% used [0x00000000eaaa0000, 0x00000000ed1a2a98, 0x00000000ed1a2c00, 0x00000000f0000000)
 Metaspace       used 30158K, committed 30464K, reserved 278528K
  class space    used 3465K, committed 3584K, reserved 212992K
}

Deoptimization events (20 events):
Event: 4.634 Thread 0x0000026782a11df0 Uncommon trap: trap_request=0xffffffde fr.pc=0x0000026792127cc4 relative=0x0000000000000644
Event: 4.634 Thread 0x0000026782a11df0 Uncommon trap: reason=class_check action=maybe_recompile pc=0x0000026792127cc4 method=com.sun.tools.javac.code.Type$StructuralTypeMapping.visitClassType(Lcom/sun/tools/javac/code/Type$ClassType;Ljava/lang/Object;)Lcom/sun/tools/javac/code/Type; @ 11 c2
Event: 4.634 Thread 0x0000026782a11df0 DEOPT PACKING pc=0x0000026792127cc4 sp=0x0000009fbdcf6e40
Event: 4.634 Thread 0x0000026782a11df0 DEOPT UNPACKING pc=0x00000267918520a3 sp=0x0000009fbdcf6e08 mode 2
Event: 4.634 Thread 0x0000026782a11df0 Uncommon trap: trap_request=0xffffffde fr.pc=0x0000026792127cc4 relative=0x0000000000000644
Event: 4.634 Thread 0x0000026782a11df0 Uncommon trap: reason=class_check action=maybe_recompile pc=0x0000026792127cc4 method=com.sun.tools.javac.code.Type$StructuralTypeMapping.visitClassType(Lcom/sun/tools/javac/code/Type$ClassType;Ljava/lang/Object;)Lcom/sun/tools/javac/code/Type; @ 11 c2
Event: 4.634 Thread 0x0000026782a11df0 DEOPT PACKING pc=0x0000026792127cc4 sp=0x0000009fbdcf6c20
Event: 4.634 Thread 0x0000026782a11df0 DEOPT UNPACKING pc=0x00000267918520a3 sp=0x0000009fbdcf6be8 mode 2
Event: 4.656 Thread 0x0000026782a11df0 Uncommon trap: trap_request=0xffffffde fr.pc=0x0000026792132f5c relative=0x00000000000009dc
Event: 4.656 Thread 0x0000026782a11df0 Uncommon trap: reason=class_check action=maybe_recompile pc=0x0000026792132f5c method=com.sun.tools.javac.comp.Check.checkType(Lcom/sun/tools/javac/util/JCDiagnostic$DiagnosticPosition;Lcom/sun/tools/javac/code/Type;Lcom/sun/tools/javac/code/Type;Lcom/sun
Event: 4.656 Thread 0x0000026782a11df0 DEOPT PACKING pc=0x0000026792132f5c sp=0x0000009fbdcfb580
Event: 4.656 Thread 0x0000026782a11df0 DEOPT UNPACKING pc=0x00000267918520a3 sp=0x0000009fbdcfb4e8 mode 2
Event: 4.681 Thread 0x0000026782a11df0 Uncommon trap: trap_request=0xffffffde fr.pc=0x0000026792132f5c relative=0x00000000000009dc
Event: 4.681 Thread 0x0000026782a11df0 Uncommon trap: reason=class_check action=maybe_recompile pc=0x0000026792132f5c method=com.sun.tools.javac.comp.Check.checkType(Lcom/sun/tools/javac/util/JCDiagnostic$DiagnosticPosition;Lcom/sun/tools/javac/code/Type;Lcom/sun/tools/javac/code/Type;Lcom/sun
Event: 4.681 Thread 0x0000026782a11df0 DEOPT PACKING pc=0x0000026792132f5c sp=0x0000009fbdcfb580
Event: 4.681 Thread 0x0000026782a11df0 DEOPT UNPACKING pc=0x00000267918520a3 sp=0x0000009fbdcfb4e8 mode 2
Event: 4.682 Thread 0x0000026782a11df0 Uncommon trap: trap_request=0xffffffde fr.pc=0x0000026792132f5c relative=0x00000000000009dc
Event: 4.682 Thread 0x0000026782a11df0 Uncommon trap: reason=class_check action=maybe_recompile pc=0x0000026792132f5c method=com.sun.tools.javac.comp.Check.checkType(Lcom/sun/tools/javac/util/JCDiagnostic$DiagnosticPosition;Lcom/sun/tools/javac/code/Type;Lcom/sun/tools/javac/code/Type;Lcom/sun
Event: 4.682 Thread 0x0000026782a11df0 DEOPT PACKING pc=0x0000026792132f5c sp=0x0000009fbdcfb580
Event: 4.682 Thread 0x0000026782a11df0 DEOPT UNPACKING pc=0x00000267918520a3 sp=0x0000009fbdcfb4e8 mode 2

Classes unloaded (0 events):
No events

Classes redefined (0 events):
No events

Internal exceptions (20 events):
Event: 4.613 Thread 0x0000026782a11df0 Exception <a 'sun/nio/fs/WindowsException'{0x00000000e06717d8}> (0x00000000e06717d8) 
thrown [s\open\src\hotspot\share\prims\jni.cpp, line 516]
Event: 4.614 Thread 0x0000026782a11df0 Exception <a 'sun/nio/fs/WindowsException'{0x00000000e067fc58}> (0x00000000e067fc58) 
thrown [s\open\src\hotspot\share\prims\jni.cpp, line 516]
Event: 4.614 Thread 0x0000026782a11df0 Exception <a 'sun/nio/fs/WindowsException'{0x00000000e067ff78}> (0x00000000e067ff78) 
thrown [s\open\src\hotspot\share\prims\jni.cpp, line 516]
Event: 4.614 Thread 0x0000026782a11df0 Exception <a 'sun/nio/fs/WindowsException'{0x00000000e06ad500}> (0x00000000e06ad500) 
thrown [s\open\src\hotspot\share\prims\jni.cpp, line 516]
Event: 4.614 Thread 0x0000026782a11df0 Exception <a 'sun/nio/fs/WindowsException'{0x00000000e06ad860}> (0x00000000e06ad860) 
thrown [s\open\src\hotspot\share\prims\jni.cpp, line 516]
Event: 4.631 Thread 0x0000026782a11df0 Exception <a 'sun/nio/fs/WindowsException'{0x00000000e0751f28}> (0x00000000e0751f28) 
thrown [s\open\src\hotspot\share\prims\jni.cpp, line 516]
Event: 4.632 Thread 0x0000026782a11df0 Exception <a 'sun/nio/fs/WindowsException'{0x00000000e0752228}> (0x00000000e0752228) 
thrown [s\open\src\hotspot\share\prims\jni.cpp, line 516]
Event: 4.632 Thread 0x0000026782a11df0 Exception <a 'sun/nio/fs/WindowsException'{0x00000000e07594b8}> (0x00000000e07594b8) 
thrown [s\open\src\hotspot\share\prims\jni.cpp, line 516]
Event: 4.632 Thread 0x0000026782a11df0 Exception <a 'sun/nio/fs/WindowsException'{0x00000000e0759778}> (0x00000000e0759778) 
thrown [s\open\src\hotspot\share\prims\jni.cpp, line 516]
Event: 4.632 Thread 0x0000026782a11df0 Exception <a 'sun/nio/fs/WindowsException'{0x00000000e076c700}> (0x00000000e076c700) 
thrown [s\open\src\hotspot\share\prims\jni.cpp, line 516]
Event: 4.632 Thread 0x0000026782a11df0 Exception <a 'sun/nio/fs/WindowsException'{0x00000000e076ca00}> (0x00000000e076ca00) 
thrown [s\open\src\hotspot\share\prims\jni.cpp, line 516]
Event: 4.650 Thread 0x0000026782a11df0 Exception <a 'sun/nio/fs/WindowsException'{0x00000000e089e7e0}> (0x00000000e089e7e0) 
thrown [s\open\src\hotspot\share\prims\jni.cpp, line 516]
Event: 4.651 Thread 0x0000026782a11df0 Exception <a 'sun/nio/fs/WindowsException'{0x00000000e089ee60}> (0x00000000e089ee60) 
thrown [s\open\src\hotspot\share\prims\jni.cpp, line 516]
Event: 4.651 Thread 0x0000026782a11df0 Exception <a 'sun/nio/fs/WindowsException'{0x00000000e089f588}> (0x00000000e089f588) 
thrown [s\open\src\hotspot\share\prims\jni.cpp, line 516]
Event: 4.687 Thread 0x0000026782a11df0 Exception <a 'sun/nio/fs/WindowsException'{0x00000000e0a71420}> (0x00000000e0a71420) 
thrown [s\open\src\hotspot\share\prims\jni.cpp, line 516]
Event: 4.687 Thread 0x0000026782a11df0 Exception <a 'sun/nio/fs/WindowsException'{0x00000000e0a71aa0}> (0x00000000e0a71aa0) 
thrown [s\open\src\hotspot\share\prims\jni.cpp, line 516]
Event: 4.687 Thread 0x0000026782a11df0 Exception <a 'sun/nio/fs/WindowsException'{0x00000000e0a721c8}> (0x00000000e0a721c8) 
thrown [s\open\src\hotspot\share\prims\jni.cpp, line 516]
Event: 4.691 Thread 0x0000026782a11df0 Exception <a 'sun/nio/fs/WindowsException'{0x00000000e0aafc60}> (0x00000000e0aafc60) 
thrown [s\open\src\hotspot\share\prims\jni.cpp, line 516]
Event: 4.691 Thread 0x0000026782a11df0 Exception <a 'sun/nio/fs/WindowsException'{0x00000000e0ab02d0}> (0x00000000e0ab02d0) 
thrown [s\open\src\hotspot\share\prims\jni.cpp, line 516]
Event: 4.691 Thread 0x0000026782a11df0 Exception <a 'sun/nio/fs/WindowsException'{0x00000000e0ab09b8}> (0x00000000e0ab09b8) 
thrown [s\open\src\hotspot\share\prims\jni.cpp, line 516]

VM Operations (20 events):
Event: 4.418 Executing VM operation: ICBufferFull
Event: 4.418 Executing VM operation: ICBufferFull done
Event: 4.454 Executing VM operation: ICBufferFull
Event: 4.454 Executing VM operation: ICBufferFull done
Event: 4.466 Executing VM operation: GenCollectForAllocation
Event: 4.472 Executing VM operation: GenCollectForAllocation done
Event: 4.515 Executing VM operation: ICBufferFull
Event: 4.515 Executing VM operation: ICBufferFull done
Event: 4.572 Executing VM operation: ICBufferFull
Event: 4.573 Executing VM operation: ICBufferFull done
Event: 4.593 Executing VM operation: HandshakeAllThreads
Event: 4.593 Executing VM operation: HandshakeAllThreads done
Event: 4.608 Executing VM operation: HandshakeAllThreads
Event: 4.608 Executing VM operation: HandshakeAllThreads done
Event: 4.614 Executing VM operation: ICBufferFull
Event: 4.614 Executing VM operation: ICBufferFull done
Event: 4.674 Executing VM operation: ICBufferFull
Event: 4.675 Executing VM operation: ICBufferFull done
Event: 5.678 Executing VM operation: Cleanup
Event: 5.678 Executing VM operation: Cleanup done

Events (20 events):
Event: 4.475 loading class java/io/DataOutputStream
Event: 4.475 loading class java/io/DataOutputStream done
Event: 4.493 loading class java/util/stream/ReduceOps$2
Event: 4.493 loading class java/util/stream/ReduceOps$2 done
Event: 4.493 loading class java/util/stream/ReduceOps$2ReducingSink
Event: 4.493 loading class java/util/stream/ReduceOps$2ReducingSink done
Event: 4.609 Thread 0x0000026782639ce0 flushing nmethod 0x0000026791f57810
Event: 4.609 Thread 0x0000026782639ce0 flushing nmethod 0x0000026791f7b390
Event: 4.612 Thread 0x0000026782639ce0 flushing nmethod 0x000002678a6bda90
Event: 4.615 Thread 0x0000026782639ce0 flushing nmethod 0x000002678ad52890
Event: 4.615 Thread 0x0000026782639ce0 flushing nmethod 0x000002678ad75610
Event: 4.615 Thread 0x0000026782639ce0 flushing nmethod 0x000002678ad77c90
Event: 4.693 loading class java/util/EnumMap$Values
Event: 4.693 loading class java/util/EnumMap$Values done
Event: 4.693 loading class java/util/EnumMap$ValueIterator
Event: 4.694 loading class java/util/EnumMap$ValueIterator done
Event: 4.694 loading class java/util/WeakHashMap$KeyIterator
Event: 4.694 loading class java/util/WeakHashMap$KeyIterator done
Event: 4.697 loading class java/text/MessageFormat$Field
Event: 4.697 loading class java/text/MessageFormat$Field done


Dynamic libraries:
0x00007ff73d5f0000 - 0x00007ff73d600000 	C:\Program Files\Java\jdk-17\bin\java.exe
0x00007ffbf4580000 - 0x00007ffbf47e6000 	C:\WINDOWS\SYSTEM32\ntdll.dll
0x00007ffbf2e00000 - 0x00007ffbf2ec9000 	C:\WINDOWS\System32\KERNEL32.DLL
0x00007ffbf1a20000 - 0x00007ffbf1e1a000 	C:\WINDOWS\System32\KERNELBASE.dll
0x00007ffbf1810000 - 0x00007ffbf195c000 	C:\WINDOWS\System32\ucrtbase.dll
0x00007ffbe8000000 - 0x00007ffbe801b000 	C:\Program Files\Java\jdk-17\bin\VCRUNTIME140.dll
0x00007ffbe74e0000 - 0x00007ffbe74f9000 	C:\Program Files\Java\jdk-17\bin\jli.dll
0x00007ffbf22f0000 - 0x00007ffbf23a6000 	C:\WINDOWS\System32\ADVAPI32.dll
0x00007ffbf24b0000 - 0x00007ffbf2559000 	C:\WINDOWS\System32\msvcrt.dll
0x00007ffbf2be0000 - 0x00007ffbf2c8a000 	C:\WINDOWS\System32\sechost.dll
0x00007ffbf28b0000 - 0x00007ffbf29c8000 	C:\WINDOWS\System32\RPCRT4.dll
0x00007ffbf2570000 - 0x00007ffbf2737000 	C:\WINDOWS\System32\USER32.dll
0x00007ffbf1fe0000 - 0x00007ffbf2007000 	C:\WINDOWS\System32\win32u.dll
0x00007ffbcca50000 - 0x00007ffbccce2000 	C:\WINDOWS\WinSxS\amd64_microsoft.windows.common-controls_6595b64144ccf1df_6.0.26100.8521_none_3e08b75ce33403b3\COMCTL32.dll
0x00007ffbf3640000 - 0x00007ffbf366b000 	C:\WINDOWS\System32\GDI32.dll
0x00007ffbf1eb0000 - 0x00007ffbf1fdb000 	C:\WINDOWS\System32\gdi32full.dll
0x00007ffbf2010000 - 0x00007ffbf20b3000 	C:\WINDOWS\System32\msvcp_win.dll
0x00007ffbe67f0000 - 0x00007ffbe67fb000 	C:\WINDOWS\SYSTEM32\VERSION.dll
0x00007ffbf2dc0000 - 0x00007ffbf2df2000 	C:\WINDOWS\System32\IMM32.DLL
0x00007ffbe9b80000 - 0x00007ffbe9b8c000 	C:\Program Files\Java\jdk-17\bin\vcruntime140_1.dll
0x00007ffbd88f0000 - 0x00007ffbd897e000 	C:\Program Files\Java\jdk-17\bin\msvcp140.dll
0x00007ffb4e810000 - 0x00007ffb4f3f0000 	C:\Program Files\Java\jdk-17\bin\server\jvm.dll
0x00007ffbf2560000 - 0x00007ffbf2568000 	C:\WINDOWS\System32\PSAPI.DLL
0x00007ffb22010000 - 0x00007ffb2201a000 	C:\WINDOWS\SYSTEM32\WSOCK32.dll
0x00007ffbf3770000 - 0x00007ffbf37f0000 	C:\WINDOWS\System32\WS2_32.dll
0x00007ffbdd260000 - 0x00007ffbdd296000 	C:\WINDOWS\SYSTEM32\WINMM.dll
0x00007ffbf05a0000 - 0x00007ffbf05bb000 	C:\WINDOWS\SYSTEM32\kernel.appcore.dll
0x00007ffbe7bb0000 - 0x00007ffbe7bba000 	C:\Program Files\Java\jdk-17\bin\jimage.dll
0x00007ffbeecf0000 - 0x00007ffbeef32000 	C:\WINDOWS\SYSTEM32\DBGHELP.DLL
0x00007ffbf3f90000 - 0x00007ffbf4313000 	C:\WINDOWS\System32\combase.dll
0x00007ffbf3380000 - 0x00007ffbf3459000 	C:\WINDOWS\System32\OLEAUT32.dll
0x00007ffbc90d0000 - 0x00007ffbc910b000 	C:\WINDOWS\SYSTEM32\dbgcore.DLL
0x00007ffbf2240000 - 0x00007ffbf22e8000 	C:\WINDOWS\System32\bcryptPrimitives.dll
0x00007ffbe72f0000 - 0x00007ffbe7315000 	C:\Program Files\Java\jdk-17\bin\java.dll
0x00007ffbafa80000 - 0x00007ffbafb57000 	C:\Program Files\Java\jdk-17\bin\jsvml.dll
0x00007ffbf3800000 - 0x00007ffbf3f84000 	C:\WINDOWS\System32\SHELL32.dll
0x00007ffbef3a0000 - 0x00007ffbefc20000 	C:\WINDOWS\SYSTEM32\windows.storage.dll
0x00007ffbf23b0000 - 0x00007ffbf24a6000 	C:\WINDOWS\System32\SHCORE.dll
0x00007ffbf2c90000 - 0x00007ffbf2cf7000 	C:\WINDOWS\System32\shlwapi.dll
0x00007ffbf1730000 - 0x00007ffbf1759000 	C:\WINDOWS\SYSTEM32\profapi.dll
0x00007ffbe74c0000 - 0x00007ffbe74d9000 	C:\Program Files\Java\jdk-17\bin\net.dll
0x00007ffbe8df0000 - 0x00007ffbe8f19000 	C:\WINDOWS\SYSTEM32\WINHTTP.dll
0x00007ffbf0b70000 - 0x00007ffbf0bdc000 	C:\WINDOWS\system32\mswsock.dll
0x00007ffbe63b0000 - 0x00007ffbe63c6000 	C:\Program Files\Java\jdk-17\bin\nio.dll
0x00007ffbe6390000 - 0x00007ffbe63a8000 	C:\Program Files\Java\jdk-17\bin\zip.dll
0x00007ffbc5c30000 - 0x00007ffbc5c54000 	D:\Spring\apache-maven-3.9.16\lib\jansi-native\Windows\x86_64\jansi.dll
0x00007ffbe72e0000 - 0x00007ffbe72f0000 	C:\Program Files\Java\jdk-17\bin\verify.dll

dbghelp: loaded successfully - version: 4.0.5 - missing functions: none
symbol engine: initialized successfully - sym options: 0x614 - pdb path: .;C:\Program Files\Java\jdk-17\bin;C:\WINDOWS\SYSTEM32;C:\WINDOWS\WinSxS\amd64_microsoft.windows.common-controls_6595b64144ccf1df_6.0.26100.8521_none_3e08b75ce33403b3;C:\Program Files\Java\jdk-17\bin\server;D:\Spring\apache-maven-3.9.16\lib\jansi-native\Windows\x86_64

VM Arguments:
jvm_args: -Xms128m -Xmx512m -XX:MaxMetaspaceSize=256m -XX:+UseSerialGC -Dclassworlds.conf=D:\Spring\apache-maven-3.9.16\bin\m2.conf -Dmaven.home=D:\Spring\apache-maven-3.9.16 -Dlibrary.jansi.path=D:\Spring\apache-maven-3.9.16\lib\jansi-native -Dmaven.multiModuleProjectDirectory=D:\Hirespere\demo 
java_command: org.codehaus.plexus.classworlds.launcher.Launcher clean install
java_class_path (initial): D:\Spring\apache-maven-3.9.16\boot\plexus-classworlds-2.11.0.jar
Launcher Type: SUN_STANDARD

[Global flags]
     intx CICompilerCount                          = 4                                         {product} {ergonomic}
   size_t CompressedClassSpaceSize                 = 218103808                                 {product} {ergonomic}
   size_t InitialHeapSize                          = 134217728                                 {product} {command line}
   size_t MaxHeapSize                              = 536870912                                 {product} {command line}
   size_t MaxMetaspaceSize                         = 268435456                                 {product} {command line}
   size_t MaxNewSize                               = 178913280                                 {product} {ergonomic}
   size_t MinHeapDeltaBytes                        = 196608                                    {product} {ergonomic}
   size_t MinHeapSize                              = 134217728                                 {product} {command line}
   size_t NewSize                                  = 44695552                                  {product} {ergonomic}
    uintx NonNMethodCodeHeapSize                   = 5839372                                {pd product} {ergonomic}
    uintx NonProfiledCodeHeapSize                  = 122909434                              {pd product} {ergonomic}
   size_t OldSize                                  = 89522176                                  {product} {ergonomic}
    uintx ProfiledCodeHeapSize                     = 122909434                              {pd product} {ergonomic}
    uintx ReservedCodeCacheSize                    = 251658240                              {pd product} {ergonomic}
     bool SegmentedCodeCache                       = true                                      {product} {ergonomic}
   size_t SoftMaxHeapSize                          = 536870912                              {manageable} {ergonomic}
     bool UseCompressedClassPointers               = true                           {product lp64_product} {ergonomic}
     bool UseCompressedOops                        = true                           {product lp64_product} {ergonomic}
     bool UseLargePagesIndividualAllocation        = false                                  {pd product} {ergonomic}
     bool UseSerialGC                              = true                                      {product} {command line}

Logging:
Log output configuration:
 #0: stdout all=warning uptime,level,tags
 #1: stderr all=off uptime,level,tags

Environment Variables:
JAVA_HOME=C:\Program Files\Java\jdk-17
PATH=C:\Program Files\Common Files\Oracle\Java\javapath;C:\windows\system32;C:\windows;C:\windows\System32\Wbem;C:\windows\System32\WindowsPowerShell\v1.0\;C:\windows\System32\OpenSSH\;C:\Program Files (x86)\NVIDIA Corporation\PhysX\Common;C:\Program Files\NVIDIA Corporation\NVIDIA NvDLISR;C:\Users\Administrator\AppData\Local\Microsoft\WindowsApps;C:\Program Files\HP\OMEN-Broadcast\Common;C:\Program Files\cursor\resources\app\bin;C:\Program Files\nodejs\;C:\WINDOWS\system32;C:\WINDOWS;C:\WINDOWS\System32\Wbem;C:\WINDOWS\System32\WindowsPowerShell\v1.0\;C:\WINDOWS\System32\OpenSSH\;C:\Program Files\Java\jdk-17\bin;D:\Spring\apache-maven-3.9.16\bin;C:\Program Files\MySQL\MySQL Server 8.0\bin;C:\Program Files\MySQL\MySQL Shell 8.0\bin\;c:\Users\K.Dharunika\AppData\Local\Programs\cursor\resources\app\codeBin;C:\Users\K.Dharunika\AppData\Local\Programs\Python\Python314\Scripts\;C:\Users\K.Dharunika\AppData\Local\Programs\Python\Python314\;C:\Users\K.Dharunika\AppData\Local\Programs\Python\Launcher\;C:\Users\K.Dharunika\AppData\Local\Microsoft\WindowsApps;C:\Users\K.Dharunika\AppData\Roaming\npm;C:\Users\K.Dharunika\AppData\Local\Programs\Microsoft VS Code\bin;C:\Users\K.Dharunika\AppData\Local\Programs\cursor\resources\app\bin;C:\Program Files\Java\jdk-17\bin;D:\Spring\apache-maven-3.9.16\bin;C:\Program Files\nodejs;C:\Program Files\MySQL\MySQL Server 8.0\bin;C:\Users\K.Dharunika\AppData\Local\Programs\Antigravity IDE\bin
USERNAME=K.Dharunika
LANG=en_US.UTF-8
OS=Windows_NT
PROCESSOR_IDENTIFIER=Intel64 Family 6 Model 154 Stepping 3, GenuineIntel



---------------  S Y S T E M  ---------------

OS:
 Windows 11 , 64 bit Build 26100 (10.0.26100.8521)
OS uptime: 0 days 1:11 hours
Hyper-V role detected

CPU: total 12 (initial active 12) (6 cores per cpu, 2 threads per core) family 6 model 154 stepping 3 microcode 0x434, cx8, cmov, fxsr, ht, mmx, 3dnowpref, sse, sse2, sse3, ssse3, sse4.1, sse4.2, popcnt, lzcnt, tsc, tscinvbit, avx, avx2, aes, erms, clmul, bmi1, bmi2, adx, sha, fma, vzeroupper, clflush, clflushopt, clwb, hv

Memory: 4k page, system-wide physical 16024M (3884M free)
TotalPageFile size 18072M (AvailPageFile size 36M)
current process WorkingSet (physical memory assigned to process): 227M, peak: 268M
current process commit charge ("private bytes"): 257M, peak: 298M

vm_info: Java HotSpot(TM) 64-Bit Server VM (17.0.12+8-LTS-286) for windows-amd64 JRE (17.0.12+8-LTS-286), built on Jun  5 2024 06:46:59 by "mach5one" with MS VC++ 17.6 (VS2022)

END.
