#
# There is insufficient memory for the Java Runtime Environment to continue.
# Native memory allocation (mmap) failed to map 264241152 bytes for G1 virtual space
# Possible reasons:
#   The system is out of physical RAM or swap space
#   The process is running with CompressedOops enabled, and the Java Heap may be blocking the growth of the native heap
# Possible solutions:
#   Reduce memory load on the system
#   Increase physical memory or swap space
#   Check if swap backing store is full
#   Decrease Java heap size (-Xmx/-Xms)
#   Decrease number of Java threads
#   Decrease Java thread stack sizes (-Xss)
#   Set larger code cache with -XX:ReservedCodeCacheSize=
#   JVM is running with Zero Based Compressed Oops mode in which the Java heap is
#     placed in the first 32GB address space. The Java Heap base address is the
#     maximum limit for the native heap growth. Please use -XX:HeapBaseMinAddress
#     to set the Java Heap base and to place the Java Heap above 32GB virtual address.
# This output file may be truncated or incomplete.
#
#  Out of Memory Error (os_windows.cpp:3548), pid=20512, tid=25520
#
# JRE version:  (17.0.12+8) (build )
# Java VM: Java HotSpot(TM) 64-Bit Server VM (17.0.12+8-LTS-286, mixed mode, sharing, tiered, compressed oops, compressed class ptrs, g1 gc, windows-amd64)
# No core dump will be written. Minidumps are not enabled by default on client versions of Windows
#

---------------  S U M M A R Y ------------

Command Line: -Dclassworlds.conf=D:\Spring\apache-maven-3.9.16\bin\m2.conf -Dmaven.home=D:\Spring\apache-maven-3.9.16 -Dlibrary.jansi.path=D:\Spring\apache-maven-3.9.16\lib\jansi-native -Dmaven.multiModuleProjectDirectory=D:\Hirespere\demo org.codehaus.plexus.classworlds.launcher.Launcher clean install

Host: 12th Gen Intel(R) Core(TM) i5-12450H, 12 cores, 15G,  Windows 11 , 64 bit Build 26100 (10.0.26100.8521)
Time: Tue Jun 30 21:34:21 2026 India Standard Time elapsed time: 2.054708 seconds (0d 0h 0m 2s)

---------------  T H R E A D  ---------------

Current thread (0x000002eb22146190):  JavaThread "Unknown thread" [_thread_in_vm, id=25520, stack(0x000000ef81b00000,0x000000ef81c00000)]

Stack: [0x000000ef81b00000,0x000000ef81c00000]
Native frames: (J=compiled Java code, j=interpreted, Vv=VM code, C=native code)
V  [jvm.dll+0x67a04a]
V  [jvm.dll+0x7da4ed]
V  [jvm.dll+0x7dbe33]
V  [jvm.dll+0x7dc4a3]
V  [jvm.dll+0x24508f]
V  [jvm.dll+0x677089]
V  [jvm.dll+0x66bd32]
V  [jvm.dll+0x301fa6]
V  [jvm.dll+0x309546]
V  [jvm.dll+0x359d2e]
V  [jvm.dll+0x359f5f]
V  [jvm.dll+0x2d9078]
V  [jvm.dll+0x2d9fe4]
V  [jvm.dll+0x7aca21]
V  [jvm.dll+0x367591]
V  [jvm.dll+0x78b999]
V  [jvm.dll+0x3ec83f]
V  [jvm.dll+0x3ee471]
C  [jli.dll+0x5297]
C  [ucrtbase.dll+0x2cd30]
C  [KERNEL32.DLL+0x2e957]
C  [ntdll.dll+0x87c1c]


---------------  P R O C E S S  ---------------

Threads class SMR info:
_java_thread_list=0x00007ffc5cae7a18, length=0, elements={
}

Java Threads: ( => current thread )

Other Threads:
  0x000002eb221adf40 GCTaskThread "GC Thread#0" [stack: 0x000000ef81c00000,0x000000ef81d00000] [id=21428]
  0x000002eb221be820 ConcurrentGCThread "G1 Main Marker" [stack: 0x000000ef81d00000,0x000000ef81e00000] [id=26072]
  0x000002eb221c0150 ConcurrentGCThread "G1 Conc#0" [stack: 0x000000ef81e00000,0x000000ef81f00000] [id=23344]

[error occurred during error reporting (printing all threads), id 0xc0000005, EXCEPTION_ACCESS_VIOLATION (0xc0000005) at pc=0x00007ffc5c319b67]

VM state: not at safepoint (not fully initialized)

VM Mutex/Monitor currently owned by a thread:  ([mutex/lock_event])
[0x000002eb221424f0] Heap_lock - owner thread: 0x000002eb22146190

Heap address: 0x0000000705800000, size: 4008 MB, Compressed Oops mode: Zero based, Oop shift amount: 3

CDS archive(s) mapped at: [0x0000000000000000-0x0000000000000000-0x0000000000000000), size 0, SharedBaseAddress: 0x0000000800000000, ArchiveRelocationMode: 1.
Narrow klass base: 0x0000000000000000, Narrow klass shift: 0, Narrow klass range: 0x0

GC Precious Log:
<Empty>

Heap:
 garbage-first heap   total 0K, used 0K [0x0000000705800000, 0x0000000800000000)
  region size 2048K, 0 young (0K), 0 survivors (0K)

[error occurred during error reporting (printing heap information), id 0xc0000005, EXCEPTION_ACCESS_VIOLATION (0xc0000005) at pc=0x00007ffc5c703859]

GC Heap History (0 events):
No events

Deoptimization events (0 events):
No events

Classes unloaded (0 events):
No events

Classes redefined (0 events):
No events

Internal exceptions (0 events):
No events

VM Operations (0 events):
No events

Events (1 events):
Event: 0.008 Loaded shared library C:\Program Files\Java\jdk-17\bin\java.dll


Dynamic libraries:
0x00007ff673dc0000 - 0x00007ff673dd0000 	C:\Program Files\Java\jdk-17\bin\java.exe
0x00007ffd610e0000 - 0x00007ffd61346000 	C:\WINDOWS\SYSTEM32\ntdll.dll
0x00007ffd5f490000 - 0x00007ffd5f559000 	C:\WINDOWS\System32\KERNEL32.DLL
0x00007ffd5e740000 - 0x00007ffd5eb3a000 	C:\WINDOWS\System32\KERNELBASE.dll
0x00007ffd5e5f0000 - 0x00007ffd5e73c000 	C:\WINDOWS\System32\ucrtbase.dll
0x00007ffcf8d10000 - 0x00007ffcf8d29000 	C:\Program Files\Java\jdk-17\bin\jli.dll
0x00007ffd5fa00000 - 0x00007ffd5fab6000 	C:\WINDOWS\System32\ADVAPI32.dll
0x00007ffd18f80000 - 0x00007ffd18f9b000 	C:\Program Files\Java\jdk-17\bin\VCRUNTIME140.dll
0x00007ffd60fc0000 - 0x00007ffd61069000 	C:\WINDOWS\System32\msvcrt.dll
0x00007ffd5f560000 - 0x00007ffd5f60a000 	C:\WINDOWS\System32\sechost.dll
0x00007ffd5fca0000 - 0x00007ffd5fdb8000 	C:\WINDOWS\System32\RPCRT4.dll
0x00007ffd60d50000 - 0x00007ffd60f17000 	C:\WINDOWS\System32\USER32.dll
0x00007ffd3d940000 - 0x00007ffd3dbd2000 	C:\WINDOWS\WinSxS\amd64_microsoft.windows.common-controls_6595b64144ccf1df_6.0.26100.8521_none_3e08b75ce33403b3\COMCTL32.dll
0x00007ffd5ed70000 - 0x00007ffd5ed97000 	C:\WINDOWS\System32\win32u.dll
0x00007ffd61070000 - 0x00007ffd6109b000 	C:\WINDOWS\System32\GDI32.dll
0x00007ffd5e370000 - 0x00007ffd5e49b000 	C:\WINDOWS\System32\gdi32full.dll
0x00007ffd5eda0000 - 0x00007ffd5ee43000 	C:\WINDOWS\System32\msvcp_win.dll
0x00007ffd53490000 - 0x00007ffd5349b000 	C:\WINDOWS\SYSTEM32\VERSION.dll
0x00007ffd5ef50000 - 0x00007ffd5ef82000 	C:\WINDOWS\System32\IMM32.DLL
0x00007ffd58150000 - 0x00007ffd5815c000 	C:\Program Files\Java\jdk-17\bin\vcruntime140_1.dll
0x00007ffcd1620000 - 0x00007ffcd16ae000 	C:\Program Files\Java\jdk-17\bin\msvcp140.dll
0x00007ffc5c030000 - 0x00007ffc5cc10000 	C:\Program Files\Java\jdk-17\bin\server\jvm.dll
0x00007ffd5f480000 - 0x00007ffd5f488000 	C:\WINDOWS\System32\PSAPI.DLL
0x00007ffcf5d20000 - 0x00007ffcf5d2a000 	C:\WINDOWS\SYSTEM32\WSOCK32.dll
0x00007ffd4ad90000 - 0x00007ffd4adc6000 	C:\WINDOWS\SYSTEM32\WINMM.dll
0x00007ffd5f8e0000 - 0x00007ffd5f960000 	C:\WINDOWS\System32\WS2_32.dll
0x00007ffd5d100000 - 0x00007ffd5d11b000 	C:\WINDOWS\SYSTEM32\kernel.appcore.dll
0x00007ffcda680000 - 0x00007ffcda68a000 	C:\Program Files\Java\jdk-17\bin\jimage.dll
0x00007ffd5ba40000 - 0x00007ffd5bc82000 	C:\WINDOWS\SYSTEM32\DBGHELP.DLL
0x00007ffd5f070000 - 0x00007ffd5f3f3000 	C:\WINDOWS\System32\combase.dll
0x00007ffd5fdc0000 - 0x00007ffd5fe99000 	C:\WINDOWS\System32\OLEAUT32.dll
0x00007ffd379c0000 - 0x00007ffd379fb000 	C:\WINDOWS\SYSTEM32\dbgcore.DLL
0x00007ffd5ecc0000 - 0x00007ffd5ed68000 	C:\WINDOWS\System32\bcryptPrimitives.dll
0x00007ffcd15f0000 - 0x00007ffcd1615000 	C:\Program Files\Java\jdk-17\bin\java.dll

dbghelp: loaded successfully - version: 4.0.5 - missing functions: none
symbol engine: initialized successfully - sym options: 0x614 - pdb path: .;C:\Program Files\Java\jdk-17\bin;C:\WINDOWS\SYSTEM32;C:\WINDOWS\WinSxS\amd64_microsoft.windows.common-controls_6595b64144ccf1df_6.0.26100.8521_none_3e08b75ce33403b3;C:\Program Files\Java\jdk-17\bin\server

VM Arguments:
jvm_args: -Dclassworlds.conf=D:\Spring\apache-maven-3.9.16\bin\m2.conf -Dmaven.home=D:\Spring\apache-maven-3.9.16 -Dlibrary.jansi.path=D:\Spring\apache-maven-3.9.16\lib\jansi-native -Dmaven.multiModuleProjectDirectory=D:\Hirespere\demo 
java_command: org.codehaus.plexus.classworlds.launcher.Launcher clean install
java_class_path (initial): D:\Spring\apache-maven-3.9.16\boot\plexus-classworlds-2.11.0.jar
Launcher Type: SUN_STANDARD

[Global flags]
     intx CICompilerCount                          = 4                                         {product} {ergonomic}
     uint ConcGCThreads                            = 3                                         {product} {ergonomic}
     uint G1ConcRefinementThreads                  = 10                                        {product} {ergonomic}
   size_t G1HeapRegionSize                         = 2097152                                   {product} {ergonomic}
    uintx GCDrainStackTargetSize                   = 64                                        {product} {ergonomic}
   size_t InitialHeapSize                          = 264241152                                 {product} {ergonomic}
   size_t MarkStackSize                            = 4194304                                   {product} {ergonomic}
   size_t MaxHeapSize                              = 4202692608                                {product} {ergonomic}
   size_t MinHeapDeltaBytes                        = 2097152                                   {product} {ergonomic}
   size_t MinHeapSize                              = 8388608                                   {product} {ergonomic}
    uintx NonNMethodCodeHeapSize                   = 5839372                                {pd product} {ergonomic}
    uintx NonProfiledCodeHeapSize                  = 122909434                              {pd product} {ergonomic}
    uintx ProfiledCodeHeapSize                     = 122909434                              {pd product} {ergonomic}
    uintx ReservedCodeCacheSize                    = 251658240                              {pd product} {ergonomic}
     bool SegmentedCodeCache                       = true                                      {product} {ergonomic}
   size_t SoftMaxHeapSize                          = 4202692608                             {manageable} {ergonomic}
     bool UseCompressedClassPointers               = true                           {product lp64_product} {ergonomic}
     bool UseCompressedOops                        = true                           {product lp64_product} {ergonomic}
     bool UseG1GC                                  = true                                      {product} {ergonomic}
     bool UseLargePagesIndividualAllocation        = false                                  {pd product} {ergonomic}

Logging:
Log output configuration:
 #0: stdout all=warning uptime,level,tags
 #1: stderr all=off uptime,level,tags

Environment Variables:
JAVA_HOME=C:\Program Files\Java\jdk-17
PATH=C:\Program Files\Common Files\Oracle\Java\javapath;C:\windows\system32;C:\windows;C:\windows\System32\Wbem;C:\windows\System32\WindowsPowerShell\v1.0\;C:\windows\System32\OpenSSH\;C:\Program Files (x86)\NVIDIA Corporation\PhysX\Common;C:\Program Files\NVIDIA Corporation\NVIDIA NvDLISR;C:\Users\Administrator\AppData\Local\Microsoft\WindowsApps;C:\Program Files\HP\OMEN-Broadcast\Common;C:\Program Files\cursor\resources\app\bin;C:\Program Files\nodejs\;C:\WINDOWS\system32;C:\WINDOWS;C:\WINDOWS\System32\Wbem;C:\WINDOWS\System32\WindowsPowerShell\v1.0\;C:\WINDOWS\System32\OpenSSH\;C:\Program Files\Java\jdk-17\bin;D:\Spring\apache-maven-3.9.16\bin;C:\Program Files\MySQL\MySQL Server 8.0\bin;C:\Program Files\MySQL\MySQL Shell 8.0\bin\;c:\Users\K.Dharunika\AppData\Local\Programs\cursor\resources\app\codeBin;C:\Users\K.Dharunika\AppData\Local\Programs\Python\Python314\Scripts\;C:\Users\K.Dharunika\AppData\Local\Programs\Python\Python314\;C:\Users\K.Dharunika\AppData\Local\Programs\Python\Launcher\;C:\Users\K.Dharunika\AppData\Local\Microsoft\WindowsApps;C:\Users\K.Dharunika\AppData\Roaming\npm;C:\Users\K.Dharunika\AppData\Local\Programs\Microsoft VS Code\bin;C:\Users\K.Dharunika\AppData\Local\Programs\cursor\resources\app\bin;C:\Program Files\Java\jdk-17\bin;D:\Spring\apache-maven-3.9.16\bin;C:\Program Files\nodejs;C:\Program Files\MySQL\MySQL Server 8.0\bin;
USERNAME=K.Dharunika
LANG=en_US.UTF-8
OS=Windows_NT
PROCESSOR_IDENTIFIER=Intel64 Family 6 Model 154 Stepping 3, GenuineIntel



---------------  S Y S T E M  ---------------

OS:
 Windows 11 , 64 bit Build 26100 (10.0.26100.8521)
OS uptime: 0 days 0:19 hours
Hyper-V role detected

CPU: total 12 (initial active 12) (6 cores per cpu, 2 threads per core) family 6 model 154 stepping 3 microcode 0x434, cx8, cmov, fxsr, ht, mmx, 3dnowpref, sse, sse2, sse3, ssse3, sse4.1, sse4.2, popcnt, lzcnt, tsc, tscinvbit, avx, avx2, aes, erms, clmul, bmi1, bmi2, adx, sha, fma, vzeroupper, clflush, clflushopt, clwb, hv

Memory: 4k page, system-wide physical 16024M (2418M free)
TotalPageFile size 18072M (AvailPageFile size 133M)
current process WorkingSet (physical memory assigned to process): 13M, peak: 13M
current process commit charge ("private bytes"): 64M, peak: 316M

vm_info: Java HotSpot(TM) 64-Bit Server VM (17.0.12+8-LTS-286) for windows-amd64 JRE (17.0.12+8-LTS-286), built on Jun  5 2024 06:46:59 by "mach5one" with MS VC++ 17.6 (VS2022)

END.
