#
# There is insufficient memory for the Java Runtime Environment to continue.
# Native memory allocation (malloc) failed to allocate 2126272 bytes for Chunk::new
# Possible reasons:
#   The system is out of physical RAM or swap space
#   The process is running with CompressedOops enabled, and the Java Heap may be blocking the growth of the native heap
# Possible solutions:
#   Reduce memory load on the system
#   Increase physical memory or swap space
#   Check if swap backing store is full
#   Decrease Java heap size (-Xmx/-Xms)
#   Decrease number of Java threads
#   Decrease Java thread stack sizes (-Xss)
#   Set larger code cache with -XX:ReservedCodeCacheSize=
#   JVM is running with Unscaled Compressed Oops mode in which the Java heap is
#     placed in the first 4GB address space. The Java Heap base address is the
#     maximum limit for the native heap growth. Please use -XX:HeapBaseMinAddress
#     to set the Java Heap base and to place the Java Heap above 4GB virtual address.
# This output file may be truncated or incomplete.
#
#  Out of Memory Error (arena.cpp:189), pid=16524, tid=2412
#
# JRE version: Java(TM) SE Runtime Environment (17.0.12+8) (build 17.0.12+8-LTS-286)
# Java VM: Java HotSpot(TM) 64-Bit Server VM (17.0.12+8-LTS-286, mixed mode, sharing, tiered, compressed oops, compressed class ptrs, g1 gc, windows-amd64)
# No core dump will be written. Minidumps are not enabled by default on client versions of Windows
#

---------------  S U M M A R Y ------------

Command Line: -Xms128m -Xmx256m -XX:MaxMetaspaceSize=128m C:\Users\K.Dharunika\AppData\Local\Temp\surefire3240713185520732151\surefirebooter-20260708103506818_3.jar C:\Users\K.Dharunika\AppData\Local\Temp\surefire3240713185520732151 2026-07-08T10-35-06_695-jvmRun1 surefire-20260708103506818_1tmp surefire_0-20260708103506818_2tmp

Host: 12th Gen Intel(R) Core(TM) i5-12450H, 12 cores, 15G,  Windows 11 , 64 bit Build 26100 (10.0.26100.8521)
Time: Wed Jul  8 10:35:11 2026 India Standard Time elapsed time: 4.203992 seconds (0d 0h 0m 4s)

---------------  T H R E A D  ---------------

Current thread (0x00000236a4078da0):  JavaThread "C2 CompilerThread0" daemon [_thread_in_native, id=2412, stack(0x000000b146600000,0x000000b146700000)]


Current CompileTask:
C2:   4204 3270       4       org.springframework.beans.factory.support.AbstractBeanFactory::isTypeMatch (745 bytes)

Stack: [0x000000b146600000,0x000000b146700000]
Native frames: (J=compiled Java code, j=interpreted, Vv=VM code, C=native code)
V  [jvm.dll+0x67a04a]
V  [jvm.dll+0x7da4ed]
V  [jvm.dll+0x7dbe33]
V  [jvm.dll+0x7dc4a3]
V  [jvm.dll+0x24508f]
V  [jvm.dll+0xab773]
V  [jvm.dll+0xabd3c]
V  [jvm.dll+0x361bee]
V  [jvm.dll+0x32c431]
V  [jvm.dll+0x32b8ca]
V  [jvm.dll+0x21683f]
V  [jvm.dll+0x215c6f]
V  [jvm.dll+0x1a2960]
V  [jvm.dll+0x22610b]
V  [jvm.dll+0x2242ab]
V  [jvm.dll+0x79075c]
V  [jvm.dll+0x78abea]
V  [jvm.dll+0x678f35]
C  [ucrtbase.dll+0x2cd30]
C  [KERNEL32.DLL+0x2e957]
C  [ntdll.dll+0x87c1c]


---------------  P R O C E S S  ---------------

Threads class SMR info:
_java_thread_list=0x00000236b2b11fa0, length=16, elements={
0x0000023689d9ecb0, 0x00000236a403af90, 0x00000236a403bb50, 0x00000236a4055370,
0x00000236a4055d30, 0x00000236a40566f0, 0x00000236a4057850, 0x00000236a4078da0,
0x00000236a4081b20, 0x00000236a40848e0, 0x00000236a42cf4d0, 0x00000236a42d5620,
0x00000236a43bb5b0, 0x00000236a4330890, 0x00000236a4463940, 0x00000236a466c8e0
}

Java Threads: ( => current thread )
  0x0000023689d9ecb0 JavaThread "main" [_thread_blocked, id=11696, stack(0x000000b145900000,0x000000b145a00000)]
  0x00000236a403af90 JavaThread "Reference Handler" daemon [_thread_blocked, id=16588, stack(0x000000b146000000,0x000000b146100000)]
  0x00000236a403bb50 JavaThread "Finalizer" daemon [_thread_blocked, id=24468, stack(0x000000b146100000,0x000000b146200000)]
  0x00000236a4055370 JavaThread "Signal Dispatcher" daemon [_thread_blocked, id=24420, stack(0x000000b146200000,0x000000b146300000)]
  0x00000236a4055d30 JavaThread "Attach Listener" daemon [_thread_blocked, id=27456, stack(0x000000b146300000,0x000000b146400000)]
  0x00000236a40566f0 JavaThread "Service Thread" daemon [_thread_blocked, id=4876, stack(0x000000b146400000,0x000000b146500000)]
  0x00000236a4057850 JavaThread "Monitor Deflation Thread" daemon [_thread_blocked, id=4052, stack(0x000000b146500000,0x000000b146600000)]
=>0x00000236a4078da0 JavaThread "C2 CompilerThread0" daemon [_thread_in_native, id=2412, stack(0x000000b146600000,0x000000b146700000)]
  0x00000236a4081b20 JavaThread "C1 CompilerThread0" daemon [_thread_in_vm, id=14352, stack(0x000000b146700000,0x000000b146800000)]
  0x00000236a40848e0 JavaThread "Sweeper thread" daemon [_thread_blocked, id=18812, stack(0x000000b146800000,0x000000b146900000)]
  0x00000236a42cf4d0 JavaThread "Notification Thread" daemon [_thread_blocked, id=20272, stack(0x000000b146900000,0x000000b146a00000)]
  0x00000236a42d5620 JavaThread "Common-Cleaner" daemon [_thread_blocked, id=12776, stack(0x000000b146b00000,0x000000b146c00000)]
  0x00000236a43bb5b0 JavaThread "C2 CompilerThread1" daemon [_thread_blocked, id=11056, stack(0x000000b146c00000,0x000000b146d00000)]
  0x00000236a4330890 JavaThread "C2 CompilerThread2" daemon [_thread_blocked, id=10840, stack(0x000000b146d00000,0x000000b146e00000)]
  0x00000236a4463940 JavaThread "surefire-forkedjvm-stream-flusher" daemon [_thread_blocked, id=13220, stack(0x000000b146e00000,0x000000b146f00000)]
  0x00000236a466c8e0 JavaThread "surefire-forkedjvm-command-thread" daemon [_thread_in_native, id=16732, stack(0x000000b146f00000,0x000000b147000000)]

Other Threads:
  0x00000236a4036d50 VMThread "VM Thread" [stack: 0x000000b145f00000,0x000000b146000000] [id=27160] _threads_hazard_ptr=0x00000236b2b11fa0
  0x0000023689de45a0 WatcherThread [stack: 0x000000b146a00000,0x000000b146b00000] [id=5548]
  0x0000023689dc9b70 GCTaskThread "GC Thread#0" [stack: 0x000000b145a00000,0x000000b145b00000] [id=8616]
  0x00000236a4d583e0 GCTaskThread "GC Thread#1" [stack: 0x000000b147000000,0x000000b147100000] [id=18648]
  0x00000236a4d586a0 GCTaskThread "GC Thread#2" [stack: 0x000000b147100000,0x000000b147200000] [id=6928]
  0x00000236a4466590 GCTaskThread "GC Thread#3" [stack: 0x000000b147200000,0x000000b147300000] [id=17344]
  0x00000236a4466850 GCTaskThread "GC Thread#4" [stack: 0x000000b147300000,0x000000b147400000] [id=20852]
  0x00000236b1bae0d0 GCTaskThread "GC Thread#5" [stack: 0x000000b147400000,0x000000b147500000] [id=7352]
  0x00000236b25bb670 GCTaskThread "GC Thread#6" [stack: 0x000000b147500000,0x000000b147600000] [id=748]
  0x00000236b2933b00 GCTaskThread "GC Thread#7" [stack: 0x000000b147600000,0x000000b147700000] [id=27540]
  0x00000236b2550930 GCTaskThread "GC Thread#8" [stack: 0x000000b147700000,0x000000b147800000] [id=21804]
  0x00000236b2b1f640 GCTaskThread "GC Thread#9" [stack: 0x000000b147a00000,0x000000b147b00000] [id=7044]
  0x0000023689dcdad0 ConcurrentGCThread "G1 Main Marker" [stack: 0x000000b145b00000,0x000000b145c00000] [id=22728]
  0x0000023689dce4e0 ConcurrentGCThread "G1 Conc#0" [stack: 0x000000b145c00000,0x000000b145d00000] [id=20544]
  0x00000236b2b1f900 ConcurrentGCThread "G1 Conc#1" [stack: 0x000000b147b00000,0x000000b147c00000] [id=23024]
  0x00000236b2b1ee00 ConcurrentGCThread "G1 Conc#2" [stack: 0x000000b147c00000,0x000000b147d00000] [id=26160]
  0x00000236a3f020c0 ConcurrentGCThread "G1 Refine#0" [stack: 0x000000b145d00000,0x000000b145e00000] [id=2720]
  0x0000023689e662f0 ConcurrentGCThread "G1 Service" [stack: 0x000000b145e00000,0x000000b145f00000] [id=24832]

Threads with active compile tasks:
C2 CompilerThread0     5240 3270       4       org.springframework.beans.factory.support.AbstractBeanFactory::isTypeMatch (745 bytes)
C1 CompilerThread0     5240 3394       3       java.lang.invoke.LambdaFormBuffer::growNames (281 bytes)
C2 CompilerThread1     5240 3396       4       jdk.internal.org.objectweb.asm.AnnotationWriter::putAnnotations (67 bytes)

VM state: synchronizing (normal execution)

VM Mutex/Monitor currently owned by a thread:  ([mutex/lock_event])
[0x0000023687b9c4d0] CodeCache_lock - owner thread: 0x00000236a4081b20
[0x0000023687b9d1c0] Threads_lock - owner thread: 0x00000236a4036d50
[0x0000023689d9dbc0] Compile_lock - owner thread: 0x00000236a4081b20
[0x0000023689d9d470] MethodCompileQueue_lock - owner thread: 0x00000236a4081b20

Heap address: 0x00000000f0000000, size: 256 MB, Compressed Oops mode: 32-bit

CDS archive(s) mapped at: [0x00000236a5000000-0x00000236a5bd0000-0x00000236a5bd0000), size 12386304, SharedBaseAddress: 0x00000236a5000000, ArchiveRelocationMode: 1.
Compressed class space mapped at: 0x00000236a6000000-0x00000236ad000000, reserved size: 117440512
Narrow klass base: 0x00000236a5000000, Narrow klass shift: 0, Narrow klass range: 0x100000000

GC Precious Log:
 CPUs: 12 total, 12 available
 Memory: 16024M
 Large Page Support: Disabled
 NUMA Support: Disabled
 Compressed Oops: Enabled (32-bit)
 Heap Region Size: 1M
 Heap Min Capacity: 128M
 Heap Initial Capacity: 128M
 Heap Max Capacity: 256M
 Pre-touch: Disabled
 Parallel Workers: 10
 Concurrent Workers: 3
 Concurrent Refinement Workers: 10
 Periodic GC: Disabled

Heap:
 garbage-first heap   total 131072K, used 66491K [0x00000000f0000000, 0x0000000100000000)
  region size 1024K, 58 young (59392K), 6 survivors (6144K)
 Metaspace       used 28690K, committed 29120K, reserved 180224K
  class space    used 3867K, committed 4096K, reserved 114688K

Heap Regions: E=young(eden), S=young(survivor), O=old, HS=humongous(starts), HC=humongous(continues), CS=collection set, F=free, OA=open archive, CA=closed archive, TAMS=top-at-mark-start (previous, next)
|   0|0x00000000f0000000, 0x00000000f0100000, 0x00000000f0100000|100%|HS|  |TAMS 0x00000000f0100000, 0x00000000f0000000| Complete 
|   1|0x00000000f0100000, 0x00000000f0200000, 0x00000000f0200000|100%|HS|  |TAMS 0x00000000f0200000, 0x00000000f0100000| Complete 
|   2|0x00000000f0200000, 0x00000000f0300000, 0x00000000f0300000|100%| O|  |TAMS 0x00000000f0300000, 0x00000000f0200000| Untracked 
|   3|0x00000000f0300000, 0x00000000f0400000, 0x00000000f0400000|100%| O|  |TAMS 0x00000000f0400000, 0x00000000f0300000| Untracked 
|   4|0x00000000f0400000, 0x00000000f0500000, 0x00000000f0500000|100%| O|  |TAMS 0x00000000f0500000, 0x00000000f0400000| Untracked 
|   5|0x00000000f0500000, 0x00000000f0600000, 0x00000000f0600000|100%| O|  |TAMS 0x00000000f0600000, 0x00000000f0500000| Untracked 
|   6|0x00000000f0600000, 0x00000000f0700000, 0x00000000f0700000|100%| O|  |TAMS 0x00000000f0700000, 0x00000000f0600000| Untracked 
|   7|0x00000000f0700000, 0x00000000f0800000, 0x00000000f0800000|100%| O|  |TAMS 0x00000000f0800000, 0x00000000f0700000| Untracked 
|   8|0x00000000f0800000, 0x00000000f087a400, 0x00000000f0900000| 47%| O|  |TAMS 0x00000000f087a400, 0x00000000f0800000| Untracked 
|   9|0x00000000f0900000, 0x00000000f0900000, 0x00000000f0a00000|  0%| F|  |TAMS 0x00000000f0900000, 0x00000000f0900000| Untracked 
|  10|0x00000000f0a00000, 0x00000000f0a00000, 0x00000000f0b00000|  0%| F|  |TAMS 0x00000000f0a00000, 0x00000000f0a00000| Untracked 
|  11|0x00000000f0b00000, 0x00000000f0b00000, 0x00000000f0c00000|  0%| F|  |TAMS 0x00000000f0b00000, 0x00000000f0b00000| Untracked 
|  12|0x00000000f0c00000, 0x00000000f0c00000, 0x00000000f0d00000|  0%| F|  |TAMS 0x00000000f0c00000, 0x00000000f0c00000| Untracked 
|  13|0x00000000f0d00000, 0x00000000f0d00000, 0x00000000f0e00000|  0%| F|  |TAMS 0x00000000f0d00000, 0x00000000f0d00000| Untracked 
|  14|0x00000000f0e00000, 0x00000000f0e00000, 0x00000000f0f00000|  0%| F|  |TAMS 0x00000000f0e00000, 0x00000000f0e00000| Untracked 
|  15|0x00000000f0f00000, 0x00000000f0f00000, 0x00000000f1000000|  0%| F|  |TAMS 0x00000000f0f00000, 0x00000000f0f00000| Untracked 
|  16|0x00000000f1000000, 0x00000000f1000000, 0x00000000f1100000|  0%| F|  |TAMS 0x00000000f1000000, 0x00000000f1000000| Untracked 
|  17|0x00000000f1100000, 0x00000000f1100000, 0x00000000f1200000|  0%| F|  |TAMS 0x00000000f1100000, 0x00000000f1100000| Untracked 
|  18|0x00000000f1200000, 0x00000000f1200000, 0x00000000f1300000|  0%| F|  |TAMS 0x00000000f1200000, 0x00000000f1200000| Untracked 
|  19|0x00000000f1300000, 0x00000000f1300000, 0x00000000f1400000|  0%| F|  |TAMS 0x00000000f1300000, 0x00000000f1300000| Untracked 
|  20|0x00000000f1400000, 0x00000000f1400000, 0x00000000f1500000|  0%| F|  |TAMS 0x00000000f1400000, 0x00000000f1400000| Untracked 
|  21|0x00000000f1500000, 0x00000000f1500000, 0x00000000f1600000|  0%| F|  |TAMS 0x00000000f1500000, 0x00000000f1500000| Untracked 
|  22|0x00000000f1600000, 0x00000000f1600000, 0x00000000f1700000|  0%| F|  |TAMS 0x00000000f1600000, 0x00000000f1600000| Untracked 
|  23|0x00000000f1700000, 0x00000000f1700000, 0x00000000f1800000|  0%| F|  |TAMS 0x00000000f1700000, 0x00000000f1700000| Untracked 
|  24|0x00000000f1800000, 0x00000000f1800000, 0x00000000f1900000|  0%| F|  |TAMS 0x00000000f1800000, 0x00000000f1800000| Untracked 
|  25|0x00000000f1900000, 0x00000000f1900000, 0x00000000f1a00000|  0%| F|  |TAMS 0x00000000f1900000, 0x00000000f1900000| Untracked 
|  26|0x00000000f1a00000, 0x00000000f1a00000, 0x00000000f1b00000|  0%| F|  |TAMS 0x00000000f1a00000, 0x00000000f1a00000| Untracked 
|  27|0x00000000f1b00000, 0x00000000f1b00000, 0x00000000f1c00000|  0%| F|  |TAMS 0x00000000f1b00000, 0x00000000f1b00000| Untracked 
|  28|0x00000000f1c00000, 0x00000000f1c00000, 0x00000000f1d00000|  0%| F|  |TAMS 0x00000000f1c00000, 0x00000000f1c00000| Untracked 
|  29|0x00000000f1d00000, 0x00000000f1d00000, 0x00000000f1e00000|  0%| F|  |TAMS 0x00000000f1d00000, 0x00000000f1d00000| Untracked 
|  30|0x00000000f1e00000, 0x00000000f1e00000, 0x00000000f1f00000|  0%| F|  |TAMS 0x00000000f1e00000, 0x00000000f1e00000| Untracked 
|  31|0x00000000f1f00000, 0x00000000f1f00000, 0x00000000f2000000|  0%| F|  |TAMS 0x00000000f1f00000, 0x00000000f1f00000| Untracked 
|  32|0x00000000f2000000, 0x00000000f2000000, 0x00000000f2100000|  0%| F|  |TAMS 0x00000000f2000000, 0x00000000f2000000| Untracked 
|  33|0x00000000f2100000, 0x00000000f2100000, 0x00000000f2200000|  0%| F|  |TAMS 0x00000000f2100000, 0x00000000f2100000| Untracked 
|  34|0x00000000f2200000, 0x00000000f2200000, 0x00000000f2300000|  0%| F|  |TAMS 0x00000000f2200000, 0x00000000f2200000| Untracked 
|  35|0x00000000f2300000, 0x00000000f2300000, 0x00000000f2400000|  0%| F|  |TAMS 0x00000000f2300000, 0x00000000f2300000| Untracked 
|  36|0x00000000f2400000, 0x00000000f2400000, 0x00000000f2500000|  0%| F|  |TAMS 0x00000000f2400000, 0x00000000f2400000| Untracked 
|  37|0x00000000f2500000, 0x00000000f2500000, 0x00000000f2600000|  0%| F|  |TAMS 0x00000000f2500000, 0x00000000f2500000| Untracked 
|  38|0x00000000f2600000, 0x00000000f2600000, 0x00000000f2700000|  0%| F|  |TAMS 0x00000000f2600000, 0x00000000f2600000| Untracked 
|  39|0x00000000f2700000, 0x00000000f2700000, 0x00000000f2800000|  0%| F|  |TAMS 0x00000000f2700000, 0x00000000f2700000| Untracked 
|  40|0x00000000f2800000, 0x00000000f2800000, 0x00000000f2900000|  0%| F|  |TAMS 0x00000000f2800000, 0x00000000f2800000| Untracked 
|  41|0x00000000f2900000, 0x00000000f2900000, 0x00000000f2a00000|  0%| F|  |TAMS 0x00000000f2900000, 0x00000000f2900000| Untracked 
|  42|0x00000000f2a00000, 0x00000000f2a00000, 0x00000000f2b00000|  0%| F|  |TAMS 0x00000000f2a00000, 0x00000000f2a00000| Untracked 
|  43|0x00000000f2b00000, 0x00000000f2b00000, 0x00000000f2c00000|  0%| F|  |TAMS 0x00000000f2b00000, 0x00000000f2b00000| Untracked 
|  44|0x00000000f2c00000, 0x00000000f2c00000, 0x00000000f2d00000|  0%| F|  |TAMS 0x00000000f2c00000, 0x00000000f2c00000| Untracked 
|  45|0x00000000f2d00000, 0x00000000f2d00000, 0x00000000f2e00000|  0%| F|  |TAMS 0x00000000f2d00000, 0x00000000f2d00000| Untracked 
|  46|0x00000000f2e00000, 0x00000000f2e00000, 0x00000000f2f00000|  0%| F|  |TAMS 0x00000000f2e00000, 0x00000000f2e00000| Untracked 
|  47|0x00000000f2f00000, 0x00000000f2f00000, 0x00000000f3000000|  0%| F|  |TAMS 0x00000000f2f00000, 0x00000000f2f00000| Untracked 
|  48|0x00000000f3000000, 0x00000000f3000000, 0x00000000f3100000|  0%| F|  |TAMS 0x00000000f3000000, 0x00000000f3000000| Untracked 
|  49|0x00000000f3100000, 0x00000000f3100000, 0x00000000f3200000|  0%| F|  |TAMS 0x00000000f3100000, 0x00000000f3100000| Untracked 
|  50|0x00000000f3200000, 0x00000000f3200000, 0x00000000f3300000|  0%| F|  |TAMS 0x00000000f3200000, 0x00000000f3200000| Untracked 
|  51|0x00000000f3300000, 0x00000000f3300000, 0x00000000f3400000|  0%| F|  |TAMS 0x00000000f3300000, 0x00000000f3300000| Untracked 
|  52|0x00000000f3400000, 0x00000000f3400000, 0x00000000f3500000|  0%| F|  |TAMS 0x00000000f3400000, 0x00000000f3400000| Untracked 
|  53|0x00000000f3500000, 0x00000000f3500000, 0x00000000f3600000|  0%| F|  |TAMS 0x00000000f3500000, 0x00000000f3500000| Untracked 
|  54|0x00000000f3600000, 0x00000000f3600000, 0x00000000f3700000|  0%| F|  |TAMS 0x00000000f3600000, 0x00000000f3600000| Untracked 
|  55|0x00000000f3700000, 0x00000000f3700000, 0x00000000f3800000|  0%| F|  |TAMS 0x00000000f3700000, 0x00000000f3700000| Untracked 
|  56|0x00000000f3800000, 0x00000000f3800000, 0x00000000f3900000|  0%| F|  |TAMS 0x00000000f3800000, 0x00000000f3800000| Untracked 
|  57|0x00000000f3900000, 0x00000000f3900000, 0x00000000f3a00000|  0%| F|  |TAMS 0x00000000f3900000, 0x00000000f3900000| Untracked 
|  58|0x00000000f3a00000, 0x00000000f3a00000, 0x00000000f3b00000|  0%| F|  |TAMS 0x00000000f3a00000, 0x00000000f3a00000| Untracked 
|  59|0x00000000f3b00000, 0x00000000f3b00000, 0x00000000f3c00000|  0%| F|  |TAMS 0x00000000f3b00000, 0x00000000f3b00000| Untracked 
|  60|0x00000000f3c00000, 0x00000000f3c00000, 0x00000000f3d00000|  0%| F|  |TAMS 0x00000000f3c00000, 0x00000000f3c00000| Untracked 
|  61|0x00000000f3d00000, 0x00000000f3d00000, 0x00000000f3e00000|  0%| F|  |TAMS 0x00000000f3d00000, 0x00000000f3d00000| Untracked 
|  62|0x00000000f3e00000, 0x00000000f3e00000, 0x00000000f3f00000|  0%| F|  |TAMS 0x00000000f3e00000, 0x00000000f3e00000| Untracked 
|  63|0x00000000f3f00000, 0x00000000f3f00000, 0x00000000f4000000|  0%| F|  |TAMS 0x00000000f3f00000, 0x00000000f3f00000| Untracked 
|  64|0x00000000f4000000, 0x00000000f4000000, 0x00000000f4100000|  0%| F|  |TAMS 0x00000000f4000000, 0x00000000f4000000| Untracked 
|  65|0x00000000f4100000, 0x00000000f4100000, 0x00000000f4200000|  0%| F|  |TAMS 0x00000000f4100000, 0x00000000f4100000| Untracked 
|  66|0x00000000f4200000, 0x00000000f4200000, 0x00000000f4300000|  0%| F|  |TAMS 0x00000000f4200000, 0x00000000f4200000| Untracked 
|  67|0x00000000f4300000, 0x00000000f4300000, 0x00000000f4400000|  0%| F|  |TAMS 0x00000000f4300000, 0x00000000f4300000| Untracked 
|  68|0x00000000f4400000, 0x00000000f4400000, 0x00000000f4500000|  0%| F|  |TAMS 0x00000000f4400000, 0x00000000f4400000| Untracked 
|  69|0x00000000f4500000, 0x00000000f4500000, 0x00000000f4600000|  0%| F|  |TAMS 0x00000000f4500000, 0x00000000f4500000| Untracked 
|  70|0x00000000f4600000, 0x00000000f4680800, 0x00000000f4700000| 50%| E|  |TAMS 0x00000000f4600000, 0x00000000f4600000| Complete 
|  71|0x00000000f4700000, 0x00000000f4800000, 0x00000000f4800000|100%| E|CS|TAMS 0x00000000f4700000, 0x00000000f4700000| Complete 
|  72|0x00000000f4800000, 0x00000000f4900000, 0x00000000f4900000|100%| E|CS|TAMS 0x00000000f4800000, 0x00000000f4800000| Complete 
|  73|0x00000000f4900000, 0x00000000f4a00000, 0x00000000f4a00000|100%| E|CS|TAMS 0x00000000f4900000, 0x00000000f4900000| Complete 
|  74|0x00000000f4a00000, 0x00000000f4a74b40, 0x00000000f4b00000| 45%| S|CS|TAMS 0x00000000f4a00000, 0x00000000f4a00000| Complete 
|  75|0x00000000f4b00000, 0x00000000f4c00000, 0x00000000f4c00000|100%| S|CS|TAMS 0x00000000f4b00000, 0x00000000f4b00000| Complete 
|  76|0x00000000f4c00000, 0x00000000f4d00000, 0x00000000f4d00000|100%| S|CS|TAMS 0x00000000f4c00000, 0x00000000f4c00000| Complete 
|  77|0x00000000f4d00000, 0x00000000f4e00000, 0x00000000f4e00000|100%| S|CS|TAMS 0x00000000f4d00000, 0x00000000f4d00000| Complete 
|  78|0x00000000f4e00000, 0x00000000f4f00000, 0x00000000f4f00000|100%| S|CS|TAMS 0x00000000f4e00000, 0x00000000f4e00000| Complete 
|  79|0x00000000f4f00000, 0x00000000f5000000, 0x00000000f5000000|100%| S|CS|TAMS 0x00000000f4f00000, 0x00000000f4f00000| Complete 
|  80|0x00000000f5000000, 0x00000000f5100000, 0x00000000f5100000|100%| E|CS|TAMS 0x00000000f5000000, 0x00000000f5000000| Complete 
|  81|0x00000000f5100000, 0x00000000f5200000, 0x00000000f5200000|100%| E|CS|TAMS 0x00000000f5100000, 0x00000000f5100000| Complete 
|  82|0x00000000f5200000, 0x00000000f5300000, 0x00000000f5300000|100%| E|CS|TAMS 0x00000000f5200000, 0x00000000f5200000| Complete 
|  83|0x00000000f5300000, 0x00000000f5400000, 0x00000000f5400000|100%| E|CS|TAMS 0x00000000f5300000, 0x00000000f5300000| Complete 
|  84|0x00000000f5400000, 0x00000000f5500000, 0x00000000f5500000|100%| E|CS|TAMS 0x00000000f5400000, 0x00000000f5400000| Complete 
|  85|0x00000000f5500000, 0x00000000f5600000, 0x00000000f5600000|100%| E|CS|TAMS 0x00000000f5500000, 0x00000000f5500000| Complete 
|  86|0x00000000f5600000, 0x00000000f5700000, 0x00000000f5700000|100%| E|CS|TAMS 0x00000000f5600000, 0x00000000f5600000| Complete 
|  87|0x00000000f5700000, 0x00000000f5800000, 0x00000000f5800000|100%| E|CS|TAMS 0x00000000f5700000, 0x00000000f5700000| Complete 
|  88|0x00000000f5800000, 0x00000000f5900000, 0x00000000f5900000|100%| E|CS|TAMS 0x00000000f5800000, 0x00000000f5800000| Complete 
|  89|0x00000000f5900000, 0x00000000f5a00000, 0x00000000f5a00000|100%| E|CS|TAMS 0x00000000f5900000, 0x00000000f5900000| Complete 
|  90|0x00000000f5a00000, 0x00000000f5b00000, 0x00000000f5b00000|100%| E|CS|TAMS 0x00000000f5a00000, 0x00000000f5a00000| Complete 
|  91|0x00000000f5b00000, 0x00000000f5c00000, 0x00000000f5c00000|100%| E|CS|TAMS 0x00000000f5b00000, 0x00000000f5b00000| Complete 
|  92|0x00000000f5c00000, 0x00000000f5d00000, 0x00000000f5d00000|100%| E|CS|TAMS 0x00000000f5c00000, 0x00000000f5c00000| Complete 
|  93|0x00000000f5d00000, 0x00000000f5e00000, 0x00000000f5e00000|100%| E|CS|TAMS 0x00000000f5d00000, 0x00000000f5d00000| Complete 
|  94|0x00000000f5e00000, 0x00000000f5f00000, 0x00000000f5f00000|100%| E|CS|TAMS 0x00000000f5e00000, 0x00000000f5e00000| Complete 
|  95|0x00000000f5f00000, 0x00000000f6000000, 0x00000000f6000000|100%| E|CS|TAMS 0x00000000f5f00000, 0x00000000f5f00000| Complete 
|  96|0x00000000f6000000, 0x00000000f6100000, 0x00000000f6100000|100%| E|CS|TAMS 0x00000000f6000000, 0x00000000f6000000| Complete 
|  97|0x00000000f6100000, 0x00000000f6200000, 0x00000000f6200000|100%| E|CS|TAMS 0x00000000f6100000, 0x00000000f6100000| Complete 
|  98|0x00000000f6200000, 0x00000000f6300000, 0x00000000f6300000|100%| E|CS|TAMS 0x00000000f6200000, 0x00000000f6200000| Complete 
|  99|0x00000000f6300000, 0x00000000f6400000, 0x00000000f6400000|100%| E|CS|TAMS 0x00000000f6300000, 0x00000000f6300000| Complete 
| 100|0x00000000f6400000, 0x00000000f6500000, 0x00000000f6500000|100%| E|CS|TAMS 0x00000000f6400000, 0x00000000f6400000| Complete 
| 101|0x00000000f6500000, 0x00000000f6600000, 0x00000000f6600000|100%| E|CS|TAMS 0x00000000f6500000, 0x00000000f6500000| Complete 
| 102|0x00000000f6600000, 0x00000000f6700000, 0x00000000f6700000|100%| E|CS|TAMS 0x00000000f6600000, 0x00000000f6600000| Complete 
| 103|0x00000000f6700000, 0x00000000f6800000, 0x00000000f6800000|100%| E|CS|TAMS 0x00000000f6700000, 0x00000000f6700000| Complete 
| 104|0x00000000f6800000, 0x00000000f6900000, 0x00000000f6900000|100%| E|CS|TAMS 0x00000000f6800000, 0x00000000f6800000| Complete 
| 105|0x00000000f6900000, 0x00000000f6a00000, 0x00000000f6a00000|100%| E|CS|TAMS 0x00000000f6900000, 0x00000000f6900000| Complete 
| 106|0x00000000f6a00000, 0x00000000f6b00000, 0x00000000f6b00000|100%| E|CS|TAMS 0x00000000f6a00000, 0x00000000f6a00000| Complete 
| 107|0x00000000f6b00000, 0x00000000f6c00000, 0x00000000f6c00000|100%| E|CS|TAMS 0x00000000f6b00000, 0x00000000f6b00000| Complete 
| 108|0x00000000f6c00000, 0x00000000f6d00000, 0x00000000f6d00000|100%| E|CS|TAMS 0x00000000f6c00000, 0x00000000f6c00000| Complete 
| 109|0x00000000f6d00000, 0x00000000f6e00000, 0x00000000f6e00000|100%| E|CS|TAMS 0x00000000f6d00000, 0x00000000f6d00000| Complete 
| 110|0x00000000f6e00000, 0x00000000f6f00000, 0x00000000f6f00000|100%| E|CS|TAMS 0x00000000f6e00000, 0x00000000f6e00000| Complete 
| 111|0x00000000f6f00000, 0x00000000f7000000, 0x00000000f7000000|100%| E|CS|TAMS 0x00000000f6f00000, 0x00000000f6f00000| Complete 
| 112|0x00000000f7000000, 0x00000000f7100000, 0x00000000f7100000|100%| E|CS|TAMS 0x00000000f7000000, 0x00000000f7000000| Complete 
| 113|0x00000000f7100000, 0x00000000f7200000, 0x00000000f7200000|100%| E|CS|TAMS 0x00000000f7100000, 0x00000000f7100000| Complete 
| 114|0x00000000f7200000, 0x00000000f7300000, 0x00000000f7300000|100%| E|CS|TAMS 0x00000000f7200000, 0x00000000f7200000| Complete 
| 115|0x00000000f7300000, 0x00000000f7400000, 0x00000000f7400000|100%| E|CS|TAMS 0x00000000f7300000, 0x00000000f7300000| Complete 
| 116|0x00000000f7400000, 0x00000000f7500000, 0x00000000f7500000|100%| E|CS|TAMS 0x00000000f7400000, 0x00000000f7400000| Complete 
| 117|0x00000000f7500000, 0x00000000f7600000, 0x00000000f7600000|100%| E|CS|TAMS 0x00000000f7500000, 0x00000000f7500000| Complete 
| 118|0x00000000f7600000, 0x00000000f7700000, 0x00000000f7700000|100%| E|CS|TAMS 0x00000000f7600000, 0x00000000f7600000| Complete 
| 119|0x00000000f7700000, 0x00000000f7800000, 0x00000000f7800000|100%| E|CS|TAMS 0x00000000f7700000, 0x00000000f7700000| Complete 
| 120|0x00000000f7800000, 0x00000000f7900000, 0x00000000f7900000|100%| E|CS|TAMS 0x00000000f7800000, 0x00000000f7800000| Complete 
| 121|0x00000000f7900000, 0x00000000f7a00000, 0x00000000f7a00000|100%| E|CS|TAMS 0x00000000f7900000, 0x00000000f7900000| Complete 
| 122|0x00000000f7a00000, 0x00000000f7b00000, 0x00000000f7b00000|100%| E|CS|TAMS 0x00000000f7a00000, 0x00000000f7a00000| Complete 
| 123|0x00000000f7b00000, 0x00000000f7c00000, 0x00000000f7c00000|100%| E|CS|TAMS 0x00000000f7b00000, 0x00000000f7b00000| Complete 
| 124|0x00000000f7c00000, 0x00000000f7d00000, 0x00000000f7d00000|100%| E|CS|TAMS 0x00000000f7c00000, 0x00000000f7c00000| Complete 
| 125|0x00000000f7d00000, 0x00000000f7e00000, 0x00000000f7e00000|100%| E|CS|TAMS 0x00000000f7d00000, 0x00000000f7d00000| Complete 
| 126|0x00000000f7e00000, 0x00000000f7f00000, 0x00000000f7f00000|100%| E|CS|TAMS 0x00000000f7e00000, 0x00000000f7e00000| Complete 
| 127|0x00000000f7f00000, 0x00000000f8000000, 0x00000000f8000000|100%| E|CS|TAMS 0x00000000f7f00000, 0x00000000f7f00000| Complete 

Card table byte_map: [0x0000023689ca0000,0x0000023689d20000] _byte_map_base: 0x0000023689520000

Marking Bits (Prev, Next): (CMBitMap*) 0x0000023689dcb1e0, (CMBitMap*) 0x0000023689dcb1a0
 Prev Bits: [0x00000236a1030000, 0x00000236a1430000)
 Next Bits: [0x00000236a0c30000, 0x00000236a1030000)

Polling page: 0x0000023687a80000

Metaspace:

Usage:
  Non-class:     24.24 MB used.
      Class:      3.78 MB used.
       Both:     28.02 MB used.

Virtual space:
  Non-class space:       64.00 MB reserved,      24.44 MB ( 38%) committed,  1 nodes.
      Class space:      112.00 MB reserved,       4.00 MB (  4%) committed,  1 nodes.
             Both:      176.00 MB reserved,      28.44 MB ( 16%) committed. 

Chunk freelists:
   Non-Class:  7.41 MB
       Class:  12.04 MB
        Both:  19.45 MB

MaxMetaspaceSize: 128.00 MB
CompressedClassSpaceSize: 112.00 MB
Initial GC threshold: 21.00 MB
Current GC threshold: 35.25 MB
CDS: on
MetaspaceReclaimPolicy: balanced
 - commit_granule_bytes: 65536.
 - commit_granule_words: 8192.
 - virtual_space_node_default_size: 8388608.
 - enlarge_chunks_in_place: 1.
 - new_chunks_are_fully_committed: 0.
 - uncommit_free_chunks: 1.
 - use_allocation_guard: 0.
 - handle_deallocations: 1.


Internal statistics:

num_allocs_failed_limit: 3.
num_arena_births: 440.
num_arena_deaths: 0.
num_vsnodes_births: 2.
num_vsnodes_deaths: 0.
num_space_committed: 455.
num_space_uncommitted: 0.
num_chunks_returned_to_freelist: 3.
num_chunks_taken_from_freelist: 1475.
num_chunk_merges: 3.
num_chunk_splits: 1025.
num_chunks_enlarged: 781.
num_inconsistent_stats: 0.

CodeHeap 'non-profiled nmethods': size=120000Kb used=1971Kb max_used=1971Kb free=118028Kb
 bounds [0x0000023699130000, 0x00000236993a0000, 0x00000236a0660000]
CodeHeap 'profiled nmethods': size=120000Kb used=6972Kb max_used=6972Kb free=113027Kb
 bounds [0x0000023691660000, 0x0000023691d30000, 0x0000023698b90000]
CodeHeap 'non-nmethods': size=5760Kb used=1223Kb max_used=1271Kb free=4536Kb
 bounds [0x0000023698b90000, 0x0000023698e00000, 0x0000023699130000]
 total_blobs=3917 nmethods=3390 adapters=439
 compilation: enabled
              stopped_count=0, restarted_count=0
 full_count=0

Compilation events (20 events):
Event: 3.179 Thread 0x00000236a4081b20 3359       3       sun.nio.fs.WindowsPathParser$Result::<init> (20 bytes)
Event: 3.179 Thread 0x00000236a4081b20 nmethod 3359 0x0000023691d28510 code [0x0000023691d286c0, 0x0000023691d28938]
Event: 3.179 Thread 0x00000236a4081b20 3361       1       java.nio.file.FileTreeWalker$Event::ioeException (5 bytes)
Event: 3.179 Thread 0x00000236a4081b20 nmethod 3361 0x0000023699317390 code [0x0000023699317520, 0x00000236993175f8]
Event: 3.179 Thread 0x00000236a4081b20 3363       1       java.nio.file.FileTreeWalker$DirectoryNode::skipped (5 bytes)
Event: 3.179 Thread 0x00000236a4081b20 nmethod 3363 0x0000023699317690 code [0x0000023699317820, 0x00000236993178f8]
Event: 3.179 Thread 0x00000236a4081b20 3364       1       java.nio.file.FileTreeWalker$DirectoryNode::iterator (5 bytes)
Event: 3.179 Thread 0x00000236a4081b20 nmethod 3364 0x0000023699317990 code [0x0000023699317b20, 0x0000023699317bf8]
Event: 3.179 Thread 0x00000236a4081b20 3365       1       java.nio.file.FileTreeWalker$Event::type (5 bytes)
Event: 3.179 Thread 0x00000236a4081b20 nmethod 3365 0x0000023699317c90 code [0x0000023699317e20, 0x0000023699317ef8]
Event: 3.179 Thread 0x00000236a4081b20 3366       1       org.springframework.core.io.support.PathMatchingResourcePatternResolver::getPathMatcher (5 bytes)
Event: 3.179 Thread 0x00000236a4081b20 nmethod 3366 0x0000023699317f90 code [0x0000023699318120, 0x00000236993181f8]
Event: 3.179 Thread 0x00000236a4081b20 3367       1       java.nio.file.FileTreeWalker$Event::file (5 bytes)
Event: 3.179 Thread 0x00000236a4081b20 nmethod 3367 0x0000023699318290 code [0x0000023699318420, 0x00000236993184f8]
Event: 3.179 Thread 0x00000236a4081b20 3369       1       java.nio.file.Files$AcceptAllFilter::accept (2 bytes)
Event: 3.179 Thread 0x00000236a4081b20 nmethod 3369 0x0000023699318590 code [0x0000023699318720, 0x00000236993187f8]
Event: 3.181 Thread 0x00000236a4081b20 3372       3       java.nio.ByteBuffer::array (35 bytes)
Event: 3.181 Thread 0x00000236a4081b20 nmethod 3372 0x0000023691d28a10 code [0x0000023691d28be0, 0x0000023691d28eb8]
Event: 3.184 Thread 0x00000236a4081b20 3373       1       org.springframework.core.type.filter.AbstractTypeHierarchyTraversingFilter::matchClassName (2 bytes)
Event: 3.184 Thread 0x00000236a4081b20 nmethod 3373 0x0000023699318890 code [0x0000023699318a20, 0x0000023699318af8]

GC Heap History (6 events):
Event: 0.388 GC heap before
{Heap before GC invocations=0 (full 0):
 garbage-first heap   total 131072K, used 24576K [0x00000000f0000000, 0x0000000100000000)
  region size 1024K, 23 young (23552K), 0 survivors (0K)
 Metaspace       used 5165K, committed 5312K, reserved 180224K
  class space    used 638K, committed 704K, reserved 114688K
}
Event: 0.391 GC heap after
{Heap after GC invocations=1 (full 0):
 garbage-first heap   total 131072K, used 8760K [0x00000000f0000000, 0x0000000100000000)
  region size 1024K, 3 young (3072K), 3 survivors (3072K)
 Metaspace       used 5165K, committed 5312K, reserved 180224K
  class space    used 638K, committed 704K, reserved 114688K
}
Event: 0.943 GC heap before
{Heap before GC invocations=1 (full 0):
 garbage-first heap   total 131072K, used 37432K [0x00000000f0000000, 0x0000000100000000)
  region size 1024K, 31 young (31744K), 3 survivors (3072K)
 Metaspace       used 11835K, committed 12032K, reserved 180224K
  class space    used 1564K, committed 1664K, reserved 114688K
}
Event: 0.946 GC heap after
{Heap after GC invocations=2 (full 0):
 garbage-first heap   total 131072K, used 11023K [0x00000000f0000000, 0x0000000100000000)
  region size 1024K, 3 young (3072K), 3 survivors (3072K)
 Metaspace       used 11835K, committed 12032K, reserved 180224K
  class space    used 1564K, committed 1664K, reserved 114688K
}
Event: 1.485 GC heap before
{Heap before GC invocations=2 (full 0):
 garbage-first heap   total 131072K, used 55055K [0x00000000f0000000, 0x0000000100000000)
  region size 1024K, 48 young (49152K), 3 survivors (3072K)
 Metaspace       used 21190K, committed 21504K, reserved 180224K
  class space    used 2893K, committed 3072K, reserved 114688K
}
Event: 1.489 GC heap after
{Heap after GC invocations=3 (full 0):
 garbage-first heap   total 131072K, used 14267K [0x00000000f0000000, 0x0000000100000000)
  region size 1024K, 6 young (6144K), 6 survivors (6144K)
 Metaspace       used 21190K, committed 21504K, reserved 180224K
  class space    used 2893K, committed 3072K, reserved 114688K
}

Deoptimization events (20 events):
Event: 3.145 Thread 0x0000023689d9ecb0 DEOPT PACKING pc=0x00000236917bd8a3 sp=0x000000b1459fa890
Event: 3.145 Thread 0x0000023689d9ecb0 DEOPT UNPACKING pc=0x0000023698be2b43 sp=0x000000b1459f9d00 mode 0
Event: 3.152 Thread 0x0000023689d9ecb0 Uncommon trap: trap_request=0xffffff45 fr.pc=0x00000236992b63f4 relative=0x0000000000000774
Event: 3.152 Thread 0x0000023689d9ecb0 Uncommon trap: reason=unstable_if action=reinterpret pc=0x00000236992b63f4 method=java.util.Properties.load0(Ljava/util/Properties$LineReader;)V @ 160 c2
Event: 3.152 Thread 0x0000023689d9ecb0 DEOPT PACKING pc=0x00000236992b63f4 sp=0x000000b1459fbc20
Event: 3.152 Thread 0x0000023689d9ecb0 DEOPT UNPACKING pc=0x0000023698be23a3 sp=0x000000b1459fbbc8 mode 2
Event: 3.154 Thread 0x0000023689d9ecb0 Uncommon trap: trap_request=0xffffff45 fr.pc=0x000002369913fc94 relative=0x0000000000000994
Event: 3.154 Thread 0x0000023689d9ecb0 Uncommon trap: reason=unstable_if action=reinterpret pc=0x000002369913fc94 method=java.util.Properties$LineReader.readLine()I @ 249 c2
Event: 3.154 Thread 0x0000023689d9ecb0 DEOPT PACKING pc=0x000002369913fc94 sp=0x000000b1459fbb90
Event: 3.154 Thread 0x0000023689d9ecb0 DEOPT UNPACKING pc=0x0000023698be23a3 sp=0x000000b1459fbb20 mode 2
Event: 3.156 Thread 0x0000023689d9ecb0 DEOPT PACKING pc=0x0000023691d17431 sp=0x000000b1459fbc10
Event: 3.156 Thread 0x0000023689d9ecb0 DEOPT UNPACKING pc=0x0000023698be2b43 sp=0x000000b1459fb0c8 mode 0
Event: 3.165 Thread 0x0000023689d9ecb0 Uncommon trap: trap_request=0xffffff45 fr.pc=0x00000236992eeed8 relative=0x00000000000005f8
Event: 3.165 Thread 0x0000023689d9ecb0 Uncommon trap: reason=unstable_if action=reinterpret pc=0x00000236992eeed8 method=org.springframework.beans.factory.support.AbstractBeanFactory.getMergedLocalBeanDefinition(Ljava/lang/String;)Lorg/springframework/beans/factory/support/RootBeanDefinition; 
Event: 3.165 Thread 0x0000023689d9ecb0 DEOPT PACKING pc=0x00000236992eeed8 sp=0x000000b1459fb930
Event: 3.165 Thread 0x0000023689d9ecb0 DEOPT UNPACKING pc=0x0000023698be23a3 sp=0x000000b1459fb8e8 mode 2
Event: 3.171 Thread 0x0000023689d9ecb0 Uncommon trap: trap_request=0xffffffcc fr.pc=0x00000236993123d8 relative=0x0000000000000338
Event: 3.171 Thread 0x0000023689d9ecb0 Uncommon trap: reason=intrinsic_or_type_checked_inlining action=make_not_entrant pc=0x00000236993123d8 method=java.util.Arrays.copyOf([Ljava/lang/Object;ILjava/lang/Class;)[Ljava/lang/Object; @ 35 c2
Event: 3.171 Thread 0x0000023689d9ecb0 DEOPT PACKING pc=0x00000236993123d8 sp=0x000000b1459fab60
Event: 3.171 Thread 0x0000023689d9ecb0 DEOPT UNPACKING pc=0x0000023698be23a3 sp=0x000000b1459faaf0 mode 2

Classes unloaded (0 events):
No events

Classes redefined (0 events):
No events

Internal exceptions (20 events):
Event: 1.070 Thread 0x0000023689d9ecb0 Exception <a 'java/lang/NoSuchMethodError'{0x00000000f78f7578}: 'java.lang.Object java.lang.invoke.Invokers$Holder.linkToTargetMethod(java.lang.Object, java.lang.Object, int, java.lang.Object, java.lang.Object)'> (0x00000000f78f7578) 
thrown [s\open\src\hotspot\share\interpreter\linkResolver.cpp, line 759]
Event: 1.070 Thread 0x0000023689d9ecb0 Exception <a 'java/lang/NoSuchMethodError'{0x00000000f7708338}: 'java.lang.Object java.lang.invoke.DirectMethodHandle$Holder.newInvokeSpecial(java.lang.Object, int, java.lang.Object)'> (0x00000000f7708338) 
thrown [s\open\src\hotspot\share\interpreter\linkResolver.cpp, line 759]
Event: 1.111 Thread 0x0000023689d9ecb0 Exception <a 'java/lang/NoSuchMethodError'{0x00000000f7540b38}: 'java.lang.Object java.lang.invoke.DirectMethodHandle$Holder.newInvokeSpecial(java.lang.Object, long)'> (0x00000000f7540b38) 
thrown [s\open\src\hotspot\share\interpreter\linkResolver.cpp, line 759]
Event: 1.122 Thread 0x0000023689d9ecb0 Exception <a 'java/lang/NoSuchMethodError'{0x00000000f75f8068}: 'java.lang.Object java.lang.invoke.DirectMethodHandle$Holder.invokeSpecial(java.lang.Object, java.lang.Object, long, java.lang.Object, java.lang.Object, java.lang.Object, java.lang.Object, java.lang.Object, java.lang.Object)'> (0x00000000f75f8068) 
thrown [s\open\src\hotspot\share\interpreter\linkResolver.cpp, line 759]
Event: 1.123 Thread 0x0000023689d9ecb0 Exception <a 'java/lang/NoSuchMethodError'{0x00000000f75fd0e0}: 'java.lang.Object java.lang.invoke.DelegatingMethodHandle$Holder.reinvoke_L(java.lang.Object, long, java.lang.Object, java.lang.Object, java.lang.Object, java.lang.Object, java.lang.Object, java.lang.Object)'> (0x00000000f75fd0e0) 
thrown [s\open\src\hotspot\share\interpreter\linkResolver.cpp, line 759]
Event: 1.166 Thread 0x0000023689d9ecb0 Exception <a 'java/lang/NoSuchMethodError'{0x00000000f7211818}: 'java.lang.Object java.lang.invoke.DirectMethodHandle$Holder.invokeSpecial(java.lang.Object, java.lang.Object, java.lang.Object, java.lang.Object, java.lang.Object, java.lang.Object, java.lang.Object, java.lang.Object, java.lang.Object)'> (0x00000000f7211818) 
thrown [s\open\src\hotspot\share\interpreter\linkResolver.cpp, line 759]
Event: 1.166 Thread 0x0000023689d9ecb0 Exception <a 'java/lang/NoSuchMethodError'{0x00000000f7216938}: 'java.lang.Object java.lang.invoke.Invokers$Holder.invoke_MT(java.lang.Object, java.lang.Object, java.lang.Object, java.lang.Object, java.lang.Object, java.lang.Object, java.lang.Object, java.lang.Object, java.lang.Object)'> (0x00000000f7216938) 
thrown [s\open\src\hotspot\share\interpreter\linkResolver.cpp, line 759]
Event: 1.169 Thread 0x0000023689d9ecb0 Implicit null exception at 0x000002369922129a to 0x000002369922177c
Event: 1.177 Thread 0x0000023689d9ecb0 Exception <a 'java/lang/IncompatibleClassChangeError'{0x00000000f7121050}: Found class java.lang.Object, but interface was expected> (0x00000000f7121050) 
thrown [s\open\src\hotspot\share\interpreter\linkResolver.cpp, line 826]
Event: 1.193 Thread 0x00000236b1ffbe10 Exception <a 'java/lang/NoSuchMethodError'{0x00000000f7066688}: 'java.lang.Object java.lang.invoke.Invokers$Holder.invoke_MT(java.lang.Object, java.lang.Object, java.lang.Object)'> (0x00000000f7066688) 
thrown [s\open\src\hotspot\share\interpreter\linkResolver.cpp, line 759]
Event: 1.345 Thread 0x0000023689d9ecb0 Exception <a 'sun/nio/fs/WindowsException'{0x00000000f61f1c68}> (0x00000000f61f1c68) 
thrown [s\open\src\hotspot\share\prims\jni.cpp, line 516]
Event: 1.346 Thread 0x0000023689d9ecb0 Exception <a 'sun/nio/fs/WindowsException'{0x00000000f61fb868}> (0x00000000f61fb868) 
thrown [s\open\src\hotspot\share\prims\jni.cpp, line 516]
Event: 1.662 Thread 0x00000236b1ffbe10 Exception <a 'java/lang/NoSuchMethodError'{0x00000000f6a90d50}: 'long java.lang.invoke.DirectMethodHandle$Holder.invokeSpecial(java.lang.Object, java.lang.Object)'> (0x00000000f6a90d50) 
thrown [s\open\src\hotspot\share\interpreter\linkResolver.cpp, line 759]
Event: 1.663 Thread 0x00000236b1ffbe10 Exception <a 'java/lang/NoSuchMethodError'{0x00000000f6a9b978}: 'long java.lang.invoke.DirectMethodHandle$Holder.invokeStatic(java.lang.Object, java.lang.Object)'> (0x00000000f6a9b978) 
thrown [s\open\src\hotspot\share\interpreter\linkResolver.cpp, line 759]
Event: 1.664 Thread 0x00000236b1ffbe10 Exception <a 'java/lang/NoSuchMethodError'{0x00000000f6a9ecd0}: 'long java.lang.invoke.DirectMethodHandle$Holder.invokeStaticInit(java.lang.Object, java.lang.Object)'> (0x00000000f6a9ecd0) 
thrown [s\open\src\hotspot\share\interpreter\linkResolver.cpp, line 759]
Event: 1.666 Thread 0x00000236b1ffbe10 Exception <a 'java/lang/NoSuchMethodError'{0x00000000f6aac5d8}: 'long java.lang.invoke.DirectMethodHandle$Holder.invokeInterface(java.lang.Object, java.lang.Object)'> (0x00000000f6aac5d8) 
thrown [s\open\src\hotspot\share\interpreter\linkResolver.cpp, line 759]
Event: 1.666 Thread 0x00000236b1ffbe10 Exception <a 'java/lang/IncompatibleClassChangeError'{0x00000000f6aaf8c0}: Found class java.lang.Object, but interface was expected> (0x00000000f6aaf8c0) 
thrown [s\open\src\hotspot\share\interpreter\linkResolver.cpp, line 826]
Event: 1.670 Thread 0x00000236b1ffbe10 Exception <a 'java/lang/NoSuchMethodError'{0x00000000f6ac8628}: 'java.lang.Object java.lang.invoke.DirectMethodHandle$Holder.invokeVirtual(java.lang.Object, java.lang.Object, java.lang.Object, java.lang.Object)'> (0x00000000f6ac8628) 
thrown [s\open\src\hotspot\share\interpreter\linkResolver.cpp, line 759]
Event: 3.175 Thread 0x0000023689d9ecb0 Exception <a 'sun/nio/fs/WindowsException'{0x00000000f4890e38}> (0x00000000f4890e38) 
thrown [s\open\src\hotspot\share\prims\jni.cpp, line 516]
Event: 3.175 Thread 0x0000023689d9ecb0 Exception <a 'sun/nio/fs/WindowsException'{0x00000000f4893bd0}> (0x00000000f4893bd0) 
thrown [s\open\src\hotspot\share\prims\jni.cpp, line 516]

VM Operations (20 events):
Event: 1.704 Executing VM operation: HandshakeAllThreads
Event: 1.704 Executing VM operation: HandshakeAllThreads done
Event: 1.721 Executing VM operation: HandshakeAllThreads
Event: 1.721 Executing VM operation: HandshakeAllThreads done
Event: 1.736 Executing VM operation: ICBufferFull
Event: 1.736 Executing VM operation: ICBufferFull done
Event: 1.929 Executing VM operation: ICBufferFull
Event: 1.929 Executing VM operation: ICBufferFull done
Event: 2.933 Executing VM operation: Cleanup
Event: 2.934 Executing VM operation: Cleanup done
Event: 3.163 Executing VM operation: HandshakeAllThreads
Event: 3.163 Executing VM operation: HandshakeAllThreads done
Event: 3.163 Executing VM operation: HandshakeAllThreads
Event: 3.163 Executing VM operation: HandshakeAllThreads done
Event: 3.169 Executing VM operation: HandshakeAllThreads
Event: 3.169 Executing VM operation: HandshakeAllThreads done
Event: 3.170 Executing VM operation: HandshakeAllThreads
Event: 3.170 Executing VM operation: HandshakeAllThreads done
Event: 4.176 Executing VM operation: Cleanup
Event: 4.176 Executing VM operation: Cleanup done

Events (20 events):
Event: 1.733 loading class javax/security/auth/login/FailedLoginException done
Event: 1.733 loading class javax/security/auth/callback/CallbackHandler
Event: 1.733 loading class javax/security/auth/callback/CallbackHandler done
Event: 1.733 loading class javax/security/auth/Subject
Event: 1.734 loading class javax/security/auth/Subject done
Event: 1.735 loading class sun/security/provider/certpath/ldap/JdkLDAP
Event: 1.735 loading class sun/security/provider/certpath/ldap/JdkLDAP done
Event: 1.735 loading class sun/security/provider/certpath/ldap/JdkLDAP$ProviderService
Event: 1.736 loading class sun/security/provider/certpath/ldap/JdkLDAP$ProviderService done
Event: 1.736 loading class com/sun/security/sasl/Provider
Event: 1.736 loading class com/sun/security/sasl/Provider done
Event: 1.736 loading class com/sun/security/sasl/Provider$1
Event: 1.736 loading class com/sun/security/sasl/Provider$1 done
Event: 1.736 loading class com/sun/security/sasl/Provider$ProviderService
Event: 1.736 loading class com/sun/security/sasl/Provider$ProviderService done
Event: 1.739 Thread 0x00000236b1ffbe10 Thread exited: 0x00000236b1ffbe10
Event: 2.071 loading class java/lang/UnsupportedClassVersionError
Event: 2.071 loading class java/lang/ClassFormatError
Event: 2.071 loading class java/lang/ClassFormatError done
Event: 2.071 loading class java/lang/UnsupportedClassVersionError done


Dynamic libraries:
0x00007ff73d5f0000 - 0x00007ff73d600000 	C:\Program Files\Java\jdk-17\bin\java.exe
0x00007ffbf4580000 - 0x00007ffbf47e6000 	C:\WINDOWS\SYSTEM32\ntdll.dll
0x00007ffbf2e00000 - 0x00007ffbf2ec9000 	C:\WINDOWS\System32\KERNEL32.DLL
0x00007ffbf1a20000 - 0x00007ffbf1e1a000 	C:\WINDOWS\System32\KERNELBASE.dll
0x00007ffbf1810000 - 0x00007ffbf195c000 	C:\WINDOWS\System32\ucrtbase.dll
0x00007ffbe8000000 - 0x00007ffbe801b000 	C:\Program Files\Java\jdk-17\bin\VCRUNTIME140.dll
0x00007ffbe74e0000 - 0x00007ffbe74f9000 	C:\Program Files\Java\jdk-17\bin\jli.dll
0x00007ffbf22f0000 - 0x00007ffbf23a6000 	C:\WINDOWS\System32\ADVAPI32.dll
0x00007ffbf24b0000 - 0x00007ffbf2559000 	C:\WINDOWS\System32\msvcrt.dll
0x00007ffbf2be0000 - 0x00007ffbf2c8a000 	C:\WINDOWS\System32\sechost.dll
0x00007ffbf28b0000 - 0x00007ffbf29c8000 	C:\WINDOWS\System32\RPCRT4.dll
0x00007ffbf2570000 - 0x00007ffbf2737000 	C:\WINDOWS\System32\USER32.dll
0x00007ffbf1fe0000 - 0x00007ffbf2007000 	C:\WINDOWS\System32\win32u.dll
0x00007ffbcca50000 - 0x00007ffbccce2000 	C:\WINDOWS\WinSxS\amd64_microsoft.windows.common-controls_6595b64144ccf1df_6.0.26100.8521_none_3e08b75ce33403b3\COMCTL32.dll
0x00007ffbf3640000 - 0x00007ffbf366b000 	C:\WINDOWS\System32\GDI32.dll
0x00007ffbf1eb0000 - 0x00007ffbf1fdb000 	C:\WINDOWS\System32\gdi32full.dll
0x00007ffbf2010000 - 0x00007ffbf20b3000 	C:\WINDOWS\System32\msvcp_win.dll
0x00007ffbe67f0000 - 0x00007ffbe67fb000 	C:\WINDOWS\SYSTEM32\VERSION.dll
0x00007ffbf2dc0000 - 0x00007ffbf2df2000 	C:\WINDOWS\System32\IMM32.DLL
0x00007ffbe9b80000 - 0x00007ffbe9b8c000 	C:\Program Files\Java\jdk-17\bin\vcruntime140_1.dll
0x00007ffbd88f0000 - 0x00007ffbd897e000 	C:\Program Files\Java\jdk-17\bin\msvcp140.dll
0x00007ffb4e810000 - 0x00007ffb4f3f0000 	C:\Program Files\Java\jdk-17\bin\server\jvm.dll
0x00007ffbf2560000 - 0x00007ffbf2568000 	C:\WINDOWS\System32\PSAPI.DLL
0x00007ffb22010000 - 0x00007ffb2201a000 	C:\WINDOWS\SYSTEM32\WSOCK32.dll
0x00007ffbdd260000 - 0x00007ffbdd296000 	C:\WINDOWS\SYSTEM32\WINMM.dll
0x00007ffbf3770000 - 0x00007ffbf37f0000 	C:\WINDOWS\System32\WS2_32.dll
0x00007ffbf05a0000 - 0x00007ffbf05bb000 	C:\WINDOWS\SYSTEM32\kernel.appcore.dll
0x00007ffbe7bb0000 - 0x00007ffbe7bba000 	C:\Program Files\Java\jdk-17\bin\jimage.dll
0x00007ffbeecf0000 - 0x00007ffbeef32000 	C:\WINDOWS\SYSTEM32\DBGHELP.DLL
0x00007ffbf3f90000 - 0x00007ffbf4313000 	C:\WINDOWS\System32\combase.dll
0x00007ffbf3380000 - 0x00007ffbf3459000 	C:\WINDOWS\System32\OLEAUT32.dll
0x00007ffbc90d0000 - 0x00007ffbc910b000 	C:\WINDOWS\SYSTEM32\dbgcore.DLL
0x00007ffbf2240000 - 0x00007ffbf22e8000 	C:\WINDOWS\System32\bcryptPrimitives.dll
0x00007ffbe72f0000 - 0x00007ffbe7315000 	C:\Program Files\Java\jdk-17\bin\java.dll
0x00007ffbafa80000 - 0x00007ffbafb57000 	C:\Program Files\Java\jdk-17\bin\jsvml.dll
0x00007ffbf3800000 - 0x00007ffbf3f84000 	C:\WINDOWS\System32\SHELL32.dll
0x00007ffbef3a0000 - 0x00007ffbefc20000 	C:\WINDOWS\SYSTEM32\windows.storage.dll
0x00007ffbf23b0000 - 0x00007ffbf24a6000 	C:\WINDOWS\System32\SHCORE.dll
0x00007ffbf2c90000 - 0x00007ffbf2cf7000 	C:\WINDOWS\System32\shlwapi.dll
0x00007ffbf1730000 - 0x00007ffbf1759000 	C:\WINDOWS\SYSTEM32\profapi.dll
0x00007ffbe74c0000 - 0x00007ffbe74d9000 	C:\Program Files\Java\jdk-17\bin\net.dll
0x00007ffbe8df0000 - 0x00007ffbe8f19000 	C:\WINDOWS\SYSTEM32\WINHTTP.dll
0x00007ffbf0b70000 - 0x00007ffbf0bdc000 	C:\WINDOWS\system32\mswsock.dll
0x00007ffbe63b0000 - 0x00007ffbe63c6000 	C:\Program Files\Java\jdk-17\bin\nio.dll
0x00007ffbe6390000 - 0x00007ffbe63a8000 	C:\Program Files\Java\jdk-17\bin\zip.dll
0x00007ffbe71e0000 - 0x00007ffbe71ea000 	C:\Program Files\Java\jdk-17\bin\management.dll
0x00007ffbe6380000 - 0x00007ffbe638b000 	C:\Program Files\Java\jdk-17\bin\management_ext.dll
0x00007ffbe6370000 - 0x00007ffbe637e000 	C:\Program Files\Java\jdk-17\bin\sunmscapi.dll
0x00007ffbf20c0000 - 0x00007ffbf2238000 	C:\WINDOWS\System32\CRYPT32.dll
0x00007ffbf1130000 - 0x00007ffbf1160000 	C:\WINDOWS\SYSTEM32\ncrypt.dll
0x00007ffbf10e0000 - 0x00007ffbf111f000 	C:\WINDOWS\SYSTEM32\NTASN1.dll

dbghelp: loaded successfully - version: 4.0.5 - missing functions: none
symbol engine: initialized successfully - sym options: 0x614 - pdb path: .;C:\Program Files\Java\jdk-17\bin;C:\WINDOWS\SYSTEM32;C:\WINDOWS\WinSxS\amd64_microsoft.windows.common-controls_6595b64144ccf1df_6.0.26100.8521_none_3e08b75ce33403b3;C:\Program Files\Java\jdk-17\bin\server

VM Arguments:
jvm_args: -Xms128m -Xmx256m -XX:MaxMetaspaceSize=128m 
java_command: C:\Users\K.Dharunika\AppData\Local\Temp\surefire3240713185520732151\surefirebooter-20260708103506818_3.jar C:\Users\K.Dharunika\AppData\Local\Temp\surefire3240713185520732151 2026-07-08T10-35-06_695-jvmRun1 surefire-20260708103506818_1tmp surefire_0-20260708103506818_2tmp
java_class_path (initial): C:\Users\K.Dharunika\AppData\Local\Temp\surefire3240713185520732151\surefirebooter-20260708103506818_3.jar
Launcher Type: SUN_STANDARD

[Global flags]
     intx CICompilerCount                          = 4                                         {product} {ergonomic}
   size_t CompressedClassSpaceSize                 = 117440512                                 {product} {ergonomic}
     uint ConcGCThreads                            = 3                                         {product} {ergonomic}
     uint G1ConcRefinementThreads                  = 10                                        {product} {ergonomic}
   size_t G1HeapRegionSize                         = 1048576                                   {product} {ergonomic}
    uintx GCDrainStackTargetSize                   = 64                                        {product} {ergonomic}
   size_t InitialHeapSize                          = 134217728                                 {product} {command line}
   size_t MarkStackSize                            = 4194304                                   {product} {ergonomic}
   size_t MaxHeapSize                              = 268435456                                 {product} {command line}
   size_t MaxMetaspaceSize                         = 134217728                                 {product} {command line}
   size_t MaxNewSize                               = 160432128                                 {product} {ergonomic}
   size_t MinHeapDeltaBytes                        = 1048576                                   {product} {ergonomic}
   size_t MinHeapSize                              = 134217728                                 {product} {command line}
    uintx NonNMethodCodeHeapSize                   = 5839372                                {pd product} {ergonomic}
    uintx NonProfiledCodeHeapSize                  = 122909434                              {pd product} {ergonomic}
    uintx ProfiledCodeHeapSize                     = 122909434                              {pd product} {ergonomic}
    uintx ReservedCodeCacheSize                    = 251658240                              {pd product} {ergonomic}
     bool SegmentedCodeCache                       = true                                      {product} {ergonomic}
   size_t SoftMaxHeapSize                          = 268435456                              {manageable} {ergonomic}
     bool UseCompressedClassPointers               = true                           {product lp64_product} {ergonomic}
     bool UseCompressedOops                        = true                           {product lp64_product} {ergonomic}
     bool UseG1GC                                  = true                                      {product} {ergonomic}
     bool UseLargePagesIndividualAllocation        = false                                  {pd product} {ergonomic}

Logging:
Log output configuration:
 #0: stdout all=warning uptime,level,tags
 #1: stderr all=off uptime,level,tags

Environment Variables:
JAVA_HOME=C:\Program Files\Java\jdk-17
PATH=C:\Program Files\Common Files\Oracle\Java\javapath;C:\windows\system32;C:\windows;C:\windows\System32\Wbem;C:\windows\System32\WindowsPowerShell\v1.0\;C:\windows\System32\OpenSSH\;C:\Program Files (x86)\NVIDIA Corporation\PhysX\Common;C:\Program Files\NVIDIA Corporation\NVIDIA NvDLISR;C:\Users\Administrator\AppData\Local\Microsoft\WindowsApps;C:\Program Files\HP\OMEN-Broadcast\Common;C:\Program Files\cursor\resources\app\bin;C:\Program Files\nodejs\;C:\WINDOWS\system32;C:\WINDOWS;C:\WINDOWS\System32\Wbem;C:\WINDOWS\System32\WindowsPowerShell\v1.0\;C:\WINDOWS\System32\OpenSSH\;C:\Program Files\Java\jdk-17\bin;D:\Spring\apache-maven-3.9.16\bin;C:\Program Files\MySQL\MySQL Server 8.0\bin;C:\Program Files\MySQL\MySQL Shell 8.0\bin\;c:\Users\K.Dharunika\AppData\Local\Programs\cursor\resources\app\codeBin;C:\Users\K.Dharunika\AppData\Local\Programs\Python\Python314\Scripts\;C:\Users\K.Dharunika\AppData\Local\Programs\Python\Python314\;C:\Users\K.Dharunika\AppData\Local\Programs\Python\Launcher\;C:\Users\K.Dharunika\AppData\Local\Microsoft\WindowsApps;C:\Users\K.Dharunika\AppData\Roaming\npm;C:\Users\K.Dharunika\AppData\Local\Programs\Microsoft VS Code\bin;C:\Users\K.Dharunika\AppData\Local\Programs\cursor\resources\app\bin;C:\Program Files\Java\jdk-17\bin;D:\Spring\apache-maven-3.9.16\bin;C:\Program Files\nodejs;C:\Program Files\MySQL\MySQL Server 8.0\bin;C:\Users\K.Dharunika\AppData\Local\Programs\Antigravity IDE\bin
USERNAME=K.Dharunika
LANG=en_US.UTF-8
OS=Windows_NT
PROCESSOR_IDENTIFIER=Intel64 Family 6 Model 154 Stepping 3, GenuineIntel



---------------  S Y S T E M  ---------------

OS:
 Windows 11 , 64 bit Build 26100 (10.0.26100.8521)
OS uptime: 0 days 1:12 hours
Hyper-V role detected

CPU: total 12 (initial active 12) (6 cores per cpu, 2 threads per core) family 6 model 154 stepping 3 microcode 0x434, cx8, cmov, fxsr, ht, mmx, 3dnowpref, sse, sse2, sse3, ssse3, sse4.1, sse4.2, popcnt, lzcnt, tsc, tscinvbit, avx, avx2, aes, erms, clmul, bmi1, bmi2, adx, sha, fma, vzeroupper, clflush, clflushopt, clwb, hv

Memory: 4k page, system-wide physical 16024M (3848M free)
TotalPageFile size 18072M (AvailPageFile size 5M)
current process WorkingSet (physical memory assigned to process): 196M, peak: 196M
current process commit charge ("private bytes"): 303M, peak: 305M

vm_info: Java HotSpot(TM) 64-Bit Server VM (17.0.12+8-LTS-286) for windows-amd64 JRE (17.0.12+8-LTS-286), built on Jun  5 2024 06:46:59 by "mach5one" with MS VC++ 17.6 (VS2022)

END.
